The system is: Linux - 4.14.0-115.35.1.3chaos.ch6a.ppc64le - ppc64le
Compiling the CXX compiler identification source file "CMakeCXXCompilerId.cpp" succeeded.
Compiler: /usr/tcetmp/bin/c++ 
Build flags: 
Id flags:  

The output was:
0


Compilation of the CXX compiler identification source "CMakeCXXCompilerId.cpp" produced "a.out"

The CXX compiler identification is GNU, found in "/g/g16/barbeau2/GPU/MLC_PPM/src/CMakeFiles/3.14.5/CompilerIdCXX/a.out"

Compiling the C compiler identification source file "CMakeCCompilerId.c" succeeded.
Compiler: /usr/tcetmp/bin/cc 
Build flags: 
Id flags:  

The output was:
0


Compilation of the C compiler identification source "CMakeCCompilerId.c" produced "a.out"

The C compiler identification is GNU, found in "/g/g16/barbeau2/GPU/MLC_PPM/src/CMakeFiles/3.14.5/CompilerIdC/a.out"

Determining if the CXX compiler works passed with the following output:
Change Dir: /g/g16/barbeau2/GPU/MLC_PPM/src/CMakeFiles/CMakeTmp

Run Build Command(s):/usr/tcetmp/bin/gmake cmTC_09c1f/fast 
/usr/tcetmp/bin/gmake -f CMakeFiles/cmTC_09c1f.dir/build.make CMakeFiles/cmTC_09c1f.dir/build
gmake[1]: Entering directory '/g/g16/barbeau2/GPU/MLC_PPM/src/CMakeFiles/CMakeTmp'
Building CXX object CMakeFiles/cmTC_09c1f.dir/testCXXCompiler.cxx.o
/usr/tcetmp/bin/c++     -o CMakeFiles/cmTC_09c1f.dir/testCXXCompiler.cxx.o -c /g/g16/barbeau2/GPU/MLC_PPM/src/CMakeFiles/CMakeTmp/testCXXCompiler.cxx
Linking CXX executable cmTC_09c1f
/usr/tce/packages/cmake/cmake-3.14.5/bin/cmake -E cmake_link_script CMakeFiles/cmTC_09c1f.dir/link.txt --verbose=1
/usr/tcetmp/bin/c++       CMakeFiles/cmTC_09c1f.dir/testCXXCompiler.cxx.o  -o cmTC_09c1f 
gmake[1]: Leaving directory '/g/g16/barbeau2/GPU/MLC_PPM/src/CMakeFiles/CMakeTmp'


Detecting CXX compiler ABI info compiled with the following output:
Change Dir: /g/g16/barbeau2/GPU/MLC_PPM/src/CMakeFiles/CMakeTmp

Run Build Command(s):/usr/tcetmp/bin/gmake cmTC_c216f/fast 
/usr/tcetmp/bin/gmake -f CMakeFiles/cmTC_c216f.dir/build.make CMakeFiles/cmTC_c216f.dir/build
gmake[1]: Entering directory '/g/g16/barbeau2/GPU/MLC_PPM/src/CMakeFiles/CMakeTmp'
Building CXX object CMakeFiles/cmTC_c216f.dir/CMakeCXXCompilerABI.cpp.o
/usr/tcetmp/bin/c++    -v -o CMakeFiles/cmTC_c216f.dir/CMakeCXXCompilerABI.cpp.o -c /usr/tce/packages/cmake/cmake-3.14.5/share/cmake/Modules/CMakeCXXCompilerABI.cpp
Reading specs from /usr/tce/packages/gcc/gcc-4.9.3/gnu/lib64/gcc/powerpc64le-unknown-linux-gnu/4.9.3/specs
COLLECT_GCC=/usr/tce/packages/gcc/gcc-4.9.3/gnu/bin/c++
Target: powerpc64le-unknown-linux-gnu
Configured with: /builddir/build/BUILD/gccspack/spack/var/spack/stage/gcc-4.9.3-wrtcv2vmjcdbqawlku4lfzmeploo5uuw/gcc-4.9.3/configure --prefix=/usr/tce/packages/gcc/gcc-4.9.3/gnu --prefix=/usr/tce/packages/gcc/gcc-4.9.3/gnu --libdir=/usr/tce/packages/gcc/gcc-4.9.3/gnu/lib64 --disable-multilib --enable-languages=fortran,c,java,objc,c++ --with-mpc=/builddir/build/BUILD/gccspack/spack/opt/spack/linux-rhel7-ppc64le/gcc-4.8.5/mpc-1.0.3-omkclnkbg5sttyjbmiyaw2lnnhkyc5ul --with-mpfr=/builddir/build/BUILD/gccspack/spack/opt/spack/linux-rhel7-ppc64le/gcc-4.8.5/mpfr-3.1.5-rd6q42t6n2ndi3k6lmyoijwesiay5pwr --with-gmp=/builddir/build/BUILD/gccspack/spack/opt/spack/linux-rhel7-ppc64le/gcc-4.8.5/gmp-6.1.0-gfzbrglxig67w22ejob64amrkv7y6x53 --enable-lto --with-quad
Thread model: posix
gcc version 4.9.3 (GCC) 
COLLECT_GCC_OPTIONS='-v' '-o' 'CMakeFiles/cmTC_c216f.dir/CMakeCXXCompilerABI.cpp.o' '-c' '-shared-libgcc'
 /usr/tce/packages/gcc/gcc-4.9.3/gnu/libexec/gcc/powerpc64le-unknown-linux-gnu/4.9.3/cc1plus -quiet -v -D_GNU_SOURCE -D__unix__ -D__gnu_linux__ -D__linux__ -Dunix -D__unix -Dlinux -D__linux -Asystem=linux -Asystem=unix -Asystem=posix /usr/tce/packages/cmake/cmake-3.14.5/share/cmake/Modules/CMakeCXXCompilerABI.cpp -quiet -dumpbase CMakeCXXCompilerABI.cpp -auxbase-strip CMakeFiles/cmTC_c216f.dir/CMakeCXXCompilerABI.cpp.o -version -o /var/tmp/cc35Oenm.s
GNU C++ (GCC) version 4.9.3 (powerpc64le-unknown-linux-gnu)
	compiled by GNU C version 4.9.3, GMP version 6.1.0, MPFR version 3.1.5, MPC version 1.0.3
warning: GMP header version 6.1.0 differs from library version 6.0.0.
warning: MPFR header version 3.1.5 differs from library version 3.1.1.
warning: MPC header version 1.0.3 differs from library version 1.0.1.
GGC heuristics: --param ggc-min-expand=100 --param ggc-min-heapsize=131072
ignoring nonexistent directory "/usr/tce/packages/gcc/gcc-4.9.3/gnu/lib64/gcc/powerpc64le-unknown-linux-gnu/4.9.3/../../../../powerpc64le-unknown-linux-gnu/include"
#include "..." search starts here:
#include <...> search starts here:
 /usr/tce/packages/gcc/gcc-4.9.3/gnu/lib64/gcc/powerpc64le-unknown-linux-gnu/4.9.3/../../../../include/c++/4.9.3
 /usr/tce/packages/gcc/gcc-4.9.3/gnu/lib64/gcc/powerpc64le-unknown-linux-gnu/4.9.3/../../../../include/c++/4.9.3/powerpc64le-unknown-linux-gnu
 /usr/tce/packages/gcc/gcc-4.9.3/gnu/lib64/gcc/powerpc64le-unknown-linux-gnu/4.9.3/../../../../include/c++/4.9.3/backward
 /usr/tce/packages/gcc/gcc-4.9.3/gnu/lib64/gcc/powerpc64le-unknown-linux-gnu/4.9.3/include
 /usr/local/include
 /usr/tce/packages/gcc/gcc-4.9.3/gnu/include
 /usr/tce/packages/gcc/gcc-4.9.3/gnu/lib64/gcc/powerpc64le-unknown-linux-gnu/4.9.3/include-fixed
 /usr/include
End of search list.
GNU C++ (GCC) version 4.9.3 (powerpc64le-unknown-linux-gnu)
	compiled by GNU C version 4.9.3, GMP version 6.1.0, MPFR version 3.1.5, MPC version 1.0.3
warning: GMP header version 6.1.0 differs from library version 6.0.0.
warning: MPFR header version 3.1.5 differs from library version 3.1.1.
warning: MPC header version 1.0.3 differs from library version 1.0.1.
GGC heuristics: --param ggc-min-expand=100 --param ggc-min-heapsize=131072
Compiler executable checksum: 7ddf6164d8a7fc8bb2e879f349caa044
COLLECT_GCC_OPTIONS='-v' '-o' 'CMakeFiles/cmTC_c216f.dir/CMakeCXXCompilerABI.cpp.o' '-c' '-shared-libgcc'
 as -v -a64 -mppc64 -many -mlittle -o CMakeFiles/cmTC_c216f.dir/CMakeCXXCompilerABI.cpp.o /var/tmp/cc35Oenm.s
GNU assembler version 2.27 (ppc64le-redhat-linux) using BFD version version 2.27-44.base.el7
COMPILER_PATH=/usr/tce/packages/gcc/gcc-4.9.3/gnu/libexec/gcc/powerpc64le-unknown-linux-gnu/4.9.3/:/usr/tce/packages/gcc/gcc-4.9.3/gnu/libexec/gcc/powerpc64le-unknown-linux-gnu/4.9.3/:/usr/tce/packages/gcc/gcc-4.9.3/gnu/libexec/gcc/powerpc64le-unknown-linux-gnu/:/usr/tce/packages/gcc/gcc-4.9.3/gnu/lib64/gcc/powerpc64le-unknown-linux-gnu/4.9.3/:/usr/tce/packages/gcc/gcc-4.9.3/gnu/lib64/gcc/powerpc64le-unknown-linux-gnu/
LIBRARY_PATH=/usr/tce/packages/gcc/gcc-4.9.3/gnu/lib64/gcc/powerpc64le-unknown-linux-gnu/4.9.3/:/usr/tce/packages/gcc/gcc-4.9.3/gnu/lib64/gcc/powerpc64le-unknown-linux-gnu/4.9.3/../../../../lib64/:/lib/../lib64/:/usr/lib/../lib64/:/usr/tce/packages/gcc/gcc-4.9.3/gnu/lib64/gcc/powerpc64le-unknown-linux-gnu/4.9.3/../../../:/lib/:/usr/lib/
COLLECT_GCC_OPTIONS='-v' '-o' 'CMakeFiles/cmTC_c216f.dir/CMakeCXXCompilerABI.cpp.o' '-c' '-shared-libgcc'
Linking CXX executable cmTC_c216f
/usr/tce/packages/cmake/cmake-3.14.5/bin/cmake -E cmake_link_script CMakeFiles/cmTC_c216f.dir/link.txt --verbose=1
/usr/tcetmp/bin/c++      -v CMakeFiles/cmTC_c216f.dir/CMakeCXXCompilerABI.cpp.o  -o cmTC_c216f 
Reading specs from /usr/tce/packages/gcc/gcc-4.9.3/gnu/lib64/gcc/powerpc64le-unknown-linux-gnu/4.9.3/specs
COLLECT_GCC=/usr/tce/packages/gcc/gcc-4.9.3/gnu/bin/c++
COLLECT_LTO_WRAPPER=/usr/tce/packages/gcc/gcc-4.9.3/gnu/libexec/gcc/powerpc64le-unknown-linux-gnu/4.9.3/lto-wrapper
Target: powerpc64le-unknown-linux-gnu
Configured with: /builddir/build/BUILD/gccspack/spack/var/spack/stage/gcc-4.9.3-wrtcv2vmjcdbqawlku4lfzmeploo5uuw/gcc-4.9.3/configure --prefix=/usr/tce/packages/gcc/gcc-4.9.3/gnu --prefix=/usr/tce/packages/gcc/gcc-4.9.3/gnu --libdir=/usr/tce/packages/gcc/gcc-4.9.3/gnu/lib64 --disable-multilib --enable-languages=fortran,c,java,objc,c++ --with-mpc=/builddir/build/BUILD/gccspack/spack/opt/spack/linux-rhel7-ppc64le/gcc-4.8.5/mpc-1.0.3-omkclnkbg5sttyjbmiyaw2lnnhkyc5ul --with-mpfr=/builddir/build/BUILD/gccspack/spack/opt/spack/linux-rhel7-ppc64le/gcc-4.8.5/mpfr-3.1.5-rd6q42t6n2ndi3k6lmyoijwesiay5pwr --with-gmp=/builddir/build/BUILD/gccspack/spack/opt/spack/linux-rhel7-ppc64le/gcc-4.8.5/gmp-6.1.0-gfzbrglxig67w22ejob64amrkv7y6x53 --enable-lto --with-quad
Thread model: posix
gcc version 4.9.3 (GCC) 
COMPILER_PATH=/usr/tce/packages/gcc/gcc-4.9.3/gnu/libexec/gcc/powerpc64le-unknown-linux-gnu/4.9.3/:/usr/tce/packages/gcc/gcc-4.9.3/gnu/libexec/gcc/powerpc64le-unknown-linux-gnu/4.9.3/:/usr/tce/packages/gcc/gcc-4.9.3/gnu/libexec/gcc/powerpc64le-unknown-linux-gnu/:/usr/tce/packages/gcc/gcc-4.9.3/gnu/lib64/gcc/powerpc64le-unknown-linux-gnu/4.9.3/:/usr/tce/packages/gcc/gcc-4.9.3/gnu/lib64/gcc/powerpc64le-unknown-linux-gnu/
LIBRARY_PATH=/usr/tce/packages/gcc/gcc-4.9.3/gnu/lib64/gcc/powerpc64le-unknown-linux-gnu/4.9.3/:/usr/tce/packages/gcc/gcc-4.9.3/gnu/lib64/gcc/powerpc64le-unknown-linux-gnu/4.9.3/../../../../lib64/:/lib/../lib64/:/usr/lib/../lib64/:/usr/tce/packages/gcc/gcc-4.9.3/gnu/lib64/gcc/powerpc64le-unknown-linux-gnu/4.9.3/../../../:/lib/:/usr/lib/
COLLECT_GCC_OPTIONS='-v' '-o' 'cmTC_c216f' '-shared-libgcc'
 /usr/tce/packages/gcc/gcc-4.9.3/gnu/libexec/gcc/powerpc64le-unknown-linux-gnu/4.9.3/collect2 -plugin /usr/tce/packages/gcc/gcc-4.9.3/gnu/libexec/gcc/powerpc64le-unknown-linux-gnu/4.9.3/liblto_plugin.so -plugin-opt=/usr/tce/packages/gcc/gcc-4.9.3/gnu/libexec/gcc/powerpc64le-unknown-linux-gnu/4.9.3/lto-wrapper -plugin-opt=-fresolution=/var/tmp/cca4lBND.res -plugin-opt=-pass-through=-lgcc_s -plugin-opt=-pass-through=-lgcc -plugin-opt=-pass-through=-lc -plugin-opt=-pass-through=-lgcc_s -plugin-opt=-pass-through=-lgcc -rpath /usr/tce/packages/gcc/gcc-4.9.3/gnu/lib:/usr/tce/packages/gcc/gcc-4.9.3/gnu/lib64 --eh-frame-hdr -V -m elf64lppc -dynamic-linker /lib64/ld64.so.2 -o cmTC_c216f /lib/../lib64/crt1.o /lib/../lib64/crti.o /usr/tce/packages/gcc/gcc-4.9.3/gnu/lib64/gcc/powerpc64le-unknown-linux-gnu/4.9.3/crtbegin.o -L/usr/tce/packages/gcc/gcc-4.9.3/gnu/lib64/gcc/powerpc64le-unknown-linux-gnu/4.9.3 -L/usr/tce/packages/gcc/gcc-4.9.3/gnu/lib64/gcc/powerpc64le-unknown-linux-gnu/4.9.3/../../../../lib64 -L/lib/../lib64 -L/usr/lib/../lib64 -L/usr/tce/packages/gcc/gcc-4.9.3/gnu/lib64/gcc/powerpc64le-unknown-linux-gnu/4.9.3/../../.. CMakeFiles/cmTC_c216f.dir/CMakeCXXCompilerABI.cpp.o -lstdc++ -lm -lgcc_s -lgcc -lc -lgcc_s -lgcc /usr/tce/packages/gcc/gcc-4.9.3/gnu/lib64/gcc/powerpc64le-unknown-linux-gnu/4.9.3/crtend.o /lib/../lib64/crtn.o
GNU ld version 2.27-44.base.el7
  Supported emulations:
   elf64lppc
   elf32ppc
   elf32ppclinux
   elf32ppcsim
   elf32lppc
   elf32lppclinux
   elf32lppcsim
   elf64ppc
gmake[1]: Leaving directory '/g/g16/barbeau2/GPU/MLC_PPM/src/CMakeFiles/CMakeTmp'


Parsed CXX implicit include dir info from above output: rv=done
  found start of include info
  found start of implicit include info
    add: [/usr/tce/packages/gcc/gcc-4.9.3/gnu/lib64/gcc/powerpc64le-unknown-linux-gnu/4.9.3/../../../../include/c++/4.9.3]
    add: [/usr/tce/packages/gcc/gcc-4.9.3/gnu/lib64/gcc/powerpc64le-unknown-linux-gnu/4.9.3/../../../../include/c++/4.9.3/powerpc64le-unknown-linux-gnu]
    add: [/usr/tce/packages/gcc/gcc-4.9.3/gnu/lib64/gcc/powerpc64le-unknown-linux-gnu/4.9.3/../../../../include/c++/4.9.3/backward]
    add: [/usr/tce/packages/gcc/gcc-4.9.3/gnu/lib64/gcc/powerpc64le-unknown-linux-gnu/4.9.3/include]
    add: [/usr/local/include]
    add: [/usr/tce/packages/gcc/gcc-4.9.3/gnu/include]
    add: [/usr/tce/packages/gcc/gcc-4.9.3/gnu/lib64/gcc/powerpc64le-unknown-linux-gnu/4.9.3/include-fixed]
    add: [/usr/include]
  end of search list found
  collapse include dir [/usr/tce/packages/gcc/gcc-4.9.3/gnu/lib64/gcc/powerpc64le-unknown-linux-gnu/4.9.3/../../../../include/c++/4.9.3] ==> [/usr/tce/packages/gcc/gcc-4.9.3/gnu/include/c++/4.9.3]
  collapse include dir [/usr/tce/packages/gcc/gcc-4.9.3/gnu/lib64/gcc/powerpc64le-unknown-linux-gnu/4.9.3/../../../../include/c++/4.9.3/powerpc64le-unknown-linux-gnu] ==> [/usr/tce/packages/gcc/gcc-4.9.3/gnu/include/c++/4.9.3/powerpc64le-unknown-linux-gnu]
  collapse include dir [/usr/tce/packages/gcc/gcc-4.9.3/gnu/lib64/gcc/powerpc64le-unknown-linux-gnu/4.9.3/../../../../include/c++/4.9.3/backward] ==> [/usr/tce/packages/gcc/gcc-4.9.3/gnu/include/c++/4.9.3/backward]
  collapse include dir [/usr/tce/packages/gcc/gcc-4.9.3/gnu/lib64/gcc/powerpc64le-unknown-linux-gnu/4.9.3/include] ==> [/usr/tce/packages/gcc/gcc-4.9.3/gnu/lib64/gcc/powerpc64le-unknown-linux-gnu/4.9.3/include]
  collapse include dir [/usr/local/include] ==> [/usr/local/include]
  collapse include dir [/usr/tce/packages/gcc/gcc-4.9.3/gnu/include] ==> [/usr/tce/packages/gcc/gcc-4.9.3/gnu/include]
  collapse include dir [/usr/tce/packages/gcc/gcc-4.9.3/gnu/lib64/gcc/powerpc64le-unknown-linux-gnu/4.9.3/include-fixed] ==> [/usr/tce/packages/gcc/gcc-4.9.3/gnu/lib64/gcc/powerpc64le-unknown-linux-gnu/4.9.3/include-fixed]
  collapse include dir [/usr/include] ==> [/usr/include]
  implicit include dirs: [/usr/tce/packages/gcc/gcc-4.9.3/gnu/include/c++/4.9.3;/usr/tce/packages/gcc/gcc-4.9.3/gnu/include/c++/4.9.3/powerpc64le-unknown-linux-gnu;/usr/tce/packages/gcc/gcc-4.9.3/gnu/include/c++/4.9.3/backward;/usr/tce/packages/gcc/gcc-4.9.3/gnu/lib64/gcc/powerpc64le-unknown-linux-gnu/4.9.3/include;/usr/local/include;/usr/tce/packages/gcc/gcc-4.9.3/gnu/include;/usr/tce/packages/gcc/gcc-4.9.3/gnu/lib64/gcc/powerpc64le-unknown-linux-gnu/4.9.3/include-fixed;/usr/include]


Parsed CXX implicit link information from above output:
  link line regex: [^( *|.*[/\])(ld|CMAKE_LINK_STARTFILE-NOTFOUND|([^/\]+-)?ld|collect2)[^/\]*( |$)]
  ignore line: [Change Dir: /g/g16/barbeau2/GPU/MLC_PPM/src/CMakeFiles/CMakeTmp]
  ignore line: []
  ignore line: [Run Build Command(s):/usr/tcetmp/bin/gmake cmTC_c216f/fast ]
  ignore line: [/usr/tcetmp/bin/gmake -f CMakeFiles/cmTC_c216f.dir/build.make CMakeFiles/cmTC_c216f.dir/build]
  ignore line: [gmake[1]: Entering directory '/g/g16/barbeau2/GPU/MLC_PPM/src/CMakeFiles/CMakeTmp']
  ignore line: [Building CXX object CMakeFiles/cmTC_c216f.dir/CMakeCXXCompilerABI.cpp.o]
  ignore line: [/usr/tcetmp/bin/c++    -v -o CMakeFiles/cmTC_c216f.dir/CMakeCXXCompilerABI.cpp.o -c /usr/tce/packages/cmake/cmake-3.14.5/share/cmake/Modules/CMakeCXXCompilerABI.cpp]
  ignore line: [Reading specs from /usr/tce/packages/gcc/gcc-4.9.3/gnu/lib64/gcc/powerpc64le-unknown-linux-gnu/4.9.3/specs]
  ignore line: [COLLECT_GCC=/usr/tce/packages/gcc/gcc-4.9.3/gnu/bin/c++]
  ignore line: [Target: powerpc64le-unknown-linux-gnu]
  ignore line: [Configured with: /builddir/build/BUILD/gccspack/spack/var/spack/stage/gcc-4.9.3-wrtcv2vmjcdbqawlku4lfzmeploo5uuw/gcc-4.9.3/configure --prefix=/usr/tce/packages/gcc/gcc-4.9.3/gnu --prefix=/usr/tce/packages/gcc/gcc-4.9.3/gnu --libdir=/usr/tce/packages/gcc/gcc-4.9.3/gnu/lib64 --disable-multilib --enable-languages=fortran,c,java,objc,c++ --with-mpc=/builddir/build/BUILD/gccspack/spack/opt/spack/linux-rhel7-ppc64le/gcc-4.8.5/mpc-1.0.3-omkclnkbg5sttyjbmiyaw2lnnhkyc5ul --with-mpfr=/builddir/build/BUILD/gccspack/spack/opt/spack/linux-rhel7-ppc64le/gcc-4.8.5/mpfr-3.1.5-rd6q42t6n2ndi3k6lmyoijwesiay5pwr --with-gmp=/builddir/build/BUILD/gccspack/spack/opt/spack/linux-rhel7-ppc64le/gcc-4.8.5/gmp-6.1.0-gfzbrglxig67w22ejob64amrkv7y6x53 --enable-lto --with-quad]
  ignore line: [Thread model: posix]
  ignore line: [gcc version 4.9.3 (GCC) ]
  ignore line: [COLLECT_GCC_OPTIONS='-v' '-o' 'CMakeFiles/cmTC_c216f.dir/CMakeCXXCompilerABI.cpp.o' '-c' '-shared-libgcc']
  ignore line: [ /usr/tce/packages/gcc/gcc-4.9.3/gnu/libexec/gcc/powerpc64le-unknown-linux-gnu/4.9.3/cc1plus -quiet -v -D_GNU_SOURCE -D__unix__ -D__gnu_linux__ -D__linux__ -Dunix -D__unix -Dlinux -D__linux -Asystem=linux -Asystem=unix -Asystem=posix /usr/tce/packages/cmake/cmake-3.14.5/share/cmake/Modules/CMakeCXXCompilerABI.cpp -quiet -dumpbase CMakeCXXCompilerABI.cpp -auxbase-strip CMakeFiles/cmTC_c216f.dir/CMakeCXXCompilerABI.cpp.o -version -o /var/tmp/cc35Oenm.s]
  ignore line: [GNU C++ (GCC) version 4.9.3 (powerpc64le-unknown-linux-gnu)]
  ignore line: [	compiled by GNU C version 4.9.3, GMP version 6.1.0, MPFR version 3.1.5, MPC version 1.0.3]
  ignore line: [warning: GMP header version 6.1.0 differs from library version 6.0.0.]
  ignore line: [warning: MPFR header version 3.1.5 differs from library version 3.1.1.]
  ignore line: [warning: MPC header version 1.0.3 differs from library version 1.0.1.]
  ignore line: [GGC heuristics: --param ggc-min-expand=100 --param ggc-min-heapsize=131072]
  ignore line: [ignoring nonexistent directory "/usr/tce/packages/gcc/gcc-4.9.3/gnu/lib64/gcc/powerpc64le-unknown-linux-gnu/4.9.3/../../../../powerpc64le-unknown-linux-gnu/include"]
  ignore line: [#include "..." search starts here:]
  ignore line: [#include <...> search starts here:]
  ignore line: [ /usr/tce/packages/gcc/gcc-4.9.3/gnu/lib64/gcc/powerpc64le-unknown-linux-gnu/4.9.3/../../../../include/c++/4.9.3]
  ignore line: [ /usr/tce/packages/gcc/gcc-4.9.3/gnu/lib64/gcc/powerpc64le-unknown-linux-gnu/4.9.3/../../../../include/c++/4.9.3/powerpc64le-unknown-linux-gnu]
  ignore line: [ /usr/tce/packages/gcc/gcc-4.9.3/gnu/lib64/gcc/powerpc64le-unknown-linux-gnu/4.9.3/../../../../include/c++/4.9.3/backward]
  ignore line: [ /usr/tce/packages/gcc/gcc-4.9.3/gnu/lib64/gcc/powerpc64le-unknown-linux-gnu/4.9.3/include]
  ignore line: [ /usr/local/include]
  ignore line: [ /usr/tce/packages/gcc/gcc-4.9.3/gnu/include]
  ignore line: [ /usr/tce/packages/gcc/gcc-4.9.3/gnu/lib64/gcc/powerpc64le-unknown-linux-gnu/4.9.3/include-fixed]
  ignore line: [ /usr/include]
  ignore line: [End of search list.]
  ignore line: [GNU C++ (GCC) version 4.9.3 (powerpc64le-unknown-linux-gnu)]
  ignore line: [	compiled by GNU C version 4.9.3, GMP version 6.1.0, MPFR version 3.1.5, MPC version 1.0.3]
  ignore line: [warning: GMP header version 6.1.0 differs from library version 6.0.0.]
  ignore line: [warning: MPFR header version 3.1.5 differs from library version 3.1.1.]
  ignore line: [warning: MPC header version 1.0.3 differs from library version 1.0.1.]
  ignore line: [GGC heuristics: --param ggc-min-expand=100 --param ggc-min-heapsize=131072]
  ignore line: [Compiler executable checksum: 7ddf6164d8a7fc8bb2e879f349caa044]
  ignore line: [COLLECT_GCC_OPTIONS='-v' '-o' 'CMakeFiles/cmTC_c216f.dir/CMakeCXXCompilerABI.cpp.o' '-c' '-shared-libgcc']
  ignore line: [ as -v -a64 -mppc64 -many -mlittle -o CMakeFiles/cmTC_c216f.dir/CMakeCXXCompilerABI.cpp.o /var/tmp/cc35Oenm.s]
  ignore line: [GNU assembler version 2.27 (ppc64le-redhat-linux) using BFD version version 2.27-44.base.el7]
  ignore line: [COMPILER_PATH=/usr/tce/packages/gcc/gcc-4.9.3/gnu/libexec/gcc/powerpc64le-unknown-linux-gnu/4.9.3/:/usr/tce/packages/gcc/gcc-4.9.3/gnu/libexec/gcc/powerpc64le-unknown-linux-gnu/4.9.3/:/usr/tce/packages/gcc/gcc-4.9.3/gnu/libexec/gcc/powerpc64le-unknown-linux-gnu/:/usr/tce/packages/gcc/gcc-4.9.3/gnu/lib64/gcc/powerpc64le-unknown-linux-gnu/4.9.3/:/usr/tce/packages/gcc/gcc-4.9.3/gnu/lib64/gcc/powerpc64le-unknown-linux-gnu/]
  ignore line: [LIBRARY_PATH=/usr/tce/packages/gcc/gcc-4.9.3/gnu/lib64/gcc/powerpc64le-unknown-linux-gnu/4.9.3/:/usr/tce/packages/gcc/gcc-4.9.3/gnu/lib64/gcc/powerpc64le-unknown-linux-gnu/4.9.3/../../../../lib64/:/lib/../lib64/:/usr/lib/../lib64/:/usr/tce/packages/gcc/gcc-4.9.3/gnu/lib64/gcc/powerpc64le-unknown-linux-gnu/4.9.3/../../../:/lib/:/usr/lib/]
  ignore line: [COLLECT_GCC_OPTIONS='-v' '-o' 'CMakeFiles/cmTC_c216f.dir/CMakeCXXCompilerABI.cpp.o' '-c' '-shared-libgcc']
  ignore line: [Linking CXX executable cmTC_c216f]
  ignore line: [/usr/tce/packages/cmake/cmake-3.14.5/bin/cmake -E cmake_link_script CMakeFiles/cmTC_c216f.dir/link.txt --verbose=1]
  ignore line: [/usr/tcetmp/bin/c++      -v CMakeFiles/cmTC_c216f.dir/CMakeCXXCompilerABI.cpp.o  -o cmTC_c216f ]
  ignore line: [Reading specs from /usr/tce/packages/gcc/gcc-4.9.3/gnu/lib64/gcc/powerpc64le-unknown-linux-gnu/4.9.3/specs]
  ignore line: [COLLECT_GCC=/usr/tce/packages/gcc/gcc-4.9.3/gnu/bin/c++]
  ignore line: [COLLECT_LTO_WRAPPER=/usr/tce/packages/gcc/gcc-4.9.3/gnu/libexec/gcc/powerpc64le-unknown-linux-gnu/4.9.3/lto-wrapper]
  ignore line: [Target: powerpc64le-unknown-linux-gnu]
  ignore line: [Configured with: /builddir/build/BUILD/gccspack/spack/var/spack/stage/gcc-4.9.3-wrtcv2vmjcdbqawlku4lfzmeploo5uuw/gcc-4.9.3/configure --prefix=/usr/tce/packages/gcc/gcc-4.9.3/gnu --prefix=/usr/tce/packages/gcc/gcc-4.9.3/gnu --libdir=/usr/tce/packages/gcc/gcc-4.9.3/gnu/lib64 --disable-multilib --enable-languages=fortran,c,java,objc,c++ --with-mpc=/builddir/build/BUILD/gccspack/spack/opt/spack/linux-rhel7-ppc64le/gcc-4.8.5/mpc-1.0.3-omkclnkbg5sttyjbmiyaw2lnnhkyc5ul --with-mpfr=/builddir/build/BUILD/gccspack/spack/opt/spack/linux-rhel7-ppc64le/gcc-4.8.5/mpfr-3.1.5-rd6q42t6n2ndi3k6lmyoijwesiay5pwr --with-gmp=/builddir/build/BUILD/gccspack/spack/opt/spack/linux-rhel7-ppc64le/gcc-4.8.5/gmp-6.1.0-gfzbrglxig67w22ejob64amrkv7y6x53 --enable-lto --with-quad]
  ignore line: [Thread model: posix]
  ignore line: [gcc version 4.9.3 (GCC) ]
  ignore line: [COMPILER_PATH=/usr/tce/packages/gcc/gcc-4.9.3/gnu/libexec/gcc/powerpc64le-unknown-linux-gnu/4.9.3/:/usr/tce/packages/gcc/gcc-4.9.3/gnu/libexec/gcc/powerpc64le-unknown-linux-gnu/4.9.3/:/usr/tce/packages/gcc/gcc-4.9.3/gnu/libexec/gcc/powerpc64le-unknown-linux-gnu/:/usr/tce/packages/gcc/gcc-4.9.3/gnu/lib64/gcc/powerpc64le-unknown-linux-gnu/4.9.3/:/usr/tce/packages/gcc/gcc-4.9.3/gnu/lib64/gcc/powerpc64le-unknown-linux-gnu/]
  ignore line: [LIBRARY_PATH=/usr/tce/packages/gcc/gcc-4.9.3/gnu/lib64/gcc/powerpc64le-unknown-linux-gnu/4.9.3/:/usr/tce/packages/gcc/gcc-4.9.3/gnu/lib64/gcc/powerpc64le-unknown-linux-gnu/4.9.3/../../../../lib64/:/lib/../lib64/:/usr/lib/../lib64/:/usr/tce/packages/gcc/gcc-4.9.3/gnu/lib64/gcc/powerpc64le-unknown-linux-gnu/4.9.3/../../../:/lib/:/usr/lib/]
  ignore line: [COLLECT_GCC_OPTIONS='-v' '-o' 'cmTC_c216f' '-shared-libgcc']
  link line: [ /usr/tce/packages/gcc/gcc-4.9.3/gnu/libexec/gcc/powerpc64le-unknown-linux-gnu/4.9.3/collect2 -plugin /usr/tce/packages/gcc/gcc-4.9.3/gnu/libexec/gcc/powerpc64le-unknown-linux-gnu/4.9.3/liblto_plugin.so -plugin-opt=/usr/tce/packages/gcc/gcc-4.9.3/gnu/libexec/gcc/powerpc64le-unknown-linux-gnu/4.9.3/lto-wrapper -plugin-opt=-fresolution=/var/tmp/cca4lBND.res -plugin-opt=-pass-through=-lgcc_s -plugin-opt=-pass-through=-lgcc -plugin-opt=-pass-through=-lc -plugin-opt=-pass-through=-lgcc_s -plugin-opt=-pass-through=-lgcc -rpath /usr/tce/packages/gcc/gcc-4.9.3/gnu/lib:/usr/tce/packages/gcc/gcc-4.9.3/gnu/lib64 --eh-frame-hdr -V -m elf64lppc -dynamic-linker /lib64/ld64.so.2 -o cmTC_c216f /lib/../lib64/crt1.o /lib/../lib64/crti.o /usr/tce/packages/gcc/gcc-4.9.3/gnu/lib64/gcc/powerpc64le-unknown-linux-gnu/4.9.3/crtbegin.o -L/usr/tce/packages/gcc/gcc-4.9.3/gnu/lib64/gcc/powerpc64le-unknown-linux-gnu/4.9.3 -L/usr/tce/packages/gcc/gcc-4.9.3/gnu/lib64/gcc/powerpc64le-unknown-linux-gnu/4.9.3/../../../../lib64 -L/lib/../lib64 -L/usr/lib/../lib64 -L/usr/tce/packages/gcc/gcc-4.9.3/gnu/lib64/gcc/powerpc64le-unknown-linux-gnu/4.9.3/../../.. CMakeFiles/cmTC_c216f.dir/CMakeCXXCompilerABI.cpp.o -lstdc++ -lm -lgcc_s -lgcc -lc -lgcc_s -lgcc /usr/tce/packages/gcc/gcc-4.9.3/gnu/lib64/gcc/powerpc64le-unknown-linux-gnu/4.9.3/crtend.o /lib/../lib64/crtn.o]
    arg [/usr/tce/packages/gcc/gcc-4.9.3/gnu/libexec/gcc/powerpc64le-unknown-linux-gnu/4.9.3/collect2] ==> ignore
    arg [-plugin] ==> ignore
    arg [/usr/tce/packages/gcc/gcc-4.9.3/gnu/libexec/gcc/powerpc64le-unknown-linux-gnu/4.9.3/liblto_plugin.so] ==> ignore
    arg [-plugin-opt=/usr/tce/packages/gcc/gcc-4.9.3/gnu/libexec/gcc/powerpc64le-unknown-linux-gnu/4.9.3/lto-wrapper] ==> ignore
    arg [-plugin-opt=-fresolution=/var/tmp/cca4lBND.res] ==> ignore
    arg [-plugin-opt=-pass-through=-lgcc_s] ==> ignore
    arg [-plugin-opt=-pass-through=-lgcc] ==> ignore
    arg [-plugin-opt=-pass-through=-lc] ==> ignore
    arg [-plugin-opt=-pass-through=-lgcc_s] ==> ignore
    arg [-plugin-opt=-pass-through=-lgcc] ==> ignore
    arg [-rpath] ==> ignore
    arg [/usr/tce/packages/gcc/gcc-4.9.3/gnu/lib:/usr/tce/packages/gcc/gcc-4.9.3/gnu/lib64] ==> ignore
    arg [--eh-frame-hdr] ==> ignore
    arg [-V] ==> ignore
    arg [-m] ==> ignore
    arg [elf64lppc] ==> ignore
    arg [-dynamic-linker] ==> ignore
    arg [/lib64/ld64.so.2] ==> ignore
    arg [-o] ==> ignore
    arg [cmTC_c216f] ==> ignore
    arg [/lib/../lib64/crt1.o] ==> ignore
    arg [/lib/../lib64/crti.o] ==> ignore
    arg [/usr/tce/packages/gcc/gcc-4.9.3/gnu/lib64/gcc/powerpc64le-unknown-linux-gnu/4.9.3/crtbegin.o] ==> ignore
    arg [-L/usr/tce/packages/gcc/gcc-4.9.3/gnu/lib64/gcc/powerpc64le-unknown-linux-gnu/4.9.3] ==> dir [/usr/tce/packages/gcc/gcc-4.9.3/gnu/lib64/gcc/powerpc64le-unknown-linux-gnu/4.9.3]
    arg [-L/usr/tce/packages/gcc/gcc-4.9.3/gnu/lib64/gcc/powerpc64le-unknown-linux-gnu/4.9.3/../../../../lib64] ==> dir [/usr/tce/packages/gcc/gcc-4.9.3/gnu/lib64/gcc/powerpc64le-unknown-linux-gnu/4.9.3/../../../../lib64]
    arg [-L/lib/../lib64] ==> dir [/lib/../lib64]
    arg [-L/usr/lib/../lib64] ==> dir [/usr/lib/../lib64]
    arg [-L/usr/tce/packages/gcc/gcc-4.9.3/gnu/lib64/gcc/powerpc64le-unknown-linux-gnu/4.9.3/../../..] ==> dir [/usr/tce/packages/gcc/gcc-4.9.3/gnu/lib64/gcc/powerpc64le-unknown-linux-gnu/4.9.3/../../..]
    arg [CMakeFiles/cmTC_c216f.dir/CMakeCXXCompilerABI.cpp.o] ==> ignore
    arg [-lstdc++] ==> lib [stdc++]
    arg [-lm] ==> lib [m]
    arg [-lgcc_s] ==> lib [gcc_s]
    arg [-lgcc] ==> lib [gcc]
    arg [-lc] ==> lib [c]
    arg [-lgcc_s] ==> lib [gcc_s]
    arg [-lgcc] ==> lib [gcc]
    arg [/usr/tce/packages/gcc/gcc-4.9.3/gnu/lib64/gcc/powerpc64le-unknown-linux-gnu/4.9.3/crtend.o] ==> ignore
    arg [/lib/../lib64/crtn.o] ==> ignore
  collapse library dir [/usr/tce/packages/gcc/gcc-4.9.3/gnu/lib64/gcc/powerpc64le-unknown-linux-gnu/4.9.3] ==> [/usr/tce/packages/gcc/gcc-4.9.3/gnu/lib64/gcc/powerpc64le-unknown-linux-gnu/4.9.3]
  collapse library dir [/usr/tce/packages/gcc/gcc-4.9.3/gnu/lib64/gcc/powerpc64le-unknown-linux-gnu/4.9.3/../../../../lib64] ==> [/usr/tce/packages/gcc/gcc-4.9.3/gnu/lib64]
  collapse library dir [/lib/../lib64] ==> [/lib64]
  collapse library dir [/usr/lib/../lib64] ==> [/usr/lib64]
  collapse library dir [/usr/tce/packages/gcc/gcc-4.9.3/gnu/lib64/gcc/powerpc64le-unknown-linux-gnu/4.9.3/../../..] ==> [/usr/tce/packages/gcc/gcc-4.9.3/gnu/lib64]
  implicit libs: [stdc++;m;gcc_s;gcc;c;gcc_s;gcc]
  implicit dirs: [/usr/tce/packages/gcc/gcc-4.9.3/gnu/lib64/gcc/powerpc64le-unknown-linux-gnu/4.9.3;/usr/tce/packages/gcc/gcc-4.9.3/gnu/lib64;/lib64;/usr/lib64]
  implicit fwks: []




Detecting CXX [-std=c++14] compiler features compiled with the following output:
Change Dir: /g/g16/barbeau2/GPU/MLC_PPM/src/CMakeFiles/CMakeTmp

Run Build Command(s):/usr/tcetmp/bin/gmake cmTC_c3642/fast 
/usr/tcetmp/bin/gmake -f CMakeFiles/cmTC_c3642.dir/build.make CMakeFiles/cmTC_c3642.dir/build
gmake[1]: Entering directory '/g/g16/barbeau2/GPU/MLC_PPM/src/CMakeFiles/CMakeTmp'
Building CXX object CMakeFiles/cmTC_c3642.dir/feature_tests.cxx.o
/usr/tcetmp/bin/c++    -std=c++14 -o CMakeFiles/cmTC_c3642.dir/feature_tests.cxx.o -c /g/g16/barbeau2/GPU/MLC_PPM/src/CMakeFiles/feature_tests.cxx
Linking CXX executable cmTC_c3642
/usr/tce/packages/cmake/cmake-3.14.5/bin/cmake -E cmake_link_script CMakeFiles/cmTC_c3642.dir/link.txt --verbose=1
/usr/tcetmp/bin/c++       CMakeFiles/cmTC_c3642.dir/feature_tests.cxx.o  -o cmTC_c3642 
gmake[1]: Leaving directory '/g/g16/barbeau2/GPU/MLC_PPM/src/CMakeFiles/CMakeTmp'


    Feature record: CXX_FEATURE:0cxx_aggregate_default_initializers
    Feature record: CXX_FEATURE:1cxx_alias_templates
    Feature record: CXX_FEATURE:1cxx_alignas
    Feature record: CXX_FEATURE:1cxx_alignof
    Feature record: CXX_FEATURE:1cxx_attributes
    Feature record: CXX_FEATURE:1cxx_attribute_deprecated
    Feature record: CXX_FEATURE:1cxx_auto_type
    Feature record: CXX_FEATURE:1cxx_binary_literals
    Feature record: CXX_FEATURE:1cxx_constexpr
    Feature record: CXX_FEATURE:1cxx_contextual_conversions
    Feature record: CXX_FEATURE:1cxx_decltype
    Feature record: CXX_FEATURE:1cxx_decltype_auto
    Feature record: CXX_FEATURE:1cxx_decltype_incomplete_return_types
    Feature record: CXX_FEATURE:1cxx_default_function_template_args
    Feature record: CXX_FEATURE:1cxx_defaulted_functions
    Feature record: CXX_FEATURE:1cxx_defaulted_move_initializers
    Feature record: CXX_FEATURE:1cxx_delegating_constructors
    Feature record: CXX_FEATURE:1cxx_deleted_functions
    Feature record: CXX_FEATURE:1cxx_digit_separators
    Feature record: CXX_FEATURE:1cxx_enum_forward_declarations
    Feature record: CXX_FEATURE:1cxx_explicit_conversions
    Feature record: CXX_FEATURE:1cxx_extended_friend_declarations
    Feature record: CXX_FEATURE:1cxx_extern_templates
    Feature record: CXX_FEATURE:1cxx_final
    Feature record: CXX_FEATURE:1cxx_func_identifier
    Feature record: CXX_FEATURE:1cxx_generalized_initializers
    Feature record: CXX_FEATURE:1cxx_generic_lambdas
    Feature record: CXX_FEATURE:1cxx_inheriting_constructors
    Feature record: CXX_FEATURE:1cxx_inline_namespaces
    Feature record: CXX_FEATURE:1cxx_lambdas
    Feature record: CXX_FEATURE:1cxx_lambda_init_captures
    Feature record: CXX_FEATURE:1cxx_local_type_template_args
    Feature record: CXX_FEATURE:1cxx_long_long_type
    Feature record: CXX_FEATURE:1cxx_noexcept
    Feature record: CXX_FEATURE:1cxx_nonstatic_member_init
    Feature record: CXX_FEATURE:1cxx_nullptr
    Feature record: CXX_FEATURE:1cxx_override
    Feature record: CXX_FEATURE:1cxx_range_for
    Feature record: CXX_FEATURE:1cxx_raw_string_literals
    Feature record: CXX_FEATURE:1cxx_reference_qualified_functions
    Feature record: CXX_FEATURE:0cxx_relaxed_constexpr
    Feature record: CXX_FEATURE:1cxx_return_type_deduction
    Feature record: CXX_FEATURE:1cxx_right_angle_brackets
    Feature record: CXX_FEATURE:1cxx_rvalue_references
    Feature record: CXX_FEATURE:1cxx_sizeof_member
    Feature record: CXX_FEATURE:1cxx_static_assert
    Feature record: CXX_FEATURE:1cxx_strong_enums
    Feature record: CXX_FEATURE:1cxx_template_template_parameters
    Feature record: CXX_FEATURE:1cxx_thread_local
    Feature record: CXX_FEATURE:1cxx_trailing_return_types
    Feature record: CXX_FEATURE:1cxx_unicode_literals
    Feature record: CXX_FEATURE:1cxx_uniform_initialization
    Feature record: CXX_FEATURE:1cxx_unrestricted_unions
    Feature record: CXX_FEATURE:1cxx_user_literals
    Feature record: CXX_FEATURE:0cxx_variable_templates
    Feature record: CXX_FEATURE:1cxx_variadic_macros
    Feature record: CXX_FEATURE:1cxx_variadic_templates


Detecting CXX [-std=c++11] compiler features compiled with the following output:
Change Dir: /g/g16/barbeau2/GPU/MLC_PPM/src/CMakeFiles/CMakeTmp

Run Build Command(s):/usr/tcetmp/bin/gmake cmTC_21081/fast 
/usr/tcetmp/bin/gmake -f CMakeFiles/cmTC_21081.dir/build.make CMakeFiles/cmTC_21081.dir/build
gmake[1]: Entering directory '/g/g16/barbeau2/GPU/MLC_PPM/src/CMakeFiles/CMakeTmp'
Building CXX object CMakeFiles/cmTC_21081.dir/feature_tests.cxx.o
/usr/tcetmp/bin/c++    -std=c++11 -o CMakeFiles/cmTC_21081.dir/feature_tests.cxx.o -c /g/g16/barbeau2/GPU/MLC_PPM/src/CMakeFiles/feature_tests.cxx
Linking CXX executable cmTC_21081
/usr/tce/packages/cmake/cmake-3.14.5/bin/cmake -E cmake_link_script CMakeFiles/cmTC_21081.dir/link.txt --verbose=1
/usr/tcetmp/bin/c++       CMakeFiles/cmTC_21081.dir/feature_tests.cxx.o  -o cmTC_21081 
gmake[1]: Leaving directory '/g/g16/barbeau2/GPU/MLC_PPM/src/CMakeFiles/CMakeTmp'


    Feature record: CXX_FEATURE:0cxx_aggregate_default_initializers
    Feature record: CXX_FEATURE:1cxx_alias_templates
    Feature record: CXX_FEATURE:1cxx_alignas
    Feature record: CXX_FEATURE:1cxx_alignof
    Feature record: CXX_FEATURE:1cxx_attributes
    Feature record: CXX_FEATURE:0cxx_attribute_deprecated
    Feature record: CXX_FEATURE:1cxx_auto_type
    Feature record: CXX_FEATURE:0cxx_binary_literals
    Feature record: CXX_FEATURE:1cxx_constexpr
    Feature record: CXX_FEATURE:0cxx_contextual_conversions
    Feature record: CXX_FEATURE:1cxx_decltype
    Feature record: CXX_FEATURE:0cxx_decltype_auto
    Feature record: CXX_FEATURE:1cxx_decltype_incomplete_return_types
    Feature record: CXX_FEATURE:1cxx_default_function_template_args
    Feature record: CXX_FEATURE:1cxx_defaulted_functions
    Feature record: CXX_FEATURE:1cxx_defaulted_move_initializers
    Feature record: CXX_FEATURE:1cxx_delegating_constructors
    Feature record: CXX_FEATURE:1cxx_deleted_functions
    Feature record: CXX_FEATURE:0cxx_digit_separators
    Feature record: CXX_FEATURE:1cxx_enum_forward_declarations
    Feature record: CXX_FEATURE:1cxx_explicit_conversions
    Feature record: CXX_FEATURE:1cxx_extended_friend_declarations
    Feature record: CXX_FEATURE:1cxx_extern_templates
    Feature record: CXX_FEATURE:1cxx_final
    Feature record: CXX_FEATURE:1cxx_func_identifier
    Feature record: CXX_FEATURE:1cxx_generalized_initializers
    Feature record: CXX_FEATURE:0cxx_generic_lambdas
    Feature record: CXX_FEATURE:1cxx_inheriting_constructors
    Feature record: CXX_FEATURE:1cxx_inline_namespaces
    Feature record: CXX_FEATURE:1cxx_lambdas
    Feature record: CXX_FEATURE:0cxx_lambda_init_captures
    Feature record: CXX_FEATURE:1cxx_local_type_template_args
    Feature record: CXX_FEATURE:1cxx_long_long_type
    Feature record: CXX_FEATURE:1cxx_noexcept
    Feature record: CXX_FEATURE:1cxx_nonstatic_member_init
    Feature record: CXX_FEATURE:1cxx_nullptr
    Feature record: CXX_FEATURE:1cxx_override
    Feature record: CXX_FEATURE:1cxx_range_for
    Feature record: CXX_FEATURE:1cxx_raw_string_literals
    Feature record: CXX_FEATURE:1cxx_reference_qualified_functions
    Feature record: CXX_FEATURE:0cxx_relaxed_constexpr
    Feature record: CXX_FEATURE:0cxx_return_type_deduction
    Feature record: CXX_FEATURE:1cxx_right_angle_brackets
    Feature record: CXX_FEATURE:1cxx_rvalue_references
    Feature record: CXX_FEATURE:1cxx_sizeof_member
    Feature record: CXX_FEATURE:1cxx_static_assert
    Feature record: CXX_FEATURE:1cxx_strong_enums
    Feature record: CXX_FEATURE:1cxx_template_template_parameters
    Feature record: CXX_FEATURE:1cxx_thread_local
    Feature record: CXX_FEATURE:1cxx_trailing_return_types
    Feature record: CXX_FEATURE:1cxx_unicode_literals
    Feature record: CXX_FEATURE:1cxx_uniform_initialization
    Feature record: CXX_FEATURE:1cxx_unrestricted_unions
    Feature record: CXX_FEATURE:1cxx_user_literals
    Feature record: CXX_FEATURE:0cxx_variable_templates
    Feature record: CXX_FEATURE:1cxx_variadic_macros
    Feature record: CXX_FEATURE:1cxx_variadic_templates


Detecting CXX [-std=c++98] compiler features compiled with the following output:
Change Dir: /g/g16/barbeau2/GPU/MLC_PPM/src/CMakeFiles/CMakeTmp

Run Build Command(s):/usr/tcetmp/bin/gmake cmTC_12a86/fast 
/usr/tcetmp/bin/gmake -f CMakeFiles/cmTC_12a86.dir/build.make CMakeFiles/cmTC_12a86.dir/build
gmake[1]: Entering directory '/g/g16/barbeau2/GPU/MLC_PPM/src/CMakeFiles/CMakeTmp'
Building CXX object CMakeFiles/cmTC_12a86.dir/feature_tests.cxx.o
/usr/tcetmp/bin/c++    -std=c++98 -o CMakeFiles/cmTC_12a86.dir/feature_tests.cxx.o -c /g/g16/barbeau2/GPU/MLC_PPM/src/CMakeFiles/feature_tests.cxx
Linking CXX executable cmTC_12a86
/usr/tce/packages/cmake/cmake-3.14.5/bin/cmake -E cmake_link_script CMakeFiles/cmTC_12a86.dir/link.txt --verbose=1
/usr/tcetmp/bin/c++       CMakeFiles/cmTC_12a86.dir/feature_tests.cxx.o  -o cmTC_12a86 
gmake[1]: Leaving directory '/g/g16/barbeau2/GPU/MLC_PPM/src/CMakeFiles/CMakeTmp'


    Feature record: CXX_FEATURE:0cxx_aggregate_default_initializers
    Feature record: CXX_FEATURE:0cxx_alias_templates
    Feature record: CXX_FEATURE:0cxx_alignas
    Feature record: CXX_FEATURE:0cxx_alignof
    Feature record: CXX_FEATURE:0cxx_attributes
    Feature record: CXX_FEATURE:0cxx_attribute_deprecated
    Feature record: CXX_FEATURE:0cxx_auto_type
    Feature record: CXX_FEATURE:0cxx_binary_literals
    Feature record: CXX_FEATURE:0cxx_constexpr
    Feature record: CXX_FEATURE:0cxx_contextual_conversions
    Feature record: CXX_FEATURE:0cxx_decltype
    Feature record: CXX_FEATURE:0cxx_decltype_auto
    Feature record: CXX_FEATURE:0cxx_decltype_incomplete_return_types
    Feature record: CXX_FEATURE:0cxx_default_function_template_args
    Feature record: CXX_FEATURE:0cxx_defaulted_functions
    Feature record: CXX_FEATURE:0cxx_defaulted_move_initializers
    Feature record: CXX_FEATURE:0cxx_delegating_constructors
    Feature record: CXX_FEATURE:0cxx_deleted_functions
    Feature record: CXX_FEATURE:0cxx_digit_separators
    Feature record: CXX_FEATURE:0cxx_enum_forward_declarations
    Feature record: CXX_FEATURE:0cxx_explicit_conversions
    Feature record: CXX_FEATURE:0cxx_extended_friend_declarations
    Feature record: CXX_FEATURE:0cxx_extern_templates
    Feature record: CXX_FEATURE:0cxx_final
    Feature record: CXX_FEATURE:0cxx_func_identifier
    Feature record: CXX_FEATURE:0cxx_generalized_initializers
    Feature record: CXX_FEATURE:0cxx_generic_lambdas
    Feature record: CXX_FEATURE:0cxx_inheriting_constructors
    Feature record: CXX_FEATURE:0cxx_inline_namespaces
    Feature record: CXX_FEATURE:0cxx_lambdas
    Feature record: CXX_FEATURE:0cxx_lambda_init_captures
    Feature record: CXX_FEATURE:0cxx_local_type_template_args
    Feature record: CXX_FEATURE:0cxx_long_long_type
    Feature record: CXX_FEATURE:0cxx_noexcept
    Feature record: CXX_FEATURE:0cxx_nonstatic_member_init
    Feature record: CXX_FEATURE:0cxx_nullptr
    Feature record: CXX_FEATURE:0cxx_override
    Feature record: CXX_FEATURE:0cxx_range_for
    Feature record: CXX_FEATURE:0cxx_raw_string_literals
    Feature record: CXX_FEATURE:0cxx_reference_qualified_functions
    Feature record: CXX_FEATURE:0cxx_relaxed_constexpr
    Feature record: CXX_FEATURE:0cxx_return_type_deduction
    Feature record: CXX_FEATURE:0cxx_right_angle_brackets
    Feature record: CXX_FEATURE:0cxx_rvalue_references
    Feature record: CXX_FEATURE:0cxx_sizeof_member
    Feature record: CXX_FEATURE:0cxx_static_assert
    Feature record: CXX_FEATURE:0cxx_strong_enums
    Feature record: CXX_FEATURE:1cxx_template_template_parameters
    Feature record: CXX_FEATURE:0cxx_thread_local
    Feature record: CXX_FEATURE:0cxx_trailing_return_types
    Feature record: CXX_FEATURE:0cxx_unicode_literals
    Feature record: CXX_FEATURE:0cxx_uniform_initialization
    Feature record: CXX_FEATURE:0cxx_unrestricted_unions
    Feature record: CXX_FEATURE:0cxx_user_literals
    Feature record: CXX_FEATURE:0cxx_variable_templates
    Feature record: CXX_FEATURE:0cxx_variadic_macros
    Feature record: CXX_FEATURE:0cxx_variadic_templates
Determining if the C compiler works passed with the following output:
Change Dir: /g/g16/barbeau2/GPU/MLC_PPM/src/CMakeFiles/CMakeTmp

Run Build Command(s):/usr/tcetmp/bin/gmake cmTC_58844/fast 
/usr/tcetmp/bin/gmake -f CMakeFiles/cmTC_58844.dir/build.make CMakeFiles/cmTC_58844.dir/build
gmake[1]: Entering directory '/g/g16/barbeau2/GPU/MLC_PPM/src/CMakeFiles/CMakeTmp'
Building C object CMakeFiles/cmTC_58844.dir/testCCompiler.c.o
/usr/tcetmp/bin/cc    -o CMakeFiles/cmTC_58844.dir/testCCompiler.c.o   -c /g/g16/barbeau2/GPU/MLC_PPM/src/CMakeFiles/CMakeTmp/testCCompiler.c
Linking C executable cmTC_58844
/usr/tce/packages/cmake/cmake-3.14.5/bin/cmake -E cmake_link_script CMakeFiles/cmTC_58844.dir/link.txt --verbose=1
/usr/tcetmp/bin/cc      CMakeFiles/cmTC_58844.dir/testCCompiler.c.o  -o cmTC_58844 
gmake[1]: Leaving directory '/g/g16/barbeau2/GPU/MLC_PPM/src/CMakeFiles/CMakeTmp'


Detecting C compiler ABI info compiled with the following output:
Change Dir: /g/g16/barbeau2/GPU/MLC_PPM/src/CMakeFiles/CMakeTmp

Run Build Command(s):/usr/tcetmp/bin/gmake cmTC_5d360/fast 
/usr/tcetmp/bin/gmake -f CMakeFiles/cmTC_5d360.dir/build.make CMakeFiles/cmTC_5d360.dir/build
gmake[1]: Entering directory '/g/g16/barbeau2/GPU/MLC_PPM/src/CMakeFiles/CMakeTmp'
Building C object CMakeFiles/cmTC_5d360.dir/CMakeCCompilerABI.c.o
/usr/tcetmp/bin/cc   -v -o CMakeFiles/cmTC_5d360.dir/CMakeCCompilerABI.c.o   -c /usr/tce/packages/cmake/cmake-3.14.5/share/cmake/Modules/CMakeCCompilerABI.c
Reading specs from /usr/tce/packages/gcc/gcc-4.9.3/gnu/lib64/gcc/powerpc64le-unknown-linux-gnu/4.9.3/specs
COLLECT_GCC=/usr/tce/packages/gcc/gcc-4.9.3/gnu/bin/cc
Target: powerpc64le-unknown-linux-gnu
Configured with: /builddir/build/BUILD/gccspack/spack/var/spack/stage/gcc-4.9.3-wrtcv2vmjcdbqawlku4lfzmeploo5uuw/gcc-4.9.3/configure --prefix=/usr/tce/packages/gcc/gcc-4.9.3/gnu --prefix=/usr/tce/packages/gcc/gcc-4.9.3/gnu --libdir=/usr/tce/packages/gcc/gcc-4.9.3/gnu/lib64 --disable-multilib --enable-languages=fortran,c,java,objc,c++ --with-mpc=/builddir/build/BUILD/gccspack/spack/opt/spack/linux-rhel7-ppc64le/gcc-4.8.5/mpc-1.0.3-omkclnkbg5sttyjbmiyaw2lnnhkyc5ul --with-mpfr=/builddir/build/BUILD/gccspack/spack/opt/spack/linux-rhel7-ppc64le/gcc-4.8.5/mpfr-3.1.5-rd6q42t6n2ndi3k6lmyoijwesiay5pwr --with-gmp=/builddir/build/BUILD/gccspack/spack/opt/spack/linux-rhel7-ppc64le/gcc-4.8.5/gmp-6.1.0-gfzbrglxig67w22ejob64amrkv7y6x53 --enable-lto --with-quad
Thread model: posix
gcc version 4.9.3 (GCC) 
COLLECT_GCC_OPTIONS='-v' '-o' 'CMakeFiles/cmTC_5d360.dir/CMakeCCompilerABI.c.o' '-c'
 /usr/tce/packages/gcc/gcc-4.9.3/gnu/libexec/gcc/powerpc64le-unknown-linux-gnu/4.9.3/cc1 -quiet -v -D__unix__ -D__gnu_linux__ -D__linux__ -Dunix -D__unix -Dlinux -D__linux -Asystem=linux -Asystem=unix -Asystem=posix /usr/tce/packages/cmake/cmake-3.14.5/share/cmake/Modules/CMakeCCompilerABI.c -quiet -dumpbase CMakeCCompilerABI.c -auxbase-strip CMakeFiles/cmTC_5d360.dir/CMakeCCompilerABI.c.o -version -o /var/tmp/ccQfUMU6.s
GNU C (GCC) version 4.9.3 (powerpc64le-unknown-linux-gnu)
	compiled by GNU C version 4.9.3, GMP version 6.1.0, MPFR version 3.1.5, MPC version 1.0.3
warning: GMP header version 6.1.0 differs from library version 6.0.0.
warning: MPFR header version 3.1.5 differs from library version 3.1.1.
warning: MPC header version 1.0.3 differs from library version 1.0.1.
GGC heuristics: --param ggc-min-expand=100 --param ggc-min-heapsize=131072
ignoring nonexistent directory "/usr/tce/packages/gcc/gcc-4.9.3/gnu/lib64/gcc/powerpc64le-unknown-linux-gnu/4.9.3/../../../../powerpc64le-unknown-linux-gnu/include"
#include "..." search starts here:
#include <...> search starts here:
 /usr/tce/packages/gcc/gcc-4.9.3/gnu/lib64/gcc/powerpc64le-unknown-linux-gnu/4.9.3/include
 /usr/local/include
 /usr/tce/packages/gcc/gcc-4.9.3/gnu/include
 /usr/tce/packages/gcc/gcc-4.9.3/gnu/lib64/gcc/powerpc64le-unknown-linux-gnu/4.9.3/include-fixed
 /usr/include
End of search list.
GNU C (GCC) version 4.9.3 (powerpc64le-unknown-linux-gnu)
	compiled by GNU C version 4.9.3, GMP version 6.1.0, MPFR version 3.1.5, MPC version 1.0.3
warning: GMP header version 6.1.0 differs from library version 6.0.0.
warning: MPFR header version 3.1.5 differs from library version 3.1.1.
warning: MPC header version 1.0.3 differs from library version 1.0.1.
GGC heuristics: --param ggc-min-expand=100 --param ggc-min-heapsize=131072
Compiler executable checksum: de7a3cad334aec34402d968dbb0f8ceb
COLLECT_GCC_OPTIONS='-v' '-o' 'CMakeFiles/cmTC_5d360.dir/CMakeCCompilerABI.c.o' '-c'
 as -v -a64 -mppc64 -many -mlittle -o CMakeFiles/cmTC_5d360.dir/CMakeCCompilerABI.c.o /var/tmp/ccQfUMU6.s
GNU assembler version 2.27 (ppc64le-redhat-linux) using BFD version version 2.27-44.base.el7
COMPILER_PATH=/usr/tce/packages/gcc/gcc-4.9.3/gnu/libexec/gcc/powerpc64le-unknown-linux-gnu/4.9.3/:/usr/tce/packages/gcc/gcc-4.9.3/gnu/libexec/gcc/powerpc64le-unknown-linux-gnu/4.9.3/:/usr/tce/packages/gcc/gcc-4.9.3/gnu/libexec/gcc/powerpc64le-unknown-linux-gnu/:/usr/tce/packages/gcc/gcc-4.9.3/gnu/lib64/gcc/powerpc64le-unknown-linux-gnu/4.9.3/:/usr/tce/packages/gcc/gcc-4.9.3/gnu/lib64/gcc/powerpc64le-unknown-linux-gnu/
LIBRARY_PATH=/usr/tce/packages/gcc/gcc-4.9.3/gnu/lib64/gcc/powerpc64le-unknown-linux-gnu/4.9.3/:/usr/tce/packages/gcc/gcc-4.9.3/gnu/lib64/gcc/powerpc64le-unknown-linux-gnu/4.9.3/../../../../lib64/:/lib/../lib64/:/usr/lib/../lib64/:/usr/tce/packages/gcc/gcc-4.9.3/gnu/lib64/gcc/powerpc64le-unknown-linux-gnu/4.9.3/../../../:/lib/:/usr/lib/
COLLECT_GCC_OPTIONS='-v' '-o' 'CMakeFiles/cmTC_5d360.dir/CMakeCCompilerABI.c.o' '-c'
Linking C executable cmTC_5d360
/usr/tce/packages/cmake/cmake-3.14.5/bin/cmake -E cmake_link_script CMakeFiles/cmTC_5d360.dir/link.txt --verbose=1
/usr/tcetmp/bin/cc     -v CMakeFiles/cmTC_5d360.dir/CMakeCCompilerABI.c.o  -o cmTC_5d360 
Reading specs from /usr/tce/packages/gcc/gcc-4.9.3/gnu/lib64/gcc/powerpc64le-unknown-linux-gnu/4.9.3/specs
COLLECT_GCC=/usr/tce/packages/gcc/gcc-4.9.3/gnu/bin/cc
COLLECT_LTO_WRAPPER=/usr/tce/packages/gcc/gcc-4.9.3/gnu/libexec/gcc/powerpc64le-unknown-linux-gnu/4.9.3/lto-wrapper
Target: powerpc64le-unknown-linux-gnu
Configured with: /builddir/build/BUILD/gccspack/spack/var/spack/stage/gcc-4.9.3-wrtcv2vmjcdbqawlku4lfzmeploo5uuw/gcc-4.9.3/configure --prefix=/usr/tce/packages/gcc/gcc-4.9.3/gnu --prefix=/usr/tce/packages/gcc/gcc-4.9.3/gnu --libdir=/usr/tce/packages/gcc/gcc-4.9.3/gnu/lib64 --disable-multilib --enable-languages=fortran,c,java,objc,c++ --with-mpc=/builddir/build/BUILD/gccspack/spack/opt/spack/linux-rhel7-ppc64le/gcc-4.8.5/mpc-1.0.3-omkclnkbg5sttyjbmiyaw2lnnhkyc5ul --with-mpfr=/builddir/build/BUILD/gccspack/spack/opt/spack/linux-rhel7-ppc64le/gcc-4.8.5/mpfr-3.1.5-rd6q42t6n2ndi3k6lmyoijwesiay5pwr --with-gmp=/builddir/build/BUILD/gccspack/spack/opt/spack/linux-rhel7-ppc64le/gcc-4.8.5/gmp-6.1.0-gfzbrglxig67w22ejob64amrkv7y6x53 --enable-lto --with-quad
Thread model: posix
gcc version 4.9.3 (GCC) 
COMPILER_PATH=/usr/tce/packages/gcc/gcc-4.9.3/gnu/libexec/gcc/powerpc64le-unknown-linux-gnu/4.9.3/:/usr/tce/packages/gcc/gcc-4.9.3/gnu/libexec/gcc/powerpc64le-unknown-linux-gnu/4.9.3/:/usr/tce/packages/gcc/gcc-4.9.3/gnu/libexec/gcc/powerpc64le-unknown-linux-gnu/:/usr/tce/packages/gcc/gcc-4.9.3/gnu/lib64/gcc/powerpc64le-unknown-linux-gnu/4.9.3/:/usr/tce/packages/gcc/gcc-4.9.3/gnu/lib64/gcc/powerpc64le-unknown-linux-gnu/
LIBRARY_PATH=/usr/tce/packages/gcc/gcc-4.9.3/gnu/lib64/gcc/powerpc64le-unknown-linux-gnu/4.9.3/:/usr/tce/packages/gcc/gcc-4.9.3/gnu/lib64/gcc/powerpc64le-unknown-linux-gnu/4.9.3/../../../../lib64/:/lib/../lib64/:/usr/lib/../lib64/:/usr/tce/packages/gcc/gcc-4.9.3/gnu/lib64/gcc/powerpc64le-unknown-linux-gnu/4.9.3/../../../:/lib/:/usr/lib/
COLLECT_GCC_OPTIONS='-v' '-o' 'cmTC_5d360'
 /usr/tce/packages/gcc/gcc-4.9.3/gnu/libexec/gcc/powerpc64le-unknown-linux-gnu/4.9.3/collect2 -plugin /usr/tce/packages/gcc/gcc-4.9.3/gnu/libexec/gcc/powerpc64le-unknown-linux-gnu/4.9.3/liblto_plugin.so -plugin-opt=/usr/tce/packages/gcc/gcc-4.9.3/gnu/libexec/gcc/powerpc64le-unknown-linux-gnu/4.9.3/lto-wrapper -plugin-opt=-fresolution=/var/tmp/ccWHKZwk.res -plugin-opt=-pass-through=-lgcc -plugin-opt=-pass-through=-lgcc_s -plugin-opt=-pass-through=-lc -plugin-opt=-pass-through=-lgcc -plugin-opt=-pass-through=-lgcc_s -rpath /usr/tce/packages/gcc/gcc-4.9.3/gnu/lib:/usr/tce/packages/gcc/gcc-4.9.3/gnu/lib64 --eh-frame-hdr -V -m elf64lppc -dynamic-linker /lib64/ld64.so.2 -o cmTC_5d360 /lib/../lib64/crt1.o /lib/../lib64/crti.o /usr/tce/packages/gcc/gcc-4.9.3/gnu/lib64/gcc/powerpc64le-unknown-linux-gnu/4.9.3/crtbegin.o -L/usr/tce/packages/gcc/gcc-4.9.3/gnu/lib64/gcc/powerpc64le-unknown-linux-gnu/4.9.3 -L/usr/tce/packages/gcc/gcc-4.9.3/gnu/lib64/gcc/powerpc64le-unknown-linux-gnu/4.9.3/../../../../lib64 -L/lib/../lib64 -L/usr/lib/../lib64 -L/usr/tce/packages/gcc/gcc-4.9.3/gnu/lib64/gcc/powerpc64le-unknown-linux-gnu/4.9.3/../../.. CMakeFiles/cmTC_5d360.dir/CMakeCCompilerABI.c.o -lgcc --as-needed -lgcc_s --no-as-needed -lc -lgcc --as-needed -lgcc_s --no-as-needed /usr/tce/packages/gcc/gcc-4.9.3/gnu/lib64/gcc/powerpc64le-unknown-linux-gnu/4.9.3/crtend.o /lib/../lib64/crtn.o
GNU ld version 2.27-44.base.el7
  Supported emulations:
   elf64lppc
   elf32ppc
   elf32ppclinux
   elf32ppcsim
   elf32lppc
   elf32lppclinux
   elf32lppcsim
   elf64ppc
gmake[1]: Leaving directory '/g/g16/barbeau2/GPU/MLC_PPM/src/CMakeFiles/CMakeTmp'


Parsed C implicit include dir info from above output: rv=done
  found start of include info
  found start of implicit include info
    add: [/usr/tce/packages/gcc/gcc-4.9.3/gnu/lib64/gcc/powerpc64le-unknown-linux-gnu/4.9.3/include]
    add: [/usr/local/include]
    add: [/usr/tce/packages/gcc/gcc-4.9.3/gnu/include]
    add: [/usr/tce/packages/gcc/gcc-4.9.3/gnu/lib64/gcc/powerpc64le-unknown-linux-gnu/4.9.3/include-fixed]
    add: [/usr/include]
  end of search list found
  collapse include dir [/usr/tce/packages/gcc/gcc-4.9.3/gnu/lib64/gcc/powerpc64le-unknown-linux-gnu/4.9.3/include] ==> [/usr/tce/packages/gcc/gcc-4.9.3/gnu/lib64/gcc/powerpc64le-unknown-linux-gnu/4.9.3/include]
  collapse include dir [/usr/local/include] ==> [/usr/local/include]
  collapse include dir [/usr/tce/packages/gcc/gcc-4.9.3/gnu/include] ==> [/usr/tce/packages/gcc/gcc-4.9.3/gnu/include]
  collapse include dir [/usr/tce/packages/gcc/gcc-4.9.3/gnu/lib64/gcc/powerpc64le-unknown-linux-gnu/4.9.3/include-fixed] ==> [/usr/tce/packages/gcc/gcc-4.9.3/gnu/lib64/gcc/powerpc64le-unknown-linux-gnu/4.9.3/include-fixed]
  collapse include dir [/usr/include] ==> [/usr/include]
  implicit include dirs: [/usr/tce/packages/gcc/gcc-4.9.3/gnu/lib64/gcc/powerpc64le-unknown-linux-gnu/4.9.3/include;/usr/local/include;/usr/tce/packages/gcc/gcc-4.9.3/gnu/include;/usr/tce/packages/gcc/gcc-4.9.3/gnu/lib64/gcc/powerpc64le-unknown-linux-gnu/4.9.3/include-fixed;/usr/include]


Parsed C implicit link information from above output:
  link line regex: [^( *|.*[/\])(ld|CMAKE_LINK_STARTFILE-NOTFOUND|([^/\]+-)?ld|collect2)[^/\]*( |$)]
  ignore line: [Change Dir: /g/g16/barbeau2/GPU/MLC_PPM/src/CMakeFiles/CMakeTmp]
  ignore line: []
  ignore line: [Run Build Command(s):/usr/tcetmp/bin/gmake cmTC_5d360/fast ]
  ignore line: [/usr/tcetmp/bin/gmake -f CMakeFiles/cmTC_5d360.dir/build.make CMakeFiles/cmTC_5d360.dir/build]
  ignore line: [gmake[1]: Entering directory '/g/g16/barbeau2/GPU/MLC_PPM/src/CMakeFiles/CMakeTmp']
  ignore line: [Building C object CMakeFiles/cmTC_5d360.dir/CMakeCCompilerABI.c.o]
  ignore line: [/usr/tcetmp/bin/cc   -v -o CMakeFiles/cmTC_5d360.dir/CMakeCCompilerABI.c.o   -c /usr/tce/packages/cmake/cmake-3.14.5/share/cmake/Modules/CMakeCCompilerABI.c]
  ignore line: [Reading specs from /usr/tce/packages/gcc/gcc-4.9.3/gnu/lib64/gcc/powerpc64le-unknown-linux-gnu/4.9.3/specs]
  ignore line: [COLLECT_GCC=/usr/tce/packages/gcc/gcc-4.9.3/gnu/bin/cc]
  ignore line: [Target: powerpc64le-unknown-linux-gnu]
  ignore line: [Configured with: /builddir/build/BUILD/gccspack/spack/var/spack/stage/gcc-4.9.3-wrtcv2vmjcdbqawlku4lfzmeploo5uuw/gcc-4.9.3/configure --prefix=/usr/tce/packages/gcc/gcc-4.9.3/gnu --prefix=/usr/tce/packages/gcc/gcc-4.9.3/gnu --libdir=/usr/tce/packages/gcc/gcc-4.9.3/gnu/lib64 --disable-multilib --enable-languages=fortran,c,java,objc,c++ --with-mpc=/builddir/build/BUILD/gccspack/spack/opt/spack/linux-rhel7-ppc64le/gcc-4.8.5/mpc-1.0.3-omkclnkbg5sttyjbmiyaw2lnnhkyc5ul --with-mpfr=/builddir/build/BUILD/gccspack/spack/opt/spack/linux-rhel7-ppc64le/gcc-4.8.5/mpfr-3.1.5-rd6q42t6n2ndi3k6lmyoijwesiay5pwr --with-gmp=/builddir/build/BUILD/gccspack/spack/opt/spack/linux-rhel7-ppc64le/gcc-4.8.5/gmp-6.1.0-gfzbrglxig67w22ejob64amrkv7y6x53 --enable-lto --with-quad]
  ignore line: [Thread model: posix]
  ignore line: [gcc version 4.9.3 (GCC) ]
  ignore line: [COLLECT_GCC_OPTIONS='-v' '-o' 'CMakeFiles/cmTC_5d360.dir/CMakeCCompilerABI.c.o' '-c']
  ignore line: [ /usr/tce/packages/gcc/gcc-4.9.3/gnu/libexec/gcc/powerpc64le-unknown-linux-gnu/4.9.3/cc1 -quiet -v -D__unix__ -D__gnu_linux__ -D__linux__ -Dunix -D__unix -Dlinux -D__linux -Asystem=linux -Asystem=unix -Asystem=posix /usr/tce/packages/cmake/cmake-3.14.5/share/cmake/Modules/CMakeCCompilerABI.c -quiet -dumpbase CMakeCCompilerABI.c -auxbase-strip CMakeFiles/cmTC_5d360.dir/CMakeCCompilerABI.c.o -version -o /var/tmp/ccQfUMU6.s]
  ignore line: [GNU C (GCC) version 4.9.3 (powerpc64le-unknown-linux-gnu)]
  ignore line: [	compiled by GNU C version 4.9.3, GMP version 6.1.0, MPFR version 3.1.5, MPC version 1.0.3]
  ignore line: [warning: GMP header version 6.1.0 differs from library version 6.0.0.]
  ignore line: [warning: MPFR header version 3.1.5 differs from library version 3.1.1.]
  ignore line: [warning: MPC header version 1.0.3 differs from library version 1.0.1.]
  ignore line: [GGC heuristics: --param ggc-min-expand=100 --param ggc-min-heapsize=131072]
  ignore line: [ignoring nonexistent directory "/usr/tce/packages/gcc/gcc-4.9.3/gnu/lib64/gcc/powerpc64le-unknown-linux-gnu/4.9.3/../../../../powerpc64le-unknown-linux-gnu/include"]
  ignore line: [#include "..." search starts here:]
  ignore line: [#include <...> search starts here:]
  ignore line: [ /usr/tce/packages/gcc/gcc-4.9.3/gnu/lib64/gcc/powerpc64le-unknown-linux-gnu/4.9.3/include]
  ignore line: [ /usr/local/include]
  ignore line: [ /usr/tce/packages/gcc/gcc-4.9.3/gnu/include]
  ignore line: [ /usr/tce/packages/gcc/gcc-4.9.3/gnu/lib64/gcc/powerpc64le-unknown-linux-gnu/4.9.3/include-fixed]
  ignore line: [ /usr/include]
  ignore line: [End of search list.]
  ignore line: [GNU C (GCC) version 4.9.3 (powerpc64le-unknown-linux-gnu)]
  ignore line: [	compiled by GNU C version 4.9.3, GMP version 6.1.0, MPFR version 3.1.5, MPC version 1.0.3]
  ignore line: [warning: GMP header version 6.1.0 differs from library version 6.0.0.]
  ignore line: [warning: MPFR header version 3.1.5 differs from library version 3.1.1.]
  ignore line: [warning: MPC header version 1.0.3 differs from library version 1.0.1.]
  ignore line: [GGC heuristics: --param ggc-min-expand=100 --param ggc-min-heapsize=131072]
  ignore line: [Compiler executable checksum: de7a3cad334aec34402d968dbb0f8ceb]
  ignore line: [COLLECT_GCC_OPTIONS='-v' '-o' 'CMakeFiles/cmTC_5d360.dir/CMakeCCompilerABI.c.o' '-c']
  ignore line: [ as -v -a64 -mppc64 -many -mlittle -o CMakeFiles/cmTC_5d360.dir/CMakeCCompilerABI.c.o /var/tmp/ccQfUMU6.s]
  ignore line: [GNU assembler version 2.27 (ppc64le-redhat-linux) using BFD version version 2.27-44.base.el7]
  ignore line: [COMPILER_PATH=/usr/tce/packages/gcc/gcc-4.9.3/gnu/libexec/gcc/powerpc64le-unknown-linux-gnu/4.9.3/:/usr/tce/packages/gcc/gcc-4.9.3/gnu/libexec/gcc/powerpc64le-unknown-linux-gnu/4.9.3/:/usr/tce/packages/gcc/gcc-4.9.3/gnu/libexec/gcc/powerpc64le-unknown-linux-gnu/:/usr/tce/packages/gcc/gcc-4.9.3/gnu/lib64/gcc/powerpc64le-unknown-linux-gnu/4.9.3/:/usr/tce/packages/gcc/gcc-4.9.3/gnu/lib64/gcc/powerpc64le-unknown-linux-gnu/]
  ignore line: [LIBRARY_PATH=/usr/tce/packages/gcc/gcc-4.9.3/gnu/lib64/gcc/powerpc64le-unknown-linux-gnu/4.9.3/:/usr/tce/packages/gcc/gcc-4.9.3/gnu/lib64/gcc/powerpc64le-unknown-linux-gnu/4.9.3/../../../../lib64/:/lib/../lib64/:/usr/lib/../lib64/:/usr/tce/packages/gcc/gcc-4.9.3/gnu/lib64/gcc/powerpc64le-unknown-linux-gnu/4.9.3/../../../:/lib/:/usr/lib/]
  ignore line: [COLLECT_GCC_OPTIONS='-v' '-o' 'CMakeFiles/cmTC_5d360.dir/CMakeCCompilerABI.c.o' '-c']
  ignore line: [Linking C executable cmTC_5d360]
  ignore line: [/usr/tce/packages/cmake/cmake-3.14.5/bin/cmake -E cmake_link_script CMakeFiles/cmTC_5d360.dir/link.txt --verbose=1]
  ignore line: [/usr/tcetmp/bin/cc     -v CMakeFiles/cmTC_5d360.dir/CMakeCCompilerABI.c.o  -o cmTC_5d360 ]
  ignore line: [Reading specs from /usr/tce/packages/gcc/gcc-4.9.3/gnu/lib64/gcc/powerpc64le-unknown-linux-gnu/4.9.3/specs]
  ignore line: [COLLECT_GCC=/usr/tce/packages/gcc/gcc-4.9.3/gnu/bin/cc]
  ignore line: [COLLECT_LTO_WRAPPER=/usr/tce/packages/gcc/gcc-4.9.3/gnu/libexec/gcc/powerpc64le-unknown-linux-gnu/4.9.3/lto-wrapper]
  ignore line: [Target: powerpc64le-unknown-linux-gnu]
  ignore line: [Configured with: /builddir/build/BUILD/gccspack/spack/var/spack/stage/gcc-4.9.3-wrtcv2vmjcdbqawlku4lfzmeploo5uuw/gcc-4.9.3/configure --prefix=/usr/tce/packages/gcc/gcc-4.9.3/gnu --prefix=/usr/tce/packages/gcc/gcc-4.9.3/gnu --libdir=/usr/tce/packages/gcc/gcc-4.9.3/gnu/lib64 --disable-multilib --enable-languages=fortran,c,java,objc,c++ --with-mpc=/builddir/build/BUILD/gccspack/spack/opt/spack/linux-rhel7-ppc64le/gcc-4.8.5/mpc-1.0.3-omkclnkbg5sttyjbmiyaw2lnnhkyc5ul --with-mpfr=/builddir/build/BUILD/gccspack/spack/opt/spack/linux-rhel7-ppc64le/gcc-4.8.5/mpfr-3.1.5-rd6q42t6n2ndi3k6lmyoijwesiay5pwr --with-gmp=/builddir/build/BUILD/gccspack/spack/opt/spack/linux-rhel7-ppc64le/gcc-4.8.5/gmp-6.1.0-gfzbrglxig67w22ejob64amrkv7y6x53 --enable-lto --with-quad]
  ignore line: [Thread model: posix]
  ignore line: [gcc version 4.9.3 (GCC) ]
  ignore line: [COMPILER_PATH=/usr/tce/packages/gcc/gcc-4.9.3/gnu/libexec/gcc/powerpc64le-unknown-linux-gnu/4.9.3/:/usr/tce/packages/gcc/gcc-4.9.3/gnu/libexec/gcc/powerpc64le-unknown-linux-gnu/4.9.3/:/usr/tce/packages/gcc/gcc-4.9.3/gnu/libexec/gcc/powerpc64le-unknown-linux-gnu/:/usr/tce/packages/gcc/gcc-4.9.3/gnu/lib64/gcc/powerpc64le-unknown-linux-gnu/4.9.3/:/usr/tce/packages/gcc/gcc-4.9.3/gnu/lib64/gcc/powerpc64le-unknown-linux-gnu/]
  ignore line: [LIBRARY_PATH=/usr/tce/packages/gcc/gcc-4.9.3/gnu/lib64/gcc/powerpc64le-unknown-linux-gnu/4.9.3/:/usr/tce/packages/gcc/gcc-4.9.3/gnu/lib64/gcc/powerpc64le-unknown-linux-gnu/4.9.3/../../../../lib64/:/lib/../lib64/:/usr/lib/../lib64/:/usr/tce/packages/gcc/gcc-4.9.3/gnu/lib64/gcc/powerpc64le-unknown-linux-gnu/4.9.3/../../../:/lib/:/usr/lib/]
  ignore line: [COLLECT_GCC_OPTIONS='-v' '-o' 'cmTC_5d360']
  link line: [ /usr/tce/packages/gcc/gcc-4.9.3/gnu/libexec/gcc/powerpc64le-unknown-linux-gnu/4.9.3/collect2 -plugin /usr/tce/packages/gcc/gcc-4.9.3/gnu/libexec/gcc/powerpc64le-unknown-linux-gnu/4.9.3/liblto_plugin.so -plugin-opt=/usr/tce/packages/gcc/gcc-4.9.3/gnu/libexec/gcc/powerpc64le-unknown-linux-gnu/4.9.3/lto-wrapper -plugin-opt=-fresolution=/var/tmp/ccWHKZwk.res -plugin-opt=-pass-through=-lgcc -plugin-opt=-pass-through=-lgcc_s -plugin-opt=-pass-through=-lc -plugin-opt=-pass-through=-lgcc -plugin-opt=-pass-through=-lgcc_s -rpath /usr/tce/packages/gcc/gcc-4.9.3/gnu/lib:/usr/tce/packages/gcc/gcc-4.9.3/gnu/lib64 --eh-frame-hdr -V -m elf64lppc -dynamic-linker /lib64/ld64.so.2 -o cmTC_5d360 /lib/../lib64/crt1.o /lib/../lib64/crti.o /usr/tce/packages/gcc/gcc-4.9.3/gnu/lib64/gcc/powerpc64le-unknown-linux-gnu/4.9.3/crtbegin.o -L/usr/tce/packages/gcc/gcc-4.9.3/gnu/lib64/gcc/powerpc64le-unknown-linux-gnu/4.9.3 -L/usr/tce/packages/gcc/gcc-4.9.3/gnu/lib64/gcc/powerpc64le-unknown-linux-gnu/4.9.3/../../../../lib64 -L/lib/../lib64 -L/usr/lib/../lib64 -L/usr/tce/packages/gcc/gcc-4.9.3/gnu/lib64/gcc/powerpc64le-unknown-linux-gnu/4.9.3/../../.. CMakeFiles/cmTC_5d360.dir/CMakeCCompilerABI.c.o -lgcc --as-needed -lgcc_s --no-as-needed -lc -lgcc --as-needed -lgcc_s --no-as-needed /usr/tce/packages/gcc/gcc-4.9.3/gnu/lib64/gcc/powerpc64le-unknown-linux-gnu/4.9.3/crtend.o /lib/../lib64/crtn.o]
    arg [/usr/tce/packages/gcc/gcc-4.9.3/gnu/libexec/gcc/powerpc64le-unknown-linux-gnu/4.9.3/collect2] ==> ignore
    arg [-plugin] ==> ignore
    arg [/usr/tce/packages/gcc/gcc-4.9.3/gnu/libexec/gcc/powerpc64le-unknown-linux-gnu/4.9.3/liblto_plugin.so] ==> ignore
    arg [-plugin-opt=/usr/tce/packages/gcc/gcc-4.9.3/gnu/libexec/gcc/powerpc64le-unknown-linux-gnu/4.9.3/lto-wrapper] ==> ignore
    arg [-plugin-opt=-fresolution=/var/tmp/ccWHKZwk.res] ==> ignore
    arg [-plugin-opt=-pass-through=-lgcc] ==> ignore
    arg [-plugin-opt=-pass-through=-lgcc_s] ==> ignore
    arg [-plugin-opt=-pass-through=-lc] ==> ignore
    arg [-plugin-opt=-pass-through=-lgcc] ==> ignore
    arg [-plugin-opt=-pass-through=-lgcc_s] ==> ignore
    arg [-rpath] ==> ignore
    arg [/usr/tce/packages/gcc/gcc-4.9.3/gnu/lib:/usr/tce/packages/gcc/gcc-4.9.3/gnu/lib64] ==> ignore
    arg [--eh-frame-hdr] ==> ignore
    arg [-V] ==> ignore
    arg [-m] ==> ignore
    arg [elf64lppc] ==> ignore
    arg [-dynamic-linker] ==> ignore
    arg [/lib64/ld64.so.2] ==> ignore
    arg [-o] ==> ignore
    arg [cmTC_5d360] ==> ignore
    arg [/lib/../lib64/crt1.o] ==> ignore
    arg [/lib/../lib64/crti.o] ==> ignore
    arg [/usr/tce/packages/gcc/gcc-4.9.3/gnu/lib64/gcc/powerpc64le-unknown-linux-gnu/4.9.3/crtbegin.o] ==> ignore
    arg [-L/usr/tce/packages/gcc/gcc-4.9.3/gnu/lib64/gcc/powerpc64le-unknown-linux-gnu/4.9.3] ==> dir [/usr/tce/packages/gcc/gcc-4.9.3/gnu/lib64/gcc/powerpc64le-unknown-linux-gnu/4.9.3]
    arg [-L/usr/tce/packages/gcc/gcc-4.9.3/gnu/lib64/gcc/powerpc64le-unknown-linux-gnu/4.9.3/../../../../lib64] ==> dir [/usr/tce/packages/gcc/gcc-4.9.3/gnu/lib64/gcc/powerpc64le-unknown-linux-gnu/4.9.3/../../../../lib64]
    arg [-L/lib/../lib64] ==> dir [/lib/../lib64]
    arg [-L/usr/lib/../lib64] ==> dir [/usr/lib/../lib64]
    arg [-L/usr/tce/packages/gcc/gcc-4.9.3/gnu/lib64/gcc/powerpc64le-unknown-linux-gnu/4.9.3/../../..] ==> dir [/usr/tce/packages/gcc/gcc-4.9.3/gnu/lib64/gcc/powerpc64le-unknown-linux-gnu/4.9.3/../../..]
    arg [CMakeFiles/cmTC_5d360.dir/CMakeCCompilerABI.c.o] ==> ignore
    arg [-lgcc] ==> lib [gcc]
    arg [--as-needed] ==> ignore
    arg [-lgcc_s] ==> lib [gcc_s]
    arg [--no-as-needed] ==> ignore
    arg [-lc] ==> lib [c]
    arg [-lgcc] ==> lib [gcc]
    arg [--as-needed] ==> ignore
    arg [-lgcc_s] ==> lib [gcc_s]
    arg [--no-as-needed] ==> ignore
    arg [/usr/tce/packages/gcc/gcc-4.9.3/gnu/lib64/gcc/powerpc64le-unknown-linux-gnu/4.9.3/crtend.o] ==> ignore
    arg [/lib/../lib64/crtn.o] ==> ignore
  collapse library dir [/usr/tce/packages/gcc/gcc-4.9.3/gnu/lib64/gcc/powerpc64le-unknown-linux-gnu/4.9.3] ==> [/usr/tce/packages/gcc/gcc-4.9.3/gnu/lib64/gcc/powerpc64le-unknown-linux-gnu/4.9.3]
  collapse library dir [/usr/tce/packages/gcc/gcc-4.9.3/gnu/lib64/gcc/powerpc64le-unknown-linux-gnu/4.9.3/../../../../lib64] ==> [/usr/tce/packages/gcc/gcc-4.9.3/gnu/lib64]
  collapse library dir [/lib/../lib64] ==> [/lib64]
  collapse library dir [/usr/lib/../lib64] ==> [/usr/lib64]
  collapse library dir [/usr/tce/packages/gcc/gcc-4.9.3/gnu/lib64/gcc/powerpc64le-unknown-linux-gnu/4.9.3/../../..] ==> [/usr/tce/packages/gcc/gcc-4.9.3/gnu/lib64]
  implicit libs: [gcc;gcc_s;c;gcc;gcc_s]
  implicit dirs: [/usr/tce/packages/gcc/gcc-4.9.3/gnu/lib64/gcc/powerpc64le-unknown-linux-gnu/4.9.3;/usr/tce/packages/gcc/gcc-4.9.3/gnu/lib64;/lib64;/usr/lib64]
  implicit fwks: []




Detecting C [-std=c11] compiler features compiled with the following output:
Change Dir: /g/g16/barbeau2/GPU/MLC_PPM/src/CMakeFiles/CMakeTmp

Run Build Command(s):/usr/tcetmp/bin/gmake cmTC_36c85/fast 
/usr/tcetmp/bin/gmake -f CMakeFiles/cmTC_36c85.dir/build.make CMakeFiles/cmTC_36c85.dir/build
gmake[1]: Entering directory '/g/g16/barbeau2/GPU/MLC_PPM/src/CMakeFiles/CMakeTmp'
Building C object CMakeFiles/cmTC_36c85.dir/feature_tests.c.o
/usr/tcetmp/bin/cc   -std=c11 -o CMakeFiles/cmTC_36c85.dir/feature_tests.c.o   -c /g/g16/barbeau2/GPU/MLC_PPM/src/CMakeFiles/feature_tests.c
Linking C executable cmTC_36c85
/usr/tce/packages/cmake/cmake-3.14.5/bin/cmake -E cmake_link_script CMakeFiles/cmTC_36c85.dir/link.txt --verbose=1
/usr/tcetmp/bin/cc      CMakeFiles/cmTC_36c85.dir/feature_tests.c.o  -o cmTC_36c85 
gmake[1]: Leaving directory '/g/g16/barbeau2/GPU/MLC_PPM/src/CMakeFiles/CMakeTmp'


    Feature record: C_FEATURE:1c_function_prototypes
    Feature record: C_FEATURE:1c_restrict
    Feature record: C_FEATURE:1c_static_assert
    Feature record: C_FEATURE:1c_variadic_macros


Detecting C [-std=c99] compiler features compiled with the following output:
Change Dir: /g/g16/barbeau2/GPU/MLC_PPM/src/CMakeFiles/CMakeTmp

Run Build Command(s):/usr/tcetmp/bin/gmake cmTC_af8ac/fast 
/usr/tcetmp/bin/gmake -f CMakeFiles/cmTC_af8ac.dir/build.make CMakeFiles/cmTC_af8ac.dir/build
gmake[1]: Entering directory '/g/g16/barbeau2/GPU/MLC_PPM/src/CMakeFiles/CMakeTmp'
Building C object CMakeFiles/cmTC_af8ac.dir/feature_tests.c.o
/usr/tcetmp/bin/cc   -std=c99 -o CMakeFiles/cmTC_af8ac.dir/feature_tests.c.o   -c /g/g16/barbeau2/GPU/MLC_PPM/src/CMakeFiles/feature_tests.c
Linking C executable cmTC_af8ac
/usr/tce/packages/cmake/cmake-3.14.5/bin/cmake -E cmake_link_script CMakeFiles/cmTC_af8ac.dir/link.txt --verbose=1
/usr/tcetmp/bin/cc      CMakeFiles/cmTC_af8ac.dir/feature_tests.c.o  -o cmTC_af8ac 
gmake[1]: Leaving directory '/g/g16/barbeau2/GPU/MLC_PPM/src/CMakeFiles/CMakeTmp'


    Feature record: C_FEATURE:1c_function_prototypes
    Feature record: C_FEATURE:1c_restrict
    Feature record: C_FEATURE:0c_static_assert
    Feature record: C_FEATURE:1c_variadic_macros


Detecting C [-std=c90] compiler features compiled with the following output:
Change Dir: /g/g16/barbeau2/GPU/MLC_PPM/src/CMakeFiles/CMakeTmp

Run Build Command(s):/usr/tcetmp/bin/gmake cmTC_bceb1/fast 
/usr/tcetmp/bin/gmake -f CMakeFiles/cmTC_bceb1.dir/build.make CMakeFiles/cmTC_bceb1.dir/build
gmake[1]: Entering directory '/g/g16/barbeau2/GPU/MLC_PPM/src/CMakeFiles/CMakeTmp'
Building C object CMakeFiles/cmTC_bceb1.dir/feature_tests.c.o
/usr/tcetmp/bin/cc   -std=c90 -o CMakeFiles/cmTC_bceb1.dir/feature_tests.c.o   -c /g/g16/barbeau2/GPU/MLC_PPM/src/CMakeFiles/feature_tests.c
Linking C executable cmTC_bceb1
/usr/tce/packages/cmake/cmake-3.14.5/bin/cmake -E cmake_link_script CMakeFiles/cmTC_bceb1.dir/link.txt --verbose=1
/usr/tcetmp/bin/cc      CMakeFiles/cmTC_bceb1.dir/feature_tests.c.o  -o cmTC_bceb1 
gmake[1]: Leaving directory '/g/g16/barbeau2/GPU/MLC_PPM/src/CMakeFiles/CMakeTmp'


    Feature record: C_FEATURE:1c_function_prototypes
    Feature record: C_FEATURE:0c_restrict
    Feature record: C_FEATURE:0c_static_assert
    Feature record: C_FEATURE:0c_variadic_macros
