The system is: Linux - 4.14.0-115.35.1.3chaos.ch6a.ppc64le - ppc64le
Compiling the CXX compiler identification source file "CMakeCXXCompilerId.cpp" succeeded.
Compiler: /usr/tce/packages/gcc/gcc-8.3.1/bin/c++ 
Build flags: 
Id flags:  

The output was:
0


Compilation of the CXX compiler identification source "CMakeCXXCompilerId.cpp" produced "a.out"

The CXX compiler identification is GNU, found in "/g/g16/barbeau2/GPU/MLC_PPM/examples/CMakeFiles/3.14.5/CompilerIdCXX/a.out"

Compiling the C compiler identification source file "CMakeCCompilerId.c" succeeded.
Compiler: /usr/tce/packages/gcc/gcc-8.3.1/bin/cc 
Build flags: 
Id flags:  

The output was:
0


Compilation of the C compiler identification source "CMakeCCompilerId.c" produced "a.out"

The C compiler identification is GNU, found in "/g/g16/barbeau2/GPU/MLC_PPM/examples/CMakeFiles/3.14.5/CompilerIdC/a.out"

Determining if the CXX compiler works passed with the following output:
Change Dir: /g/g16/barbeau2/GPU/MLC_PPM/examples/CMakeFiles/CMakeTmp

Run Build Command(s):/usr/tcetmp/bin/gmake cmTC_0f6ac/fast 
/usr/tcetmp/bin/gmake -f CMakeFiles/cmTC_0f6ac.dir/build.make CMakeFiles/cmTC_0f6ac.dir/build
gmake[1]: Entering directory '/g/g16/barbeau2/GPU/MLC_PPM/examples/CMakeFiles/CMakeTmp'
Building CXX object CMakeFiles/cmTC_0f6ac.dir/testCXXCompiler.cxx.o
/usr/tce/packages/gcc/gcc-8.3.1/bin/c++     -o CMakeFiles/cmTC_0f6ac.dir/testCXXCompiler.cxx.o -c /g/g16/barbeau2/GPU/MLC_PPM/examples/CMakeFiles/CMakeTmp/testCXXCompiler.cxx
Linking CXX executable cmTC_0f6ac
/usr/tce/packages/cmake/cmake-3.14.5/bin/cmake -E cmake_link_script CMakeFiles/cmTC_0f6ac.dir/link.txt --verbose=1
/usr/tce/packages/gcc/gcc-8.3.1/bin/c++       CMakeFiles/cmTC_0f6ac.dir/testCXXCompiler.cxx.o  -o cmTC_0f6ac 
gmake[1]: Leaving directory '/g/g16/barbeau2/GPU/MLC_PPM/examples/CMakeFiles/CMakeTmp'


Detecting CXX compiler ABI info compiled with the following output:
Change Dir: /g/g16/barbeau2/GPU/MLC_PPM/examples/CMakeFiles/CMakeTmp

Run Build Command(s):/usr/tcetmp/bin/gmake cmTC_94c14/fast 
/usr/tcetmp/bin/gmake -f CMakeFiles/cmTC_94c14.dir/build.make CMakeFiles/cmTC_94c14.dir/build
gmake[1]: Entering directory '/g/g16/barbeau2/GPU/MLC_PPM/examples/CMakeFiles/CMakeTmp'
Building CXX object CMakeFiles/cmTC_94c14.dir/CMakeCXXCompilerABI.cpp.o
/usr/tce/packages/gcc/gcc-8.3.1/bin/c++    -v -o CMakeFiles/cmTC_94c14.dir/CMakeCXXCompilerABI.cpp.o -c /usr/tce/packages/cmake/cmake-3.14.5/share/cmake/Modules/CMakeCXXCompilerABI.cpp
Using built-in specs.
COLLECT_GCC=/usr/tce/packages/gcc/gcc-8.3.1/rh/bin/c++
Target: ppc64le-redhat-linux
Configured with: ../configure --enable-bootstrap --enable-languages=c,c++,fortran,lto --prefix=/opt/rh/devtoolset-8/root/usr --mandir=/opt/rh/devtoolset-8/root/usr/share/man --infodir=/opt/rh/devtoolset-8/root/usr/share/info --with-bugurl=http://bugzilla.redhat.com/bugzilla --enable-shared --enable-threads=posix --enable-checking=release --enable-targets=powerpcle-linux --disable-multilib --with-system-zlib --enable-__cxa_atexit --disable-libunwind-exceptions --enable-gnu-unique-object --enable-linker-build-id --with-gcc-major-version-only --with-linker-hash-style=gnu --with-default-libstdcxx-abi=gcc4-compatible --enable-plugin --enable-initfini-array --with-isl=/builddir/build/BUILD/gcc-8.3.1-20190311/obj-ppc64le-redhat-linux/isl-install --disable-libmpx --enable-gnu-indirect-function --enable-secureplt --with-long-double-128 --with-cpu-32=power8 --with-tune-32=power8 --with-cpu-64=power8 --with-tune-64=power8 --build=ppc64le-redhat-linux
Thread model: posix
gcc version 8.3.1 20190311 (Red Hat 8.3.1-3) (GCC) 
COLLECT_GCC_OPTIONS='-v' '-o' 'CMakeFiles/cmTC_94c14.dir/CMakeCXXCompilerABI.cpp.o' '-c' '-shared-libgcc' '-mtune=power8' '-mcpu=power8'
 /usr/tce/packages/gcc/gcc-8.3.1/rh/usr/bin/../libexec/gcc/ppc64le-redhat-linux/8/cc1plus -quiet -v -iprefix /usr/tce/packages/gcc/gcc-8.3.1/rh/usr/bin/../lib/gcc/ppc64le-redhat-linux/8/ -D_GNU_SOURCE -D__unix__ -D__gnu_linux__ -D__linux__ -Dunix -D__unix -Dlinux -D__linux -Asystem=linux -Asystem=unix -Asystem=posix /usr/tce/packages/cmake/cmake-3.14.5/share/cmake/Modules/CMakeCXXCompilerABI.cpp -msecure-plt -quiet -dumpbase CMakeCXXCompilerABI.cpp -mtune=power8 -mcpu=power8 -auxbase-strip CMakeFiles/cmTC_94c14.dir/CMakeCXXCompilerABI.cpp.o -version -o /var/tmp/ccgsJ3aT.s
GNU C++14 (GCC) version 8.3.1 20190311 (Red Hat 8.3.1-3) (ppc64le-redhat-linux)
	compiled by GNU C version 8.3.1 20190311 (Red Hat 8.3.1-3), GMP version 6.0.0, MPFR version 3.1.1, MPC version 1.0.1, isl version isl-0.16.1-GMP

GGC heuristics: --param ggc-min-expand=100 --param ggc-min-heapsize=131072
ignoring nonexistent directory "/usr/tce/packages/gcc/gcc-8.3.1/rh/usr/bin/../lib/gcc/ppc64le-redhat-linux/8/include-fixed"
ignoring nonexistent directory "/usr/tce/packages/gcc/gcc-8.3.1/rh/usr/bin/../lib/gcc/ppc64le-redhat-linux/8/../../../../ppc64le-redhat-linux/include"
ignoring duplicate directory "/usr/tce/packages/gcc/gcc-8.3.1/rh/usr/bin/../lib/gcc/../../lib/gcc/ppc64le-redhat-linux/8/../../../../include/c++/8"
ignoring duplicate directory "/usr/tce/packages/gcc/gcc-8.3.1/rh/usr/bin/../lib/gcc/../../lib/gcc/ppc64le-redhat-linux/8/../../../../include/c++/8/ppc64le-redhat-linux"
ignoring duplicate directory "/usr/tce/packages/gcc/gcc-8.3.1/rh/usr/bin/../lib/gcc/../../lib/gcc/ppc64le-redhat-linux/8/../../../../include/c++/8/backward"
ignoring duplicate directory "/usr/tce/packages/gcc/gcc-8.3.1/rh/usr/bin/../lib/gcc/../../lib/gcc/ppc64le-redhat-linux/8/include"
ignoring nonexistent directory "/usr/tce/packages/gcc/gcc-8.3.1/rh/usr/bin/../lib/gcc/../../lib/gcc/ppc64le-redhat-linux/8/include-fixed"
ignoring nonexistent directory "/usr/tce/packages/gcc/gcc-8.3.1/rh/usr/bin/../lib/gcc/../../lib/gcc/ppc64le-redhat-linux/8/../../../../ppc64le-redhat-linux/include"
#include "..." search starts here:
#include <...> search starts here:
 /usr/tce/packages/gcc/gcc-8.3.1/rh/usr/bin/../lib/gcc/ppc64le-redhat-linux/8/../../../../include/c++/8
 /usr/tce/packages/gcc/gcc-8.3.1/rh/usr/bin/../lib/gcc/ppc64le-redhat-linux/8/../../../../include/c++/8/ppc64le-redhat-linux
 /usr/tce/packages/gcc/gcc-8.3.1/rh/usr/bin/../lib/gcc/ppc64le-redhat-linux/8/../../../../include/c++/8/backward
 /usr/tce/packages/gcc/gcc-8.3.1/rh/usr/bin/../lib/gcc/ppc64le-redhat-linux/8/include
 /usr/local/include
 /usr/tce/packages/gcc/gcc-8.3.1/rh/usr/bin/../lib/gcc/../../include
 /usr/include
End of search list.
GNU C++14 (GCC) version 8.3.1 20190311 (Red Hat 8.3.1-3) (ppc64le-redhat-linux)
	compiled by GNU C version 8.3.1 20190311 (Red Hat 8.3.1-3), GMP version 6.0.0, MPFR version 3.1.1, MPC version 1.0.1, isl version isl-0.16.1-GMP

GGC heuristics: --param ggc-min-expand=100 --param ggc-min-heapsize=131072
Compiler executable checksum: 16e8708e3cb63ee916cff70b274d2773
COLLECT_GCC_OPTIONS='-v' '-o' 'CMakeFiles/cmTC_94c14.dir/CMakeCXXCompilerABI.cpp.o' '-c' '-shared-libgcc' '-mtune=power8' '-mcpu=power8'
 /usr/tce/packages/gcc/gcc-8.3.1/rh/usr/bin/../libexec/gcc/ppc64le-redhat-linux/8/as -v -a64 -mpower8 -many -mlittle -o CMakeFiles/cmTC_94c14.dir/CMakeCXXCompilerABI.cpp.o /var/tmp/ccgsJ3aT.s
GNU assembler version 2.30 (ppc64le-redhat-linux) using BFD version version 2.30-54.el7
COMPILER_PATH=/usr/tce/packages/gcc/gcc-8.3.1/rh/usr/bin/../libexec/gcc/ppc64le-redhat-linux/8/:/usr/tce/packages/gcc/gcc-8.3.1/rh/usr/bin/../libexec/gcc/
LIBRARY_PATH=/usr/tce/packages/gcc/gcc-8.3.1/rh/usr/bin/../lib/gcc/ppc64le-redhat-linux/8/:/usr/tce/packages/gcc/gcc-8.3.1/rh/usr/bin/../lib/gcc/:/usr/tce/packages/gcc/gcc-8.3.1/rh/usr/bin/../lib/gcc/ppc64le-redhat-linux/8/../../../../lib64/:/lib/../lib64/:/usr/lib/../lib64/:/usr/tce/packages/gcc/gcc-8.3.1/rh/usr/bin/../lib/gcc/ppc64le-redhat-linux/8/../../../:/lib/:/usr/lib/
COLLECT_GCC_OPTIONS='-v' '-o' 'CMakeFiles/cmTC_94c14.dir/CMakeCXXCompilerABI.cpp.o' '-c' '-shared-libgcc' '-mtune=power8' '-mcpu=power8'
Linking CXX executable cmTC_94c14
/usr/tce/packages/cmake/cmake-3.14.5/bin/cmake -E cmake_link_script CMakeFiles/cmTC_94c14.dir/link.txt --verbose=1
/usr/tce/packages/gcc/gcc-8.3.1/bin/c++      -v CMakeFiles/cmTC_94c14.dir/CMakeCXXCompilerABI.cpp.o  -o cmTC_94c14 
Using built-in specs.
COLLECT_GCC=/usr/tce/packages/gcc/gcc-8.3.1/rh/bin/c++
COLLECT_LTO_WRAPPER=/usr/tce/packages/gcc/gcc-8.3.1/rh/usr/bin/../libexec/gcc/ppc64le-redhat-linux/8/lto-wrapper
Target: ppc64le-redhat-linux
Configured with: ../configure --enable-bootstrap --enable-languages=c,c++,fortran,lto --prefix=/opt/rh/devtoolset-8/root/usr --mandir=/opt/rh/devtoolset-8/root/usr/share/man --infodir=/opt/rh/devtoolset-8/root/usr/share/info --with-bugurl=http://bugzilla.redhat.com/bugzilla --enable-shared --enable-threads=posix --enable-checking=release --enable-targets=powerpcle-linux --disable-multilib --with-system-zlib --enable-__cxa_atexit --disable-libunwind-exceptions --enable-gnu-unique-object --enable-linker-build-id --with-gcc-major-version-only --with-linker-hash-style=gnu --with-default-libstdcxx-abi=gcc4-compatible --enable-plugin --enable-initfini-array --with-isl=/builddir/build/BUILD/gcc-8.3.1-20190311/obj-ppc64le-redhat-linux/isl-install --disable-libmpx --enable-gnu-indirect-function --enable-secureplt --with-long-double-128 --with-cpu-32=power8 --with-tune-32=power8 --with-cpu-64=power8 --with-tune-64=power8 --build=ppc64le-redhat-linux
Thread model: posix
gcc version 8.3.1 20190311 (Red Hat 8.3.1-3) (GCC) 
COMPILER_PATH=/usr/tce/packages/gcc/gcc-8.3.1/rh/usr/bin/../libexec/gcc/ppc64le-redhat-linux/8/:/usr/tce/packages/gcc/gcc-8.3.1/rh/usr/bin/../libexec/gcc/
LIBRARY_PATH=/usr/tce/packages/gcc/gcc-8.3.1/rh/usr/bin/../lib/gcc/ppc64le-redhat-linux/8/:/usr/tce/packages/gcc/gcc-8.3.1/rh/usr/bin/../lib/gcc/:/usr/tce/packages/gcc/gcc-8.3.1/rh/usr/bin/../lib/gcc/ppc64le-redhat-linux/8/../../../../lib64/:/lib/../lib64/:/usr/lib/../lib64/:/usr/tce/packages/gcc/gcc-8.3.1/rh/usr/bin/../lib/gcc/ppc64le-redhat-linux/8/../../../:/lib/:/usr/lib/
COLLECT_GCC_OPTIONS='-v' '-o' 'cmTC_94c14' '-shared-libgcc' '-mtune=power8' '-mcpu=power8'
 /usr/tce/packages/gcc/gcc-8.3.1/rh/usr/bin/../libexec/gcc/ppc64le-redhat-linux/8/collect2 -plugin /usr/tce/packages/gcc/gcc-8.3.1/rh/usr/bin/../libexec/gcc/ppc64le-redhat-linux/8/liblto_plugin.so -plugin-opt=/usr/tce/packages/gcc/gcc-8.3.1/rh/usr/bin/../libexec/gcc/ppc64le-redhat-linux/8/lto-wrapper -plugin-opt=-fresolution=/var/tmp/ccR5BGba.res -plugin-opt=-pass-through=-lgcc_s -plugin-opt=-pass-through=-lgcc -plugin-opt=-pass-through=-lc -plugin-opt=-pass-through=-lgcc_s -plugin-opt=-pass-through=-lgcc --build-id --no-add-needed --eh-frame-hdr --hash-style=gnu -V -m elf64lppc -dynamic-linker /lib64/ld64.so.2 -o cmTC_94c14 /lib/../lib64/crt1.o /lib/../lib64/crti.o /usr/tce/packages/gcc/gcc-8.3.1/rh/usr/bin/../lib/gcc/ppc64le-redhat-linux/8/crtbegin.o -L/usr/tce/packages/gcc/gcc-8.3.1/rh/usr/bin/../lib/gcc/ppc64le-redhat-linux/8 -L/usr/tce/packages/gcc/gcc-8.3.1/rh/usr/bin/../lib/gcc -L/usr/tce/packages/gcc/gcc-8.3.1/rh/usr/bin/../lib/gcc/ppc64le-redhat-linux/8/../../../../lib64 -L/lib/../lib64 -L/usr/lib/../lib64 -L/usr/tce/packages/gcc/gcc-8.3.1/rh/usr/bin/../lib/gcc/ppc64le-redhat-linux/8/../../.. CMakeFiles/cmTC_94c14.dir/CMakeCXXCompilerABI.cpp.o -lstdc++ -lm -lgcc_s -lgcc -lc -lgcc_s -lgcc /usr/tce/packages/gcc/gcc-8.3.1/rh/usr/bin/../lib/gcc/ppc64le-redhat-linux/8/crtend.o /lib/../lib64/crtn.o
GNU ld version 2.30-55.el7.2
  Supported emulations:
   elf64lppc
   elf32lppc
   elf32lppclinux
   elf32lppcsim
   elf64ppc
   elf32ppc
   elf32ppclinux
   elf32ppcsim
COLLECT_GCC_OPTIONS='-v' '-o' 'cmTC_94c14' '-shared-libgcc' '-mtune=power8' '-mcpu=power8'
gmake[1]: Leaving directory '/g/g16/barbeau2/GPU/MLC_PPM/examples/CMakeFiles/CMakeTmp'


Parsed CXX implicit include dir info from above output: rv=done
  found start of include info
  found start of implicit include info
    add: [/usr/tce/packages/gcc/gcc-8.3.1/rh/usr/bin/../lib/gcc/ppc64le-redhat-linux/8/../../../../include/c++/8]
    add: [/usr/tce/packages/gcc/gcc-8.3.1/rh/usr/bin/../lib/gcc/ppc64le-redhat-linux/8/../../../../include/c++/8/ppc64le-redhat-linux]
    add: [/usr/tce/packages/gcc/gcc-8.3.1/rh/usr/bin/../lib/gcc/ppc64le-redhat-linux/8/../../../../include/c++/8/backward]
    add: [/usr/tce/packages/gcc/gcc-8.3.1/rh/usr/bin/../lib/gcc/ppc64le-redhat-linux/8/include]
    add: [/usr/local/include]
    add: [/usr/tce/packages/gcc/gcc-8.3.1/rh/usr/bin/../lib/gcc/../../include]
    add: [/usr/include]
  end of search list found
  collapse include dir [/usr/tce/packages/gcc/gcc-8.3.1/rh/usr/bin/../lib/gcc/ppc64le-redhat-linux/8/../../../../include/c++/8] ==> [/usr/tce/packages/gcc/gcc-8.3.1/rh/usr/include/c++/8]
  collapse include dir [/usr/tce/packages/gcc/gcc-8.3.1/rh/usr/bin/../lib/gcc/ppc64le-redhat-linux/8/../../../../include/c++/8/ppc64le-redhat-linux] ==> [/usr/tce/packages/gcc/gcc-8.3.1/rh/usr/include/c++/8/ppc64le-redhat-linux]
  collapse include dir [/usr/tce/packages/gcc/gcc-8.3.1/rh/usr/bin/../lib/gcc/ppc64le-redhat-linux/8/../../../../include/c++/8/backward] ==> [/usr/tce/packages/gcc/gcc-8.3.1/rh/usr/include/c++/8/backward]
  collapse include dir [/usr/tce/packages/gcc/gcc-8.3.1/rh/usr/bin/../lib/gcc/ppc64le-redhat-linux/8/include] ==> [/usr/tce/packages/gcc/gcc-8.3.1/rh/usr/lib/gcc/ppc64le-redhat-linux/8/include]
  collapse include dir [/usr/local/include] ==> [/usr/local/include]
  collapse include dir [/usr/tce/packages/gcc/gcc-8.3.1/rh/usr/bin/../lib/gcc/../../include] ==> [/usr/tce/packages/gcc/gcc-8.3.1/rh/usr/include]
  collapse include dir [/usr/include] ==> [/usr/include]
  implicit include dirs: [/usr/tce/packages/gcc/gcc-8.3.1/rh/usr/include/c++/8;/usr/tce/packages/gcc/gcc-8.3.1/rh/usr/include/c++/8/ppc64le-redhat-linux;/usr/tce/packages/gcc/gcc-8.3.1/rh/usr/include/c++/8/backward;/usr/tce/packages/gcc/gcc-8.3.1/rh/usr/lib/gcc/ppc64le-redhat-linux/8/include;/usr/local/include;/usr/tce/packages/gcc/gcc-8.3.1/rh/usr/include;/usr/include]


Parsed CXX implicit link information from above output:
  link line regex: [^( *|.*[/\])(ld|CMAKE_LINK_STARTFILE-NOTFOUND|([^/\]+-)?ld|collect2)[^/\]*( |$)]
  ignore line: [Change Dir: /g/g16/barbeau2/GPU/MLC_PPM/examples/CMakeFiles/CMakeTmp]
  ignore line: []
  ignore line: [Run Build Command(s):/usr/tcetmp/bin/gmake cmTC_94c14/fast ]
  ignore line: [/usr/tcetmp/bin/gmake -f CMakeFiles/cmTC_94c14.dir/build.make CMakeFiles/cmTC_94c14.dir/build]
  ignore line: [gmake[1]: Entering directory '/g/g16/barbeau2/GPU/MLC_PPM/examples/CMakeFiles/CMakeTmp']
  ignore line: [Building CXX object CMakeFiles/cmTC_94c14.dir/CMakeCXXCompilerABI.cpp.o]
  ignore line: [/usr/tce/packages/gcc/gcc-8.3.1/bin/c++    -v -o CMakeFiles/cmTC_94c14.dir/CMakeCXXCompilerABI.cpp.o -c /usr/tce/packages/cmake/cmake-3.14.5/share/cmake/Modules/CMakeCXXCompilerABI.cpp]
  ignore line: [Using built-in specs.]
  ignore line: [COLLECT_GCC=/usr/tce/packages/gcc/gcc-8.3.1/rh/bin/c++]
  ignore line: [Target: ppc64le-redhat-linux]
  ignore line: [Configured with: ../configure --enable-bootstrap --enable-languages=c,c++,fortran,lto --prefix=/opt/rh/devtoolset-8/root/usr --mandir=/opt/rh/devtoolset-8/root/usr/share/man --infodir=/opt/rh/devtoolset-8/root/usr/share/info --with-bugurl=http://bugzilla.redhat.com/bugzilla --enable-shared --enable-threads=posix --enable-checking=release --enable-targets=powerpcle-linux --disable-multilib --with-system-zlib --enable-__cxa_atexit --disable-libunwind-exceptions --enable-gnu-unique-object --enable-linker-build-id --with-gcc-major-version-only --with-linker-hash-style=gnu --with-default-libstdcxx-abi=gcc4-compatible --enable-plugin --enable-initfini-array --with-isl=/builddir/build/BUILD/gcc-8.3.1-20190311/obj-ppc64le-redhat-linux/isl-install --disable-libmpx --enable-gnu-indirect-function --enable-secureplt --with-long-double-128 --with-cpu-32=power8 --with-tune-32=power8 --with-cpu-64=power8 --with-tune-64=power8 --build=ppc64le-redhat-linux]
  ignore line: [Thread model: posix]
  ignore line: [gcc version 8.3.1 20190311 (Red Hat 8.3.1-3) (GCC) ]
  ignore line: [COLLECT_GCC_OPTIONS='-v' '-o' 'CMakeFiles/cmTC_94c14.dir/CMakeCXXCompilerABI.cpp.o' '-c' '-shared-libgcc' '-mtune=power8' '-mcpu=power8']
  ignore line: [ /usr/tce/packages/gcc/gcc-8.3.1/rh/usr/bin/../libexec/gcc/ppc64le-redhat-linux/8/cc1plus -quiet -v -iprefix /usr/tce/packages/gcc/gcc-8.3.1/rh/usr/bin/../lib/gcc/ppc64le-redhat-linux/8/ -D_GNU_SOURCE -D__unix__ -D__gnu_linux__ -D__linux__ -Dunix -D__unix -Dlinux -D__linux -Asystem=linux -Asystem=unix -Asystem=posix /usr/tce/packages/cmake/cmake-3.14.5/share/cmake/Modules/CMakeCXXCompilerABI.cpp -msecure-plt -quiet -dumpbase CMakeCXXCompilerABI.cpp -mtune=power8 -mcpu=power8 -auxbase-strip CMakeFiles/cmTC_94c14.dir/CMakeCXXCompilerABI.cpp.o -version -o /var/tmp/ccgsJ3aT.s]
  ignore line: [GNU C++14 (GCC) version 8.3.1 20190311 (Red Hat 8.3.1-3) (ppc64le-redhat-linux)]
  ignore line: [	compiled by GNU C version 8.3.1 20190311 (Red Hat 8.3.1-3), GMP version 6.0.0, MPFR version 3.1.1, MPC version 1.0.1, isl version isl-0.16.1-GMP]
  ignore line: []
  ignore line: [GGC heuristics: --param ggc-min-expand=100 --param ggc-min-heapsize=131072]
  ignore line: [ignoring nonexistent directory "/usr/tce/packages/gcc/gcc-8.3.1/rh/usr/bin/../lib/gcc/ppc64le-redhat-linux/8/include-fixed"]
  ignore line: [ignoring nonexistent directory "/usr/tce/packages/gcc/gcc-8.3.1/rh/usr/bin/../lib/gcc/ppc64le-redhat-linux/8/../../../../ppc64le-redhat-linux/include"]
  ignore line: [ignoring duplicate directory "/usr/tce/packages/gcc/gcc-8.3.1/rh/usr/bin/../lib/gcc/../../lib/gcc/ppc64le-redhat-linux/8/../../../../include/c++/8"]
  ignore line: [ignoring duplicate directory "/usr/tce/packages/gcc/gcc-8.3.1/rh/usr/bin/../lib/gcc/../../lib/gcc/ppc64le-redhat-linux/8/../../../../include/c++/8/ppc64le-redhat-linux"]
  ignore line: [ignoring duplicate directory "/usr/tce/packages/gcc/gcc-8.3.1/rh/usr/bin/../lib/gcc/../../lib/gcc/ppc64le-redhat-linux/8/../../../../include/c++/8/backward"]
  ignore line: [ignoring duplicate directory "/usr/tce/packages/gcc/gcc-8.3.1/rh/usr/bin/../lib/gcc/../../lib/gcc/ppc64le-redhat-linux/8/include"]
  ignore line: [ignoring nonexistent directory "/usr/tce/packages/gcc/gcc-8.3.1/rh/usr/bin/../lib/gcc/../../lib/gcc/ppc64le-redhat-linux/8/include-fixed"]
  ignore line: [ignoring nonexistent directory "/usr/tce/packages/gcc/gcc-8.3.1/rh/usr/bin/../lib/gcc/../../lib/gcc/ppc64le-redhat-linux/8/../../../../ppc64le-redhat-linux/include"]
  ignore line: [#include "..." search starts here:]
  ignore line: [#include <...> search starts here:]
  ignore line: [ /usr/tce/packages/gcc/gcc-8.3.1/rh/usr/bin/../lib/gcc/ppc64le-redhat-linux/8/../../../../include/c++/8]
  ignore line: [ /usr/tce/packages/gcc/gcc-8.3.1/rh/usr/bin/../lib/gcc/ppc64le-redhat-linux/8/../../../../include/c++/8/ppc64le-redhat-linux]
  ignore line: [ /usr/tce/packages/gcc/gcc-8.3.1/rh/usr/bin/../lib/gcc/ppc64le-redhat-linux/8/../../../../include/c++/8/backward]
  ignore line: [ /usr/tce/packages/gcc/gcc-8.3.1/rh/usr/bin/../lib/gcc/ppc64le-redhat-linux/8/include]
  ignore line: [ /usr/local/include]
  ignore line: [ /usr/tce/packages/gcc/gcc-8.3.1/rh/usr/bin/../lib/gcc/../../include]
  ignore line: [ /usr/include]
  ignore line: [End of search list.]
  ignore line: [GNU C++14 (GCC) version 8.3.1 20190311 (Red Hat 8.3.1-3) (ppc64le-redhat-linux)]
  ignore line: [	compiled by GNU C version 8.3.1 20190311 (Red Hat 8.3.1-3), GMP version 6.0.0, MPFR version 3.1.1, MPC version 1.0.1, isl version isl-0.16.1-GMP]
  ignore line: []
  ignore line: [GGC heuristics: --param ggc-min-expand=100 --param ggc-min-heapsize=131072]
  ignore line: [Compiler executable checksum: 16e8708e3cb63ee916cff70b274d2773]
  ignore line: [COLLECT_GCC_OPTIONS='-v' '-o' 'CMakeFiles/cmTC_94c14.dir/CMakeCXXCompilerABI.cpp.o' '-c' '-shared-libgcc' '-mtune=power8' '-mcpu=power8']
  ignore line: [ /usr/tce/packages/gcc/gcc-8.3.1/rh/usr/bin/../libexec/gcc/ppc64le-redhat-linux/8/as -v -a64 -mpower8 -many -mlittle -o CMakeFiles/cmTC_94c14.dir/CMakeCXXCompilerABI.cpp.o /var/tmp/ccgsJ3aT.s]
  ignore line: [GNU assembler version 2.30 (ppc64le-redhat-linux) using BFD version version 2.30-54.el7]
  ignore line: [COMPILER_PATH=/usr/tce/packages/gcc/gcc-8.3.1/rh/usr/bin/../libexec/gcc/ppc64le-redhat-linux/8/:/usr/tce/packages/gcc/gcc-8.3.1/rh/usr/bin/../libexec/gcc/]
  ignore line: [LIBRARY_PATH=/usr/tce/packages/gcc/gcc-8.3.1/rh/usr/bin/../lib/gcc/ppc64le-redhat-linux/8/:/usr/tce/packages/gcc/gcc-8.3.1/rh/usr/bin/../lib/gcc/:/usr/tce/packages/gcc/gcc-8.3.1/rh/usr/bin/../lib/gcc/ppc64le-redhat-linux/8/../../../../lib64/:/lib/../lib64/:/usr/lib/../lib64/:/usr/tce/packages/gcc/gcc-8.3.1/rh/usr/bin/../lib/gcc/ppc64le-redhat-linux/8/../../../:/lib/:/usr/lib/]
  ignore line: [COLLECT_GCC_OPTIONS='-v' '-o' 'CMakeFiles/cmTC_94c14.dir/CMakeCXXCompilerABI.cpp.o' '-c' '-shared-libgcc' '-mtune=power8' '-mcpu=power8']
  ignore line: [Linking CXX executable cmTC_94c14]
  ignore line: [/usr/tce/packages/cmake/cmake-3.14.5/bin/cmake -E cmake_link_script CMakeFiles/cmTC_94c14.dir/link.txt --verbose=1]
  ignore line: [/usr/tce/packages/gcc/gcc-8.3.1/bin/c++      -v CMakeFiles/cmTC_94c14.dir/CMakeCXXCompilerABI.cpp.o  -o cmTC_94c14 ]
  ignore line: [Using built-in specs.]
  ignore line: [COLLECT_GCC=/usr/tce/packages/gcc/gcc-8.3.1/rh/bin/c++]
  ignore line: [COLLECT_LTO_WRAPPER=/usr/tce/packages/gcc/gcc-8.3.1/rh/usr/bin/../libexec/gcc/ppc64le-redhat-linux/8/lto-wrapper]
  ignore line: [Target: ppc64le-redhat-linux]
  ignore line: [Configured with: ../configure --enable-bootstrap --enable-languages=c,c++,fortran,lto --prefix=/opt/rh/devtoolset-8/root/usr --mandir=/opt/rh/devtoolset-8/root/usr/share/man --infodir=/opt/rh/devtoolset-8/root/usr/share/info --with-bugurl=http://bugzilla.redhat.com/bugzilla --enable-shared --enable-threads=posix --enable-checking=release --enable-targets=powerpcle-linux --disable-multilib --with-system-zlib --enable-__cxa_atexit --disable-libunwind-exceptions --enable-gnu-unique-object --enable-linker-build-id --with-gcc-major-version-only --with-linker-hash-style=gnu --with-default-libstdcxx-abi=gcc4-compatible --enable-plugin --enable-initfini-array --with-isl=/builddir/build/BUILD/gcc-8.3.1-20190311/obj-ppc64le-redhat-linux/isl-install --disable-libmpx --enable-gnu-indirect-function --enable-secureplt --with-long-double-128 --with-cpu-32=power8 --with-tune-32=power8 --with-cpu-64=power8 --with-tune-64=power8 --build=ppc64le-redhat-linux]
  ignore line: [Thread model: posix]
  ignore line: [gcc version 8.3.1 20190311 (Red Hat 8.3.1-3) (GCC) ]
  ignore line: [COMPILER_PATH=/usr/tce/packages/gcc/gcc-8.3.1/rh/usr/bin/../libexec/gcc/ppc64le-redhat-linux/8/:/usr/tce/packages/gcc/gcc-8.3.1/rh/usr/bin/../libexec/gcc/]
  ignore line: [LIBRARY_PATH=/usr/tce/packages/gcc/gcc-8.3.1/rh/usr/bin/../lib/gcc/ppc64le-redhat-linux/8/:/usr/tce/packages/gcc/gcc-8.3.1/rh/usr/bin/../lib/gcc/:/usr/tce/packages/gcc/gcc-8.3.1/rh/usr/bin/../lib/gcc/ppc64le-redhat-linux/8/../../../../lib64/:/lib/../lib64/:/usr/lib/../lib64/:/usr/tce/packages/gcc/gcc-8.3.1/rh/usr/bin/../lib/gcc/ppc64le-redhat-linux/8/../../../:/lib/:/usr/lib/]
  ignore line: [COLLECT_GCC_OPTIONS='-v' '-o' 'cmTC_94c14' '-shared-libgcc' '-mtune=power8' '-mcpu=power8']
  link line: [ /usr/tce/packages/gcc/gcc-8.3.1/rh/usr/bin/../libexec/gcc/ppc64le-redhat-linux/8/collect2 -plugin /usr/tce/packages/gcc/gcc-8.3.1/rh/usr/bin/../libexec/gcc/ppc64le-redhat-linux/8/liblto_plugin.so -plugin-opt=/usr/tce/packages/gcc/gcc-8.3.1/rh/usr/bin/../libexec/gcc/ppc64le-redhat-linux/8/lto-wrapper -plugin-opt=-fresolution=/var/tmp/ccR5BGba.res -plugin-opt=-pass-through=-lgcc_s -plugin-opt=-pass-through=-lgcc -plugin-opt=-pass-through=-lc -plugin-opt=-pass-through=-lgcc_s -plugin-opt=-pass-through=-lgcc --build-id --no-add-needed --eh-frame-hdr --hash-style=gnu -V -m elf64lppc -dynamic-linker /lib64/ld64.so.2 -o cmTC_94c14 /lib/../lib64/crt1.o /lib/../lib64/crti.o /usr/tce/packages/gcc/gcc-8.3.1/rh/usr/bin/../lib/gcc/ppc64le-redhat-linux/8/crtbegin.o -L/usr/tce/packages/gcc/gcc-8.3.1/rh/usr/bin/../lib/gcc/ppc64le-redhat-linux/8 -L/usr/tce/packages/gcc/gcc-8.3.1/rh/usr/bin/../lib/gcc -L/usr/tce/packages/gcc/gcc-8.3.1/rh/usr/bin/../lib/gcc/ppc64le-redhat-linux/8/../../../../lib64 -L/lib/../lib64 -L/usr/lib/../lib64 -L/usr/tce/packages/gcc/gcc-8.3.1/rh/usr/bin/../lib/gcc/ppc64le-redhat-linux/8/../../.. CMakeFiles/cmTC_94c14.dir/CMakeCXXCompilerABI.cpp.o -lstdc++ -lm -lgcc_s -lgcc -lc -lgcc_s -lgcc /usr/tce/packages/gcc/gcc-8.3.1/rh/usr/bin/../lib/gcc/ppc64le-redhat-linux/8/crtend.o /lib/../lib64/crtn.o]
    arg [/usr/tce/packages/gcc/gcc-8.3.1/rh/usr/bin/../libexec/gcc/ppc64le-redhat-linux/8/collect2] ==> ignore
    arg [-plugin] ==> ignore
    arg [/usr/tce/packages/gcc/gcc-8.3.1/rh/usr/bin/../libexec/gcc/ppc64le-redhat-linux/8/liblto_plugin.so] ==> ignore
    arg [-plugin-opt=/usr/tce/packages/gcc/gcc-8.3.1/rh/usr/bin/../libexec/gcc/ppc64le-redhat-linux/8/lto-wrapper] ==> ignore
    arg [-plugin-opt=-fresolution=/var/tmp/ccR5BGba.res] ==> ignore
    arg [-plugin-opt=-pass-through=-lgcc_s] ==> ignore
    arg [-plugin-opt=-pass-through=-lgcc] ==> ignore
    arg [-plugin-opt=-pass-through=-lc] ==> ignore
    arg [-plugin-opt=-pass-through=-lgcc_s] ==> ignore
    arg [-plugin-opt=-pass-through=-lgcc] ==> ignore
    arg [--build-id] ==> ignore
    arg [--no-add-needed] ==> ignore
    arg [--eh-frame-hdr] ==> ignore
    arg [--hash-style=gnu] ==> ignore
    arg [-V] ==> ignore
    arg [-m] ==> ignore
    arg [elf64lppc] ==> ignore
    arg [-dynamic-linker] ==> ignore
    arg [/lib64/ld64.so.2] ==> ignore
    arg [-o] ==> ignore
    arg [cmTC_94c14] ==> ignore
    arg [/lib/../lib64/crt1.o] ==> ignore
    arg [/lib/../lib64/crti.o] ==> ignore
    arg [/usr/tce/packages/gcc/gcc-8.3.1/rh/usr/bin/../lib/gcc/ppc64le-redhat-linux/8/crtbegin.o] ==> ignore
    arg [-L/usr/tce/packages/gcc/gcc-8.3.1/rh/usr/bin/../lib/gcc/ppc64le-redhat-linux/8] ==> dir [/usr/tce/packages/gcc/gcc-8.3.1/rh/usr/bin/../lib/gcc/ppc64le-redhat-linux/8]
    arg [-L/usr/tce/packages/gcc/gcc-8.3.1/rh/usr/bin/../lib/gcc] ==> dir [/usr/tce/packages/gcc/gcc-8.3.1/rh/usr/bin/../lib/gcc]
    arg [-L/usr/tce/packages/gcc/gcc-8.3.1/rh/usr/bin/../lib/gcc/ppc64le-redhat-linux/8/../../../../lib64] ==> dir [/usr/tce/packages/gcc/gcc-8.3.1/rh/usr/bin/../lib/gcc/ppc64le-redhat-linux/8/../../../../lib64]
    arg [-L/lib/../lib64] ==> dir [/lib/../lib64]
    arg [-L/usr/lib/../lib64] ==> dir [/usr/lib/../lib64]
    arg [-L/usr/tce/packages/gcc/gcc-8.3.1/rh/usr/bin/../lib/gcc/ppc64le-redhat-linux/8/../../..] ==> dir [/usr/tce/packages/gcc/gcc-8.3.1/rh/usr/bin/../lib/gcc/ppc64le-redhat-linux/8/../../..]
    arg [CMakeFiles/cmTC_94c14.dir/CMakeCXXCompilerABI.cpp.o] ==> ignore
    arg [-lstdc++] ==> lib [stdc++]
    arg [-lm] ==> lib [m]
    arg [-lgcc_s] ==> lib [gcc_s]
    arg [-lgcc] ==> lib [gcc]
    arg [-lc] ==> lib [c]
    arg [-lgcc_s] ==> lib [gcc_s]
    arg [-lgcc] ==> lib [gcc]
    arg [/usr/tce/packages/gcc/gcc-8.3.1/rh/usr/bin/../lib/gcc/ppc64le-redhat-linux/8/crtend.o] ==> ignore
    arg [/lib/../lib64/crtn.o] ==> ignore
  collapse library dir [/usr/tce/packages/gcc/gcc-8.3.1/rh/usr/bin/../lib/gcc/ppc64le-redhat-linux/8] ==> [/usr/tce/packages/gcc/gcc-8.3.1/rh/usr/lib/gcc/ppc64le-redhat-linux/8]
  collapse library dir [/usr/tce/packages/gcc/gcc-8.3.1/rh/usr/bin/../lib/gcc] ==> [/usr/tce/packages/gcc/gcc-8.3.1/rh/usr/lib/gcc]
  collapse library dir [/usr/tce/packages/gcc/gcc-8.3.1/rh/usr/bin/../lib/gcc/ppc64le-redhat-linux/8/../../../../lib64] ==> [/usr/tce/packages/gcc/gcc-8.3.1/rh/usr/lib64]
  collapse library dir [/lib/../lib64] ==> [/lib64]
  collapse library dir [/usr/lib/../lib64] ==> [/usr/lib64]
  collapse library dir [/usr/tce/packages/gcc/gcc-8.3.1/rh/usr/bin/../lib/gcc/ppc64le-redhat-linux/8/../../..] ==> [/usr/tce/packages/gcc/gcc-8.3.1/rh/usr/lib]
  implicit libs: [stdc++;m;gcc_s;gcc;c;gcc_s;gcc]
  implicit dirs: [/usr/tce/packages/gcc/gcc-8.3.1/rh/usr/lib/gcc/ppc64le-redhat-linux/8;/usr/tce/packages/gcc/gcc-8.3.1/rh/usr/lib/gcc;/usr/tce/packages/gcc/gcc-8.3.1/rh/usr/lib64;/lib64;/usr/lib64;/usr/tce/packages/gcc/gcc-8.3.1/rh/usr/lib]
  implicit fwks: []




Detecting CXX [-std=c++2a] compiler features compiled with the following output:
Change Dir: /g/g16/barbeau2/GPU/MLC_PPM/examples/CMakeFiles/CMakeTmp

Run Build Command(s):/usr/tcetmp/bin/gmake cmTC_da72b/fast 
/usr/tcetmp/bin/gmake -f CMakeFiles/cmTC_da72b.dir/build.make CMakeFiles/cmTC_da72b.dir/build
gmake[1]: Entering directory '/g/g16/barbeau2/GPU/MLC_PPM/examples/CMakeFiles/CMakeTmp'
Building CXX object CMakeFiles/cmTC_da72b.dir/feature_tests.cxx.o
/usr/tce/packages/gcc/gcc-8.3.1/bin/c++    -std=c++2a -o CMakeFiles/cmTC_da72b.dir/feature_tests.cxx.o -c /g/g16/barbeau2/GPU/MLC_PPM/examples/CMakeFiles/feature_tests.cxx
Linking CXX executable cmTC_da72b
/usr/tce/packages/cmake/cmake-3.14.5/bin/cmake -E cmake_link_script CMakeFiles/cmTC_da72b.dir/link.txt --verbose=1
/usr/tce/packages/gcc/gcc-8.3.1/bin/c++       CMakeFiles/cmTC_da72b.dir/feature_tests.cxx.o  -o cmTC_da72b 
gmake[1]: Leaving directory '/g/g16/barbeau2/GPU/MLC_PPM/examples/CMakeFiles/CMakeTmp'


    Feature record: CXX_FEATURE:1cxx_aggregate_default_initializers
    Feature record: CXX_FEATURE:1cxx_alias_templates
    Feature record: CXX_FEATURE:1cxx_alignas
    Feature record: CXX_FEATURE:1cxx_alignof
    Feature record: CXX_FEATURE:1cxx_attributes
    Feature record: CXX_FEATURE:1cxx_attribute_deprecated
    Feature record: CXX_FEATURE:1cxx_auto_type
    Feature record: CXX_FEATURE:1cxx_binary_literals
    Feature record: CXX_FEATURE:1cxx_constexpr
    Feature record: CXX_FEATURE:1cxx_contextual_conversions
    Feature record: CXX_FEATURE:1cxx_decltype
    Feature record: CXX_FEATURE:1cxx_decltype_auto
    Feature record: CXX_FEATURE:1cxx_decltype_incomplete_return_types
    Feature record: CXX_FEATURE:1cxx_default_function_template_args
    Feature record: CXX_FEATURE:1cxx_defaulted_functions
    Feature record: CXX_FEATURE:1cxx_defaulted_move_initializers
    Feature record: CXX_FEATURE:1cxx_delegating_constructors
    Feature record: CXX_FEATURE:1cxx_deleted_functions
    Feature record: CXX_FEATURE:1cxx_digit_separators
    Feature record: CXX_FEATURE:1cxx_enum_forward_declarations
    Feature record: CXX_FEATURE:1cxx_explicit_conversions
    Feature record: CXX_FEATURE:1cxx_extended_friend_declarations
    Feature record: CXX_FEATURE:1cxx_extern_templates
    Feature record: CXX_FEATURE:1cxx_final
    Feature record: CXX_FEATURE:1cxx_func_identifier
    Feature record: CXX_FEATURE:1cxx_generalized_initializers
    Feature record: CXX_FEATURE:1cxx_generic_lambdas
    Feature record: CXX_FEATURE:1cxx_inheriting_constructors
    Feature record: CXX_FEATURE:1cxx_inline_namespaces
    Feature record: CXX_FEATURE:1cxx_lambdas
    Feature record: CXX_FEATURE:1cxx_lambda_init_captures
    Feature record: CXX_FEATURE:1cxx_local_type_template_args
    Feature record: CXX_FEATURE:1cxx_long_long_type
    Feature record: CXX_FEATURE:1cxx_noexcept
    Feature record: CXX_FEATURE:1cxx_nonstatic_member_init
    Feature record: CXX_FEATURE:1cxx_nullptr
    Feature record: CXX_FEATURE:1cxx_override
    Feature record: CXX_FEATURE:1cxx_range_for
    Feature record: CXX_FEATURE:1cxx_raw_string_literals
    Feature record: CXX_FEATURE:1cxx_reference_qualified_functions
    Feature record: CXX_FEATURE:1cxx_relaxed_constexpr
    Feature record: CXX_FEATURE:1cxx_return_type_deduction
    Feature record: CXX_FEATURE:1cxx_right_angle_brackets
    Feature record: CXX_FEATURE:1cxx_rvalue_references
    Feature record: CXX_FEATURE:1cxx_sizeof_member
    Feature record: CXX_FEATURE:1cxx_static_assert
    Feature record: CXX_FEATURE:1cxx_strong_enums
    Feature record: CXX_FEATURE:1cxx_template_template_parameters
    Feature record: CXX_FEATURE:1cxx_thread_local
    Feature record: CXX_FEATURE:1cxx_trailing_return_types
    Feature record: CXX_FEATURE:1cxx_unicode_literals
    Feature record: CXX_FEATURE:1cxx_uniform_initialization
    Feature record: CXX_FEATURE:1cxx_unrestricted_unions
    Feature record: CXX_FEATURE:1cxx_user_literals
    Feature record: CXX_FEATURE:1cxx_variable_templates
    Feature record: CXX_FEATURE:1cxx_variadic_macros
    Feature record: CXX_FEATURE:1cxx_variadic_templates


Detecting CXX [-std=c++17] compiler features compiled with the following output:
Change Dir: /g/g16/barbeau2/GPU/MLC_PPM/examples/CMakeFiles/CMakeTmp

Run Build Command(s):/usr/tcetmp/bin/gmake cmTC_0a739/fast 
/usr/tcetmp/bin/gmake -f CMakeFiles/cmTC_0a739.dir/build.make CMakeFiles/cmTC_0a739.dir/build
gmake[1]: Entering directory '/g/g16/barbeau2/GPU/MLC_PPM/examples/CMakeFiles/CMakeTmp'
Building CXX object CMakeFiles/cmTC_0a739.dir/feature_tests.cxx.o
/usr/tce/packages/gcc/gcc-8.3.1/bin/c++    -std=c++17 -o CMakeFiles/cmTC_0a739.dir/feature_tests.cxx.o -c /g/g16/barbeau2/GPU/MLC_PPM/examples/CMakeFiles/feature_tests.cxx
Linking CXX executable cmTC_0a739
/usr/tce/packages/cmake/cmake-3.14.5/bin/cmake -E cmake_link_script CMakeFiles/cmTC_0a739.dir/link.txt --verbose=1
/usr/tce/packages/gcc/gcc-8.3.1/bin/c++       CMakeFiles/cmTC_0a739.dir/feature_tests.cxx.o  -o cmTC_0a739 
gmake[1]: Leaving directory '/g/g16/barbeau2/GPU/MLC_PPM/examples/CMakeFiles/CMakeTmp'


    Feature record: CXX_FEATURE:1cxx_aggregate_default_initializers
    Feature record: CXX_FEATURE:1cxx_alias_templates
    Feature record: CXX_FEATURE:1cxx_alignas
    Feature record: CXX_FEATURE:1cxx_alignof
    Feature record: CXX_FEATURE:1cxx_attributes
    Feature record: CXX_FEATURE:1cxx_attribute_deprecated
    Feature record: CXX_FEATURE:1cxx_auto_type
    Feature record: CXX_FEATURE:1cxx_binary_literals
    Feature record: CXX_FEATURE:1cxx_constexpr
    Feature record: CXX_FEATURE:1cxx_contextual_conversions
    Feature record: CXX_FEATURE:1cxx_decltype
    Feature record: CXX_FEATURE:1cxx_decltype_auto
    Feature record: CXX_FEATURE:1cxx_decltype_incomplete_return_types
    Feature record: CXX_FEATURE:1cxx_default_function_template_args
    Feature record: CXX_FEATURE:1cxx_defaulted_functions
    Feature record: CXX_FEATURE:1cxx_defaulted_move_initializers
    Feature record: CXX_FEATURE:1cxx_delegating_constructors
    Feature record: CXX_FEATURE:1cxx_deleted_functions
    Feature record: CXX_FEATURE:1cxx_digit_separators
    Feature record: CXX_FEATURE:1cxx_enum_forward_declarations
    Feature record: CXX_FEATURE:1cxx_explicit_conversions
    Feature record: CXX_FEATURE:1cxx_extended_friend_declarations
    Feature record: CXX_FEATURE:1cxx_extern_templates
    Feature record: CXX_FEATURE:1cxx_final
    Feature record: CXX_FEATURE:1cxx_func_identifier
    Feature record: CXX_FEATURE:1cxx_generalized_initializers
    Feature record: CXX_FEATURE:1cxx_generic_lambdas
    Feature record: CXX_FEATURE:1cxx_inheriting_constructors
    Feature record: CXX_FEATURE:1cxx_inline_namespaces
    Feature record: CXX_FEATURE:1cxx_lambdas
    Feature record: CXX_FEATURE:1cxx_lambda_init_captures
    Feature record: CXX_FEATURE:1cxx_local_type_template_args
    Feature record: CXX_FEATURE:1cxx_long_long_type
    Feature record: CXX_FEATURE:1cxx_noexcept
    Feature record: CXX_FEATURE:1cxx_nonstatic_member_init
    Feature record: CXX_FEATURE:1cxx_nullptr
    Feature record: CXX_FEATURE:1cxx_override
    Feature record: CXX_FEATURE:1cxx_range_for
    Feature record: CXX_FEATURE:1cxx_raw_string_literals
    Feature record: CXX_FEATURE:1cxx_reference_qualified_functions
    Feature record: CXX_FEATURE:1cxx_relaxed_constexpr
    Feature record: CXX_FEATURE:1cxx_return_type_deduction
    Feature record: CXX_FEATURE:1cxx_right_angle_brackets
    Feature record: CXX_FEATURE:1cxx_rvalue_references
    Feature record: CXX_FEATURE:1cxx_sizeof_member
    Feature record: CXX_FEATURE:1cxx_static_assert
    Feature record: CXX_FEATURE:1cxx_strong_enums
    Feature record: CXX_FEATURE:1cxx_template_template_parameters
    Feature record: CXX_FEATURE:1cxx_thread_local
    Feature record: CXX_FEATURE:1cxx_trailing_return_types
    Feature record: CXX_FEATURE:1cxx_unicode_literals
    Feature record: CXX_FEATURE:1cxx_uniform_initialization
    Feature record: CXX_FEATURE:1cxx_unrestricted_unions
    Feature record: CXX_FEATURE:1cxx_user_literals
    Feature record: CXX_FEATURE:1cxx_variable_templates
    Feature record: CXX_FEATURE:1cxx_variadic_macros
    Feature record: CXX_FEATURE:1cxx_variadic_templates


Detecting CXX [-std=c++14] compiler features compiled with the following output:
Change Dir: /g/g16/barbeau2/GPU/MLC_PPM/examples/CMakeFiles/CMakeTmp

Run Build Command(s):/usr/tcetmp/bin/gmake cmTC_08d1a/fast 
/usr/tcetmp/bin/gmake -f CMakeFiles/cmTC_08d1a.dir/build.make CMakeFiles/cmTC_08d1a.dir/build
gmake[1]: Entering directory '/g/g16/barbeau2/GPU/MLC_PPM/examples/CMakeFiles/CMakeTmp'
Building CXX object CMakeFiles/cmTC_08d1a.dir/feature_tests.cxx.o
/usr/tce/packages/gcc/gcc-8.3.1/bin/c++    -std=c++14 -o CMakeFiles/cmTC_08d1a.dir/feature_tests.cxx.o -c /g/g16/barbeau2/GPU/MLC_PPM/examples/CMakeFiles/feature_tests.cxx
Linking CXX executable cmTC_08d1a
/usr/tce/packages/cmake/cmake-3.14.5/bin/cmake -E cmake_link_script CMakeFiles/cmTC_08d1a.dir/link.txt --verbose=1
/usr/tce/packages/gcc/gcc-8.3.1/bin/c++       CMakeFiles/cmTC_08d1a.dir/feature_tests.cxx.o  -o cmTC_08d1a 
gmake[1]: Leaving directory '/g/g16/barbeau2/GPU/MLC_PPM/examples/CMakeFiles/CMakeTmp'


    Feature record: CXX_FEATURE:1cxx_aggregate_default_initializers
    Feature record: CXX_FEATURE:1cxx_alias_templates
    Feature record: CXX_FEATURE:1cxx_alignas
    Feature record: CXX_FEATURE:1cxx_alignof
    Feature record: CXX_FEATURE:1cxx_attributes
    Feature record: CXX_FEATURE:1cxx_attribute_deprecated
    Feature record: CXX_FEATURE:1cxx_auto_type
    Feature record: CXX_FEATURE:1cxx_binary_literals
    Feature record: CXX_FEATURE:1cxx_constexpr
    Feature record: CXX_FEATURE:1cxx_contextual_conversions
    Feature record: CXX_FEATURE:1cxx_decltype
    Feature record: CXX_FEATURE:1cxx_decltype_auto
    Feature record: CXX_FEATURE:1cxx_decltype_incomplete_return_types
    Feature record: CXX_FEATURE:1cxx_default_function_template_args
    Feature record: CXX_FEATURE:1cxx_defaulted_functions
    Feature record: CXX_FEATURE:1cxx_defaulted_move_initializers
    Feature record: CXX_FEATURE:1cxx_delegating_constructors
    Feature record: CXX_FEATURE:1cxx_deleted_functions
    Feature record: CXX_FEATURE:1cxx_digit_separators
    Feature record: CXX_FEATURE:1cxx_enum_forward_declarations
    Feature record: CXX_FEATURE:1cxx_explicit_conversions
    Feature record: CXX_FEATURE:1cxx_extended_friend_declarations
    Feature record: CXX_FEATURE:1cxx_extern_templates
    Feature record: CXX_FEATURE:1cxx_final
    Feature record: CXX_FEATURE:1cxx_func_identifier
    Feature record: CXX_FEATURE:1cxx_generalized_initializers
    Feature record: CXX_FEATURE:1cxx_generic_lambdas
    Feature record: CXX_FEATURE:1cxx_inheriting_constructors
    Feature record: CXX_FEATURE:1cxx_inline_namespaces
    Feature record: CXX_FEATURE:1cxx_lambdas
    Feature record: CXX_FEATURE:1cxx_lambda_init_captures
    Feature record: CXX_FEATURE:1cxx_local_type_template_args
    Feature record: CXX_FEATURE:1cxx_long_long_type
    Feature record: CXX_FEATURE:1cxx_noexcept
    Feature record: CXX_FEATURE:1cxx_nonstatic_member_init
    Feature record: CXX_FEATURE:1cxx_nullptr
    Feature record: CXX_FEATURE:1cxx_override
    Feature record: CXX_FEATURE:1cxx_range_for
    Feature record: CXX_FEATURE:1cxx_raw_string_literals
    Feature record: CXX_FEATURE:1cxx_reference_qualified_functions
    Feature record: CXX_FEATURE:1cxx_relaxed_constexpr
    Feature record: CXX_FEATURE:1cxx_return_type_deduction
    Feature record: CXX_FEATURE:1cxx_right_angle_brackets
    Feature record: CXX_FEATURE:1cxx_rvalue_references
    Feature record: CXX_FEATURE:1cxx_sizeof_member
    Feature record: CXX_FEATURE:1cxx_static_assert
    Feature record: CXX_FEATURE:1cxx_strong_enums
    Feature record: CXX_FEATURE:1cxx_template_template_parameters
    Feature record: CXX_FEATURE:1cxx_thread_local
    Feature record: CXX_FEATURE:1cxx_trailing_return_types
    Feature record: CXX_FEATURE:1cxx_unicode_literals
    Feature record: CXX_FEATURE:1cxx_uniform_initialization
    Feature record: CXX_FEATURE:1cxx_unrestricted_unions
    Feature record: CXX_FEATURE:1cxx_user_literals
    Feature record: CXX_FEATURE:1cxx_variable_templates
    Feature record: CXX_FEATURE:1cxx_variadic_macros
    Feature record: CXX_FEATURE:1cxx_variadic_templates


Detecting CXX [-std=c++11] compiler features compiled with the following output:
Change Dir: /g/g16/barbeau2/GPU/MLC_PPM/examples/CMakeFiles/CMakeTmp

Run Build Command(s):/usr/tcetmp/bin/gmake cmTC_a2be0/fast 
/usr/tcetmp/bin/gmake -f CMakeFiles/cmTC_a2be0.dir/build.make CMakeFiles/cmTC_a2be0.dir/build
gmake[1]: Entering directory '/g/g16/barbeau2/GPU/MLC_PPM/examples/CMakeFiles/CMakeTmp'
Building CXX object CMakeFiles/cmTC_a2be0.dir/feature_tests.cxx.o
/usr/tce/packages/gcc/gcc-8.3.1/bin/c++    -std=c++11 -o CMakeFiles/cmTC_a2be0.dir/feature_tests.cxx.o -c /g/g16/barbeau2/GPU/MLC_PPM/examples/CMakeFiles/feature_tests.cxx
Linking CXX executable cmTC_a2be0
/usr/tce/packages/cmake/cmake-3.14.5/bin/cmake -E cmake_link_script CMakeFiles/cmTC_a2be0.dir/link.txt --verbose=1
/usr/tce/packages/gcc/gcc-8.3.1/bin/c++       CMakeFiles/cmTC_a2be0.dir/feature_tests.cxx.o  -o cmTC_a2be0 
gmake[1]: Leaving directory '/g/g16/barbeau2/GPU/MLC_PPM/examples/CMakeFiles/CMakeTmp'


    Feature record: CXX_FEATURE:0cxx_aggregate_default_initializers
    Feature record: CXX_FEATURE:1cxx_alias_templates
    Feature record: CXX_FEATURE:1cxx_alignas
    Feature record: CXX_FEATURE:1cxx_alignof
    Feature record: CXX_FEATURE:1cxx_attributes
    Feature record: CXX_FEATURE:0cxx_attribute_deprecated
    Feature record: CXX_FEATURE:1cxx_auto_type
    Feature record: CXX_FEATURE:0cxx_binary_literals
    Feature record: CXX_FEATURE:1cxx_constexpr
    Feature record: CXX_FEATURE:0cxx_contextual_conversions
    Feature record: CXX_FEATURE:1cxx_decltype
    Feature record: CXX_FEATURE:0cxx_decltype_auto
    Feature record: CXX_FEATURE:1cxx_decltype_incomplete_return_types
    Feature record: CXX_FEATURE:1cxx_default_function_template_args
    Feature record: CXX_FEATURE:1cxx_defaulted_functions
    Feature record: CXX_FEATURE:1cxx_defaulted_move_initializers
    Feature record: CXX_FEATURE:1cxx_delegating_constructors
    Feature record: CXX_FEATURE:1cxx_deleted_functions
    Feature record: CXX_FEATURE:0cxx_digit_separators
    Feature record: CXX_FEATURE:1cxx_enum_forward_declarations
    Feature record: CXX_FEATURE:1cxx_explicit_conversions
    Feature record: CXX_FEATURE:1cxx_extended_friend_declarations
    Feature record: CXX_FEATURE:1cxx_extern_templates
    Feature record: CXX_FEATURE:1cxx_final
    Feature record: CXX_FEATURE:1cxx_func_identifier
    Feature record: CXX_FEATURE:1cxx_generalized_initializers
    Feature record: CXX_FEATURE:0cxx_generic_lambdas
    Feature record: CXX_FEATURE:1cxx_inheriting_constructors
    Feature record: CXX_FEATURE:1cxx_inline_namespaces
    Feature record: CXX_FEATURE:1cxx_lambdas
    Feature record: CXX_FEATURE:0cxx_lambda_init_captures
    Feature record: CXX_FEATURE:1cxx_local_type_template_args
    Feature record: CXX_FEATURE:1cxx_long_long_type
    Feature record: CXX_FEATURE:1cxx_noexcept
    Feature record: CXX_FEATURE:1cxx_nonstatic_member_init
    Feature record: CXX_FEATURE:1cxx_nullptr
    Feature record: CXX_FEATURE:1cxx_override
    Feature record: CXX_FEATURE:1cxx_range_for
    Feature record: CXX_FEATURE:1cxx_raw_string_literals
    Feature record: CXX_FEATURE:1cxx_reference_qualified_functions
    Feature record: CXX_FEATURE:0cxx_relaxed_constexpr
    Feature record: CXX_FEATURE:0cxx_return_type_deduction
    Feature record: CXX_FEATURE:1cxx_right_angle_brackets
    Feature record: CXX_FEATURE:1cxx_rvalue_references
    Feature record: CXX_FEATURE:1cxx_sizeof_member
    Feature record: CXX_FEATURE:1cxx_static_assert
    Feature record: CXX_FEATURE:1cxx_strong_enums
    Feature record: CXX_FEATURE:1cxx_template_template_parameters
    Feature record: CXX_FEATURE:1cxx_thread_local
    Feature record: CXX_FEATURE:1cxx_trailing_return_types
    Feature record: CXX_FEATURE:1cxx_unicode_literals
    Feature record: CXX_FEATURE:1cxx_uniform_initialization
    Feature record: CXX_FEATURE:1cxx_unrestricted_unions
    Feature record: CXX_FEATURE:1cxx_user_literals
    Feature record: CXX_FEATURE:0cxx_variable_templates
    Feature record: CXX_FEATURE:1cxx_variadic_macros
    Feature record: CXX_FEATURE:1cxx_variadic_templates


Detecting CXX [-std=c++98] compiler features compiled with the following output:
Change Dir: /g/g16/barbeau2/GPU/MLC_PPM/examples/CMakeFiles/CMakeTmp

Run Build Command(s):/usr/tcetmp/bin/gmake cmTC_2842b/fast 
/usr/tcetmp/bin/gmake -f CMakeFiles/cmTC_2842b.dir/build.make CMakeFiles/cmTC_2842b.dir/build
gmake[1]: Entering directory '/g/g16/barbeau2/GPU/MLC_PPM/examples/CMakeFiles/CMakeTmp'
Building CXX object CMakeFiles/cmTC_2842b.dir/feature_tests.cxx.o
/usr/tce/packages/gcc/gcc-8.3.1/bin/c++    -std=c++98 -o CMakeFiles/cmTC_2842b.dir/feature_tests.cxx.o -c /g/g16/barbeau2/GPU/MLC_PPM/examples/CMakeFiles/feature_tests.cxx
Linking CXX executable cmTC_2842b
/usr/tce/packages/cmake/cmake-3.14.5/bin/cmake -E cmake_link_script CMakeFiles/cmTC_2842b.dir/link.txt --verbose=1
/usr/tce/packages/gcc/gcc-8.3.1/bin/c++       CMakeFiles/cmTC_2842b.dir/feature_tests.cxx.o  -o cmTC_2842b 
gmake[1]: Leaving directory '/g/g16/barbeau2/GPU/MLC_PPM/examples/CMakeFiles/CMakeTmp'


    Feature record: CXX_FEATURE:0cxx_aggregate_default_initializers
    Feature record: CXX_FEATURE:0cxx_alias_templates
    Feature record: CXX_FEATURE:0cxx_alignas
    Feature record: CXX_FEATURE:0cxx_alignof
    Feature record: CXX_FEATURE:0cxx_attributes
    Feature record: CXX_FEATURE:0cxx_attribute_deprecated
    Feature record: CXX_FEATURE:0cxx_auto_type
    Feature record: CXX_FEATURE:0cxx_binary_literals
    Feature record: CXX_FEATURE:0cxx_constexpr
    Feature record: CXX_FEATURE:0cxx_contextual_conversions
    Feature record: CXX_FEATURE:0cxx_decltype
    Feature record: CXX_FEATURE:0cxx_decltype_auto
    Feature record: CXX_FEATURE:0cxx_decltype_incomplete_return_types
    Feature record: CXX_FEATURE:0cxx_default_function_template_args
    Feature record: CXX_FEATURE:0cxx_defaulted_functions
    Feature record: CXX_FEATURE:0cxx_defaulted_move_initializers
    Feature record: CXX_FEATURE:0cxx_delegating_constructors
    Feature record: CXX_FEATURE:0cxx_deleted_functions
    Feature record: CXX_FEATURE:0cxx_digit_separators
    Feature record: CXX_FEATURE:0cxx_enum_forward_declarations
    Feature record: CXX_FEATURE:0cxx_explicit_conversions
    Feature record: CXX_FEATURE:0cxx_extended_friend_declarations
    Feature record: CXX_FEATURE:0cxx_extern_templates
    Feature record: CXX_FEATURE:0cxx_final
    Feature record: CXX_FEATURE:0cxx_func_identifier
    Feature record: CXX_FEATURE:0cxx_generalized_initializers
    Feature record: CXX_FEATURE:0cxx_generic_lambdas
    Feature record: CXX_FEATURE:0cxx_inheriting_constructors
    Feature record: CXX_FEATURE:0cxx_inline_namespaces
    Feature record: CXX_FEATURE:0cxx_lambdas
    Feature record: CXX_FEATURE:0cxx_lambda_init_captures
    Feature record: CXX_FEATURE:0cxx_local_type_template_args
    Feature record: CXX_FEATURE:0cxx_long_long_type
    Feature record: CXX_FEATURE:0cxx_noexcept
    Feature record: CXX_FEATURE:0cxx_nonstatic_member_init
    Feature record: CXX_FEATURE:0cxx_nullptr
    Feature record: CXX_FEATURE:0cxx_override
    Feature record: CXX_FEATURE:0cxx_range_for
    Feature record: CXX_FEATURE:0cxx_raw_string_literals
    Feature record: CXX_FEATURE:0cxx_reference_qualified_functions
    Feature record: CXX_FEATURE:0cxx_relaxed_constexpr
    Feature record: CXX_FEATURE:0cxx_return_type_deduction
    Feature record: CXX_FEATURE:0cxx_right_angle_brackets
    Feature record: CXX_FEATURE:0cxx_rvalue_references
    Feature record: CXX_FEATURE:0cxx_sizeof_member
    Feature record: CXX_FEATURE:0cxx_static_assert
    Feature record: CXX_FEATURE:0cxx_strong_enums
    Feature record: CXX_FEATURE:1cxx_template_template_parameters
    Feature record: CXX_FEATURE:0cxx_thread_local
    Feature record: CXX_FEATURE:0cxx_trailing_return_types
    Feature record: CXX_FEATURE:0cxx_unicode_literals
    Feature record: CXX_FEATURE:0cxx_uniform_initialization
    Feature record: CXX_FEATURE:0cxx_unrestricted_unions
    Feature record: CXX_FEATURE:0cxx_user_literals
    Feature record: CXX_FEATURE:0cxx_variable_templates
    Feature record: CXX_FEATURE:0cxx_variadic_macros
    Feature record: CXX_FEATURE:0cxx_variadic_templates
Determining if the C compiler works passed with the following output:
Change Dir: /g/g16/barbeau2/GPU/MLC_PPM/examples/CMakeFiles/CMakeTmp

Run Build Command(s):/usr/tcetmp/bin/gmake cmTC_88c60/fast 
/usr/tcetmp/bin/gmake -f CMakeFiles/cmTC_88c60.dir/build.make CMakeFiles/cmTC_88c60.dir/build
gmake[1]: Entering directory '/g/g16/barbeau2/GPU/MLC_PPM/examples/CMakeFiles/CMakeTmp'
Building C object CMakeFiles/cmTC_88c60.dir/testCCompiler.c.o
/usr/tce/packages/gcc/gcc-8.3.1/bin/cc    -o CMakeFiles/cmTC_88c60.dir/testCCompiler.c.o   -c /g/g16/barbeau2/GPU/MLC_PPM/examples/CMakeFiles/CMakeTmp/testCCompiler.c
Linking C executable cmTC_88c60
/usr/tce/packages/cmake/cmake-3.14.5/bin/cmake -E cmake_link_script CMakeFiles/cmTC_88c60.dir/link.txt --verbose=1
/usr/tce/packages/gcc/gcc-8.3.1/bin/cc      CMakeFiles/cmTC_88c60.dir/testCCompiler.c.o  -o cmTC_88c60 
gmake[1]: Leaving directory '/g/g16/barbeau2/GPU/MLC_PPM/examples/CMakeFiles/CMakeTmp'


Detecting C compiler ABI info compiled with the following output:
Change Dir: /g/g16/barbeau2/GPU/MLC_PPM/examples/CMakeFiles/CMakeTmp

Run Build Command(s):/usr/tcetmp/bin/gmake cmTC_a9409/fast 
/usr/tcetmp/bin/gmake -f CMakeFiles/cmTC_a9409.dir/build.make CMakeFiles/cmTC_a9409.dir/build
gmake[1]: Entering directory '/g/g16/barbeau2/GPU/MLC_PPM/examples/CMakeFiles/CMakeTmp'
Building C object CMakeFiles/cmTC_a9409.dir/CMakeCCompilerABI.c.o
/usr/tce/packages/gcc/gcc-8.3.1/bin/cc   -v -o CMakeFiles/cmTC_a9409.dir/CMakeCCompilerABI.c.o   -c /usr/tce/packages/cmake/cmake-3.14.5/share/cmake/Modules/CMakeCCompilerABI.c
Using built-in specs.
COLLECT_GCC=/usr/tce/packages/gcc/gcc-8.3.1/rh/bin/cc
Target: ppc64le-redhat-linux
Configured with: ../configure --enable-bootstrap --enable-languages=c,c++,fortran,lto --prefix=/opt/rh/devtoolset-8/root/usr --mandir=/opt/rh/devtoolset-8/root/usr/share/man --infodir=/opt/rh/devtoolset-8/root/usr/share/info --with-bugurl=http://bugzilla.redhat.com/bugzilla --enable-shared --enable-threads=posix --enable-checking=release --enable-targets=powerpcle-linux --disable-multilib --with-system-zlib --enable-__cxa_atexit --disable-libunwind-exceptions --enable-gnu-unique-object --enable-linker-build-id --with-gcc-major-version-only --with-linker-hash-style=gnu --with-default-libstdcxx-abi=gcc4-compatible --enable-plugin --enable-initfini-array --with-isl=/builddir/build/BUILD/gcc-8.3.1-20190311/obj-ppc64le-redhat-linux/isl-install --disable-libmpx --enable-gnu-indirect-function --enable-secureplt --with-long-double-128 --with-cpu-32=power8 --with-tune-32=power8 --with-cpu-64=power8 --with-tune-64=power8 --build=ppc64le-redhat-linux
Thread model: posix
gcc version 8.3.1 20190311 (Red Hat 8.3.1-3) (GCC) 
COLLECT_GCC_OPTIONS='-v' '-o' 'CMakeFiles/cmTC_a9409.dir/CMakeCCompilerABI.c.o' '-c' '-mtune=power8' '-mcpu=power8'
 /usr/tce/packages/gcc/gcc-8.3.1/rh/usr/bin/../libexec/gcc/ppc64le-redhat-linux/8/cc1 -quiet -v -iprefix /usr/tce/packages/gcc/gcc-8.3.1/rh/usr/bin/../lib/gcc/ppc64le-redhat-linux/8/ -D__unix__ -D__gnu_linux__ -D__linux__ -Dunix -D__unix -Dlinux -D__linux -Asystem=linux -Asystem=unix -Asystem=posix /usr/tce/packages/cmake/cmake-3.14.5/share/cmake/Modules/CMakeCCompilerABI.c -msecure-plt -quiet -dumpbase CMakeCCompilerABI.c -mtune=power8 -mcpu=power8 -auxbase-strip CMakeFiles/cmTC_a9409.dir/CMakeCCompilerABI.c.o -version -o /var/tmp/ccigQnfO.s
GNU C17 (GCC) version 8.3.1 20190311 (Red Hat 8.3.1-3) (ppc64le-redhat-linux)
	compiled by GNU C version 8.3.1 20190311 (Red Hat 8.3.1-3), GMP version 6.0.0, MPFR version 3.1.1, MPC version 1.0.1, isl version isl-0.16.1-GMP

GGC heuristics: --param ggc-min-expand=100 --param ggc-min-heapsize=131072
ignoring nonexistent directory "/usr/tce/packages/gcc/gcc-8.3.1/rh/usr/bin/../lib/gcc/ppc64le-redhat-linux/8/include-fixed"
ignoring nonexistent directory "/usr/tce/packages/gcc/gcc-8.3.1/rh/usr/bin/../lib/gcc/ppc64le-redhat-linux/8/../../../../ppc64le-redhat-linux/include"
ignoring duplicate directory "/usr/tce/packages/gcc/gcc-8.3.1/rh/usr/bin/../lib/gcc/../../lib/gcc/ppc64le-redhat-linux/8/include"
ignoring nonexistent directory "/usr/tce/packages/gcc/gcc-8.3.1/rh/usr/bin/../lib/gcc/../../lib/gcc/ppc64le-redhat-linux/8/include-fixed"
ignoring nonexistent directory "/usr/tce/packages/gcc/gcc-8.3.1/rh/usr/bin/../lib/gcc/../../lib/gcc/ppc64le-redhat-linux/8/../../../../ppc64le-redhat-linux/include"
#include "..." search starts here:
#include <...> search starts here:
 /usr/tce/packages/gcc/gcc-8.3.1/rh/usr/bin/../lib/gcc/ppc64le-redhat-linux/8/include
 /usr/local/include
 /usr/tce/packages/gcc/gcc-8.3.1/rh/usr/bin/../lib/gcc/../../include
 /usr/include
End of search list.
GNU C17 (GCC) version 8.3.1 20190311 (Red Hat 8.3.1-3) (ppc64le-redhat-linux)
	compiled by GNU C version 8.3.1 20190311 (Red Hat 8.3.1-3), GMP version 6.0.0, MPFR version 3.1.1, MPC version 1.0.1, isl version isl-0.16.1-GMP

GGC heuristics: --param ggc-min-expand=100 --param ggc-min-heapsize=131072
Compiler executable checksum: 1f3c2757706e2c5c096afc6f8e5af70e
COLLECT_GCC_OPTIONS='-v' '-o' 'CMakeFiles/cmTC_a9409.dir/CMakeCCompilerABI.c.o' '-c' '-mtune=power8' '-mcpu=power8'
 /usr/tce/packages/gcc/gcc-8.3.1/rh/usr/bin/../libexec/gcc/ppc64le-redhat-linux/8/as -v -a64 -mpower8 -many -mlittle -o CMakeFiles/cmTC_a9409.dir/CMakeCCompilerABI.c.o /var/tmp/ccigQnfO.s
GNU assembler version 2.30 (ppc64le-redhat-linux) using BFD version version 2.30-54.el7
COMPILER_PATH=/usr/tce/packages/gcc/gcc-8.3.1/rh/usr/bin/../libexec/gcc/ppc64le-redhat-linux/8/:/usr/tce/packages/gcc/gcc-8.3.1/rh/usr/bin/../libexec/gcc/
LIBRARY_PATH=/usr/tce/packages/gcc/gcc-8.3.1/rh/usr/bin/../lib/gcc/ppc64le-redhat-linux/8/:/usr/tce/packages/gcc/gcc-8.3.1/rh/usr/bin/../lib/gcc/:/usr/tce/packages/gcc/gcc-8.3.1/rh/usr/bin/../lib/gcc/ppc64le-redhat-linux/8/../../../../lib64/:/lib/../lib64/:/usr/lib/../lib64/:/usr/tce/packages/gcc/gcc-8.3.1/rh/usr/bin/../lib/gcc/ppc64le-redhat-linux/8/../../../:/lib/:/usr/lib/
COLLECT_GCC_OPTIONS='-v' '-o' 'CMakeFiles/cmTC_a9409.dir/CMakeCCompilerABI.c.o' '-c' '-mtune=power8' '-mcpu=power8'
Linking C executable cmTC_a9409
/usr/tce/packages/cmake/cmake-3.14.5/bin/cmake -E cmake_link_script CMakeFiles/cmTC_a9409.dir/link.txt --verbose=1
/usr/tce/packages/gcc/gcc-8.3.1/bin/cc     -v CMakeFiles/cmTC_a9409.dir/CMakeCCompilerABI.c.o  -o cmTC_a9409 
Using built-in specs.
COLLECT_GCC=/usr/tce/packages/gcc/gcc-8.3.1/rh/bin/cc
COLLECT_LTO_WRAPPER=/usr/tce/packages/gcc/gcc-8.3.1/rh/usr/bin/../libexec/gcc/ppc64le-redhat-linux/8/lto-wrapper
Target: ppc64le-redhat-linux
Configured with: ../configure --enable-bootstrap --enable-languages=c,c++,fortran,lto --prefix=/opt/rh/devtoolset-8/root/usr --mandir=/opt/rh/devtoolset-8/root/usr/share/man --infodir=/opt/rh/devtoolset-8/root/usr/share/info --with-bugurl=http://bugzilla.redhat.com/bugzilla --enable-shared --enable-threads=posix --enable-checking=release --enable-targets=powerpcle-linux --disable-multilib --with-system-zlib --enable-__cxa_atexit --disable-libunwind-exceptions --enable-gnu-unique-object --enable-linker-build-id --with-gcc-major-version-only --with-linker-hash-style=gnu --with-default-libstdcxx-abi=gcc4-compatible --enable-plugin --enable-initfini-array --with-isl=/builddir/build/BUILD/gcc-8.3.1-20190311/obj-ppc64le-redhat-linux/isl-install --disable-libmpx --enable-gnu-indirect-function --enable-secureplt --with-long-double-128 --with-cpu-32=power8 --with-tune-32=power8 --with-cpu-64=power8 --with-tune-64=power8 --build=ppc64le-redhat-linux
Thread model: posix
gcc version 8.3.1 20190311 (Red Hat 8.3.1-3) (GCC) 
COMPILER_PATH=/usr/tce/packages/gcc/gcc-8.3.1/rh/usr/bin/../libexec/gcc/ppc64le-redhat-linux/8/:/usr/tce/packages/gcc/gcc-8.3.1/rh/usr/bin/../libexec/gcc/
LIBRARY_PATH=/usr/tce/packages/gcc/gcc-8.3.1/rh/usr/bin/../lib/gcc/ppc64le-redhat-linux/8/:/usr/tce/packages/gcc/gcc-8.3.1/rh/usr/bin/../lib/gcc/:/usr/tce/packages/gcc/gcc-8.3.1/rh/usr/bin/../lib/gcc/ppc64le-redhat-linux/8/../../../../lib64/:/lib/../lib64/:/usr/lib/../lib64/:/usr/tce/packages/gcc/gcc-8.3.1/rh/usr/bin/../lib/gcc/ppc64le-redhat-linux/8/../../../:/lib/:/usr/lib/
COLLECT_GCC_OPTIONS='-v' '-o' 'cmTC_a9409' '-mtune=power8' '-mcpu=power8'
 /usr/tce/packages/gcc/gcc-8.3.1/rh/usr/bin/../libexec/gcc/ppc64le-redhat-linux/8/collect2 -plugin /usr/tce/packages/gcc/gcc-8.3.1/rh/usr/bin/../libexec/gcc/ppc64le-redhat-linux/8/liblto_plugin.so -plugin-opt=/usr/tce/packages/gcc/gcc-8.3.1/rh/usr/bin/../libexec/gcc/ppc64le-redhat-linux/8/lto-wrapper -plugin-opt=-fresolution=/var/tmp/cc6TOMD1.res -plugin-opt=-pass-through=-lgcc -plugin-opt=-pass-through=-lgcc_s -plugin-opt=-pass-through=-lc -plugin-opt=-pass-through=-lgcc -plugin-opt=-pass-through=-lgcc_s --build-id --no-add-needed --eh-frame-hdr --hash-style=gnu -V -m elf64lppc -dynamic-linker /lib64/ld64.so.2 -o cmTC_a9409 /lib/../lib64/crt1.o /lib/../lib64/crti.o /usr/tce/packages/gcc/gcc-8.3.1/rh/usr/bin/../lib/gcc/ppc64le-redhat-linux/8/crtbegin.o -L/usr/tce/packages/gcc/gcc-8.3.1/rh/usr/bin/../lib/gcc/ppc64le-redhat-linux/8 -L/usr/tce/packages/gcc/gcc-8.3.1/rh/usr/bin/../lib/gcc -L/usr/tce/packages/gcc/gcc-8.3.1/rh/usr/bin/../lib/gcc/ppc64le-redhat-linux/8/../../../../lib64 -L/lib/../lib64 -L/usr/lib/../lib64 -L/usr/tce/packages/gcc/gcc-8.3.1/rh/usr/bin/../lib/gcc/ppc64le-redhat-linux/8/../../.. CMakeFiles/cmTC_a9409.dir/CMakeCCompilerABI.c.o -lgcc --as-needed -lgcc_s --no-as-needed -lc -lgcc --as-needed -lgcc_s --no-as-needed /usr/tce/packages/gcc/gcc-8.3.1/rh/usr/bin/../lib/gcc/ppc64le-redhat-linux/8/crtend.o /lib/../lib64/crtn.o
GNU ld version 2.30-55.el7.2
  Supported emulations:
   elf64lppc
   elf32lppc
   elf32lppclinux
   elf32lppcsim
   elf64ppc
   elf32ppc
   elf32ppclinux
   elf32ppcsim
COLLECT_GCC_OPTIONS='-v' '-o' 'cmTC_a9409' '-mtune=power8' '-mcpu=power8'
gmake[1]: Leaving directory '/g/g16/barbeau2/GPU/MLC_PPM/examples/CMakeFiles/CMakeTmp'


Parsed C implicit include dir info from above output: rv=done
  found start of include info
  found start of implicit include info
    add: [/usr/tce/packages/gcc/gcc-8.3.1/rh/usr/bin/../lib/gcc/ppc64le-redhat-linux/8/include]
    add: [/usr/local/include]
    add: [/usr/tce/packages/gcc/gcc-8.3.1/rh/usr/bin/../lib/gcc/../../include]
    add: [/usr/include]
  end of search list found
  collapse include dir [/usr/tce/packages/gcc/gcc-8.3.1/rh/usr/bin/../lib/gcc/ppc64le-redhat-linux/8/include] ==> [/usr/tce/packages/gcc/gcc-8.3.1/rh/usr/lib/gcc/ppc64le-redhat-linux/8/include]
  collapse include dir [/usr/local/include] ==> [/usr/local/include]
  collapse include dir [/usr/tce/packages/gcc/gcc-8.3.1/rh/usr/bin/../lib/gcc/../../include] ==> [/usr/tce/packages/gcc/gcc-8.3.1/rh/usr/include]
  collapse include dir [/usr/include] ==> [/usr/include]
  implicit include dirs: [/usr/tce/packages/gcc/gcc-8.3.1/rh/usr/lib/gcc/ppc64le-redhat-linux/8/include;/usr/local/include;/usr/tce/packages/gcc/gcc-8.3.1/rh/usr/include;/usr/include]


Parsed C implicit link information from above output:
  link line regex: [^( *|.*[/\])(ld|CMAKE_LINK_STARTFILE-NOTFOUND|([^/\]+-)?ld|collect2)[^/\]*( |$)]
  ignore line: [Change Dir: /g/g16/barbeau2/GPU/MLC_PPM/examples/CMakeFiles/CMakeTmp]
  ignore line: []
  ignore line: [Run Build Command(s):/usr/tcetmp/bin/gmake cmTC_a9409/fast ]
  ignore line: [/usr/tcetmp/bin/gmake -f CMakeFiles/cmTC_a9409.dir/build.make CMakeFiles/cmTC_a9409.dir/build]
  ignore line: [gmake[1]: Entering directory '/g/g16/barbeau2/GPU/MLC_PPM/examples/CMakeFiles/CMakeTmp']
  ignore line: [Building C object CMakeFiles/cmTC_a9409.dir/CMakeCCompilerABI.c.o]
  ignore line: [/usr/tce/packages/gcc/gcc-8.3.1/bin/cc   -v -o CMakeFiles/cmTC_a9409.dir/CMakeCCompilerABI.c.o   -c /usr/tce/packages/cmake/cmake-3.14.5/share/cmake/Modules/CMakeCCompilerABI.c]
  ignore line: [Using built-in specs.]
  ignore line: [COLLECT_GCC=/usr/tce/packages/gcc/gcc-8.3.1/rh/bin/cc]
  ignore line: [Target: ppc64le-redhat-linux]
  ignore line: [Configured with: ../configure --enable-bootstrap --enable-languages=c,c++,fortran,lto --prefix=/opt/rh/devtoolset-8/root/usr --mandir=/opt/rh/devtoolset-8/root/usr/share/man --infodir=/opt/rh/devtoolset-8/root/usr/share/info --with-bugurl=http://bugzilla.redhat.com/bugzilla --enable-shared --enable-threads=posix --enable-checking=release --enable-targets=powerpcle-linux --disable-multilib --with-system-zlib --enable-__cxa_atexit --disable-libunwind-exceptions --enable-gnu-unique-object --enable-linker-build-id --with-gcc-major-version-only --with-linker-hash-style=gnu --with-default-libstdcxx-abi=gcc4-compatible --enable-plugin --enable-initfini-array --with-isl=/builddir/build/BUILD/gcc-8.3.1-20190311/obj-ppc64le-redhat-linux/isl-install --disable-libmpx --enable-gnu-indirect-function --enable-secureplt --with-long-double-128 --with-cpu-32=power8 --with-tune-32=power8 --with-cpu-64=power8 --with-tune-64=power8 --build=ppc64le-redhat-linux]
  ignore line: [Thread model: posix]
  ignore line: [gcc version 8.3.1 20190311 (Red Hat 8.3.1-3) (GCC) ]
  ignore line: [COLLECT_GCC_OPTIONS='-v' '-o' 'CMakeFiles/cmTC_a9409.dir/CMakeCCompilerABI.c.o' '-c' '-mtune=power8' '-mcpu=power8']
  ignore line: [ /usr/tce/packages/gcc/gcc-8.3.1/rh/usr/bin/../libexec/gcc/ppc64le-redhat-linux/8/cc1 -quiet -v -iprefix /usr/tce/packages/gcc/gcc-8.3.1/rh/usr/bin/../lib/gcc/ppc64le-redhat-linux/8/ -D__unix__ -D__gnu_linux__ -D__linux__ -Dunix -D__unix -Dlinux -D__linux -Asystem=linux -Asystem=unix -Asystem=posix /usr/tce/packages/cmake/cmake-3.14.5/share/cmake/Modules/CMakeCCompilerABI.c -msecure-plt -quiet -dumpbase CMakeCCompilerABI.c -mtune=power8 -mcpu=power8 -auxbase-strip CMakeFiles/cmTC_a9409.dir/CMakeCCompilerABI.c.o -version -o /var/tmp/ccigQnfO.s]
  ignore line: [GNU C17 (GCC) version 8.3.1 20190311 (Red Hat 8.3.1-3) (ppc64le-redhat-linux)]
  ignore line: [	compiled by GNU C version 8.3.1 20190311 (Red Hat 8.3.1-3), GMP version 6.0.0, MPFR version 3.1.1, MPC version 1.0.1, isl version isl-0.16.1-GMP]
  ignore line: []
  ignore line: [GGC heuristics: --param ggc-min-expand=100 --param ggc-min-heapsize=131072]
  ignore line: [ignoring nonexistent directory "/usr/tce/packages/gcc/gcc-8.3.1/rh/usr/bin/../lib/gcc/ppc64le-redhat-linux/8/include-fixed"]
  ignore line: [ignoring nonexistent directory "/usr/tce/packages/gcc/gcc-8.3.1/rh/usr/bin/../lib/gcc/ppc64le-redhat-linux/8/../../../../ppc64le-redhat-linux/include"]
  ignore line: [ignoring duplicate directory "/usr/tce/packages/gcc/gcc-8.3.1/rh/usr/bin/../lib/gcc/../../lib/gcc/ppc64le-redhat-linux/8/include"]
  ignore line: [ignoring nonexistent directory "/usr/tce/packages/gcc/gcc-8.3.1/rh/usr/bin/../lib/gcc/../../lib/gcc/ppc64le-redhat-linux/8/include-fixed"]
  ignore line: [ignoring nonexistent directory "/usr/tce/packages/gcc/gcc-8.3.1/rh/usr/bin/../lib/gcc/../../lib/gcc/ppc64le-redhat-linux/8/../../../../ppc64le-redhat-linux/include"]
  ignore line: [#include "..." search starts here:]
  ignore line: [#include <...> search starts here:]
  ignore line: [ /usr/tce/packages/gcc/gcc-8.3.1/rh/usr/bin/../lib/gcc/ppc64le-redhat-linux/8/include]
  ignore line: [ /usr/local/include]
  ignore line: [ /usr/tce/packages/gcc/gcc-8.3.1/rh/usr/bin/../lib/gcc/../../include]
  ignore line: [ /usr/include]
  ignore line: [End of search list.]
  ignore line: [GNU C17 (GCC) version 8.3.1 20190311 (Red Hat 8.3.1-3) (ppc64le-redhat-linux)]
  ignore line: [	compiled by GNU C version 8.3.1 20190311 (Red Hat 8.3.1-3), GMP version 6.0.0, MPFR version 3.1.1, MPC version 1.0.1, isl version isl-0.16.1-GMP]
  ignore line: []
  ignore line: [GGC heuristics: --param ggc-min-expand=100 --param ggc-min-heapsize=131072]
  ignore line: [Compiler executable checksum: 1f3c2757706e2c5c096afc6f8e5af70e]
  ignore line: [COLLECT_GCC_OPTIONS='-v' '-o' 'CMakeFiles/cmTC_a9409.dir/CMakeCCompilerABI.c.o' '-c' '-mtune=power8' '-mcpu=power8']
  ignore line: [ /usr/tce/packages/gcc/gcc-8.3.1/rh/usr/bin/../libexec/gcc/ppc64le-redhat-linux/8/as -v -a64 -mpower8 -many -mlittle -o CMakeFiles/cmTC_a9409.dir/CMakeCCompilerABI.c.o /var/tmp/ccigQnfO.s]
  ignore line: [GNU assembler version 2.30 (ppc64le-redhat-linux) using BFD version version 2.30-54.el7]
  ignore line: [COMPILER_PATH=/usr/tce/packages/gcc/gcc-8.3.1/rh/usr/bin/../libexec/gcc/ppc64le-redhat-linux/8/:/usr/tce/packages/gcc/gcc-8.3.1/rh/usr/bin/../libexec/gcc/]
  ignore line: [LIBRARY_PATH=/usr/tce/packages/gcc/gcc-8.3.1/rh/usr/bin/../lib/gcc/ppc64le-redhat-linux/8/:/usr/tce/packages/gcc/gcc-8.3.1/rh/usr/bin/../lib/gcc/:/usr/tce/packages/gcc/gcc-8.3.1/rh/usr/bin/../lib/gcc/ppc64le-redhat-linux/8/../../../../lib64/:/lib/../lib64/:/usr/lib/../lib64/:/usr/tce/packages/gcc/gcc-8.3.1/rh/usr/bin/../lib/gcc/ppc64le-redhat-linux/8/../../../:/lib/:/usr/lib/]
  ignore line: [COLLECT_GCC_OPTIONS='-v' '-o' 'CMakeFiles/cmTC_a9409.dir/CMakeCCompilerABI.c.o' '-c' '-mtune=power8' '-mcpu=power8']
  ignore line: [Linking C executable cmTC_a9409]
  ignore line: [/usr/tce/packages/cmake/cmake-3.14.5/bin/cmake -E cmake_link_script CMakeFiles/cmTC_a9409.dir/link.txt --verbose=1]
  ignore line: [/usr/tce/packages/gcc/gcc-8.3.1/bin/cc     -v CMakeFiles/cmTC_a9409.dir/CMakeCCompilerABI.c.o  -o cmTC_a9409 ]
  ignore line: [Using built-in specs.]
  ignore line: [COLLECT_GCC=/usr/tce/packages/gcc/gcc-8.3.1/rh/bin/cc]
  ignore line: [COLLECT_LTO_WRAPPER=/usr/tce/packages/gcc/gcc-8.3.1/rh/usr/bin/../libexec/gcc/ppc64le-redhat-linux/8/lto-wrapper]
  ignore line: [Target: ppc64le-redhat-linux]
  ignore line: [Configured with: ../configure --enable-bootstrap --enable-languages=c,c++,fortran,lto --prefix=/opt/rh/devtoolset-8/root/usr --mandir=/opt/rh/devtoolset-8/root/usr/share/man --infodir=/opt/rh/devtoolset-8/root/usr/share/info --with-bugurl=http://bugzilla.redhat.com/bugzilla --enable-shared --enable-threads=posix --enable-checking=release --enable-targets=powerpcle-linux --disable-multilib --with-system-zlib --enable-__cxa_atexit --disable-libunwind-exceptions --enable-gnu-unique-object --enable-linker-build-id --with-gcc-major-version-only --with-linker-hash-style=gnu --with-default-libstdcxx-abi=gcc4-compatible --enable-plugin --enable-initfini-array --with-isl=/builddir/build/BUILD/gcc-8.3.1-20190311/obj-ppc64le-redhat-linux/isl-install --disable-libmpx --enable-gnu-indirect-function --enable-secureplt --with-long-double-128 --with-cpu-32=power8 --with-tune-32=power8 --with-cpu-64=power8 --with-tune-64=power8 --build=ppc64le-redhat-linux]
  ignore line: [Thread model: posix]
  ignore line: [gcc version 8.3.1 20190311 (Red Hat 8.3.1-3) (GCC) ]
  ignore line: [COMPILER_PATH=/usr/tce/packages/gcc/gcc-8.3.1/rh/usr/bin/../libexec/gcc/ppc64le-redhat-linux/8/:/usr/tce/packages/gcc/gcc-8.3.1/rh/usr/bin/../libexec/gcc/]
  ignore line: [LIBRARY_PATH=/usr/tce/packages/gcc/gcc-8.3.1/rh/usr/bin/../lib/gcc/ppc64le-redhat-linux/8/:/usr/tce/packages/gcc/gcc-8.3.1/rh/usr/bin/../lib/gcc/:/usr/tce/packages/gcc/gcc-8.3.1/rh/usr/bin/../lib/gcc/ppc64le-redhat-linux/8/../../../../lib64/:/lib/../lib64/:/usr/lib/../lib64/:/usr/tce/packages/gcc/gcc-8.3.1/rh/usr/bin/../lib/gcc/ppc64le-redhat-linux/8/../../../:/lib/:/usr/lib/]
  ignore line: [COLLECT_GCC_OPTIONS='-v' '-o' 'cmTC_a9409' '-mtune=power8' '-mcpu=power8']
  link line: [ /usr/tce/packages/gcc/gcc-8.3.1/rh/usr/bin/../libexec/gcc/ppc64le-redhat-linux/8/collect2 -plugin /usr/tce/packages/gcc/gcc-8.3.1/rh/usr/bin/../libexec/gcc/ppc64le-redhat-linux/8/liblto_plugin.so -plugin-opt=/usr/tce/packages/gcc/gcc-8.3.1/rh/usr/bin/../libexec/gcc/ppc64le-redhat-linux/8/lto-wrapper -plugin-opt=-fresolution=/var/tmp/cc6TOMD1.res -plugin-opt=-pass-through=-lgcc -plugin-opt=-pass-through=-lgcc_s -plugin-opt=-pass-through=-lc -plugin-opt=-pass-through=-lgcc -plugin-opt=-pass-through=-lgcc_s --build-id --no-add-needed --eh-frame-hdr --hash-style=gnu -V -m elf64lppc -dynamic-linker /lib64/ld64.so.2 -o cmTC_a9409 /lib/../lib64/crt1.o /lib/../lib64/crti.o /usr/tce/packages/gcc/gcc-8.3.1/rh/usr/bin/../lib/gcc/ppc64le-redhat-linux/8/crtbegin.o -L/usr/tce/packages/gcc/gcc-8.3.1/rh/usr/bin/../lib/gcc/ppc64le-redhat-linux/8 -L/usr/tce/packages/gcc/gcc-8.3.1/rh/usr/bin/../lib/gcc -L/usr/tce/packages/gcc/gcc-8.3.1/rh/usr/bin/../lib/gcc/ppc64le-redhat-linux/8/../../../../lib64 -L/lib/../lib64 -L/usr/lib/../lib64 -L/usr/tce/packages/gcc/gcc-8.3.1/rh/usr/bin/../lib/gcc/ppc64le-redhat-linux/8/../../.. CMakeFiles/cmTC_a9409.dir/CMakeCCompilerABI.c.o -lgcc --as-needed -lgcc_s --no-as-needed -lc -lgcc --as-needed -lgcc_s --no-as-needed /usr/tce/packages/gcc/gcc-8.3.1/rh/usr/bin/../lib/gcc/ppc64le-redhat-linux/8/crtend.o /lib/../lib64/crtn.o]
    arg [/usr/tce/packages/gcc/gcc-8.3.1/rh/usr/bin/../libexec/gcc/ppc64le-redhat-linux/8/collect2] ==> ignore
    arg [-plugin] ==> ignore
    arg [/usr/tce/packages/gcc/gcc-8.3.1/rh/usr/bin/../libexec/gcc/ppc64le-redhat-linux/8/liblto_plugin.so] ==> ignore
    arg [-plugin-opt=/usr/tce/packages/gcc/gcc-8.3.1/rh/usr/bin/../libexec/gcc/ppc64le-redhat-linux/8/lto-wrapper] ==> ignore
    arg [-plugin-opt=-fresolution=/var/tmp/cc6TOMD1.res] ==> ignore
    arg [-plugin-opt=-pass-through=-lgcc] ==> ignore
    arg [-plugin-opt=-pass-through=-lgcc_s] ==> ignore
    arg [-plugin-opt=-pass-through=-lc] ==> ignore
    arg [-plugin-opt=-pass-through=-lgcc] ==> ignore
    arg [-plugin-opt=-pass-through=-lgcc_s] ==> ignore
    arg [--build-id] ==> ignore
    arg [--no-add-needed] ==> ignore
    arg [--eh-frame-hdr] ==> ignore
    arg [--hash-style=gnu] ==> ignore
    arg [-V] ==> ignore
    arg [-m] ==> ignore
    arg [elf64lppc] ==> ignore
    arg [-dynamic-linker] ==> ignore
    arg [/lib64/ld64.so.2] ==> ignore
    arg [-o] ==> ignore
    arg [cmTC_a9409] ==> ignore
    arg [/lib/../lib64/crt1.o] ==> ignore
    arg [/lib/../lib64/crti.o] ==> ignore
    arg [/usr/tce/packages/gcc/gcc-8.3.1/rh/usr/bin/../lib/gcc/ppc64le-redhat-linux/8/crtbegin.o] ==> ignore
    arg [-L/usr/tce/packages/gcc/gcc-8.3.1/rh/usr/bin/../lib/gcc/ppc64le-redhat-linux/8] ==> dir [/usr/tce/packages/gcc/gcc-8.3.1/rh/usr/bin/../lib/gcc/ppc64le-redhat-linux/8]
    arg [-L/usr/tce/packages/gcc/gcc-8.3.1/rh/usr/bin/../lib/gcc] ==> dir [/usr/tce/packages/gcc/gcc-8.3.1/rh/usr/bin/../lib/gcc]
    arg [-L/usr/tce/packages/gcc/gcc-8.3.1/rh/usr/bin/../lib/gcc/ppc64le-redhat-linux/8/../../../../lib64] ==> dir [/usr/tce/packages/gcc/gcc-8.3.1/rh/usr/bin/../lib/gcc/ppc64le-redhat-linux/8/../../../../lib64]
    arg [-L/lib/../lib64] ==> dir [/lib/../lib64]
    arg [-L/usr/lib/../lib64] ==> dir [/usr/lib/../lib64]
    arg [-L/usr/tce/packages/gcc/gcc-8.3.1/rh/usr/bin/../lib/gcc/ppc64le-redhat-linux/8/../../..] ==> dir [/usr/tce/packages/gcc/gcc-8.3.1/rh/usr/bin/../lib/gcc/ppc64le-redhat-linux/8/../../..]
    arg [CMakeFiles/cmTC_a9409.dir/CMakeCCompilerABI.c.o] ==> ignore
    arg [-lgcc] ==> lib [gcc]
    arg [--as-needed] ==> ignore
    arg [-lgcc_s] ==> lib [gcc_s]
    arg [--no-as-needed] ==> ignore
    arg [-lc] ==> lib [c]
    arg [-lgcc] ==> lib [gcc]
    arg [--as-needed] ==> ignore
    arg [-lgcc_s] ==> lib [gcc_s]
    arg [--no-as-needed] ==> ignore
    arg [/usr/tce/packages/gcc/gcc-8.3.1/rh/usr/bin/../lib/gcc/ppc64le-redhat-linux/8/crtend.o] ==> ignore
    arg [/lib/../lib64/crtn.o] ==> ignore
  collapse library dir [/usr/tce/packages/gcc/gcc-8.3.1/rh/usr/bin/../lib/gcc/ppc64le-redhat-linux/8] ==> [/usr/tce/packages/gcc/gcc-8.3.1/rh/usr/lib/gcc/ppc64le-redhat-linux/8]
  collapse library dir [/usr/tce/packages/gcc/gcc-8.3.1/rh/usr/bin/../lib/gcc] ==> [/usr/tce/packages/gcc/gcc-8.3.1/rh/usr/lib/gcc]
  collapse library dir [/usr/tce/packages/gcc/gcc-8.3.1/rh/usr/bin/../lib/gcc/ppc64le-redhat-linux/8/../../../../lib64] ==> [/usr/tce/packages/gcc/gcc-8.3.1/rh/usr/lib64]
  collapse library dir [/lib/../lib64] ==> [/lib64]
  collapse library dir [/usr/lib/../lib64] ==> [/usr/lib64]
  collapse library dir [/usr/tce/packages/gcc/gcc-8.3.1/rh/usr/bin/../lib/gcc/ppc64le-redhat-linux/8/../../..] ==> [/usr/tce/packages/gcc/gcc-8.3.1/rh/usr/lib]
  implicit libs: [gcc;gcc_s;c;gcc;gcc_s]
  implicit dirs: [/usr/tce/packages/gcc/gcc-8.3.1/rh/usr/lib/gcc/ppc64le-redhat-linux/8;/usr/tce/packages/gcc/gcc-8.3.1/rh/usr/lib/gcc;/usr/tce/packages/gcc/gcc-8.3.1/rh/usr/lib64;/lib64;/usr/lib64;/usr/tce/packages/gcc/gcc-8.3.1/rh/usr/lib]
  implicit fwks: []




Detecting C [-std=c11] compiler features compiled with the following output:
Change Dir: /g/g16/barbeau2/GPU/MLC_PPM/examples/CMakeFiles/CMakeTmp

Run Build Command(s):/usr/tcetmp/bin/gmake cmTC_19979/fast 
/usr/tcetmp/bin/gmake -f CMakeFiles/cmTC_19979.dir/build.make CMakeFiles/cmTC_19979.dir/build
gmake[1]: Entering directory '/g/g16/barbeau2/GPU/MLC_PPM/examples/CMakeFiles/CMakeTmp'
Building C object CMakeFiles/cmTC_19979.dir/feature_tests.c.o
/usr/tce/packages/gcc/gcc-8.3.1/bin/cc   -std=c11 -o CMakeFiles/cmTC_19979.dir/feature_tests.c.o   -c /g/g16/barbeau2/GPU/MLC_PPM/examples/CMakeFiles/feature_tests.c
Linking C executable cmTC_19979
/usr/tce/packages/cmake/cmake-3.14.5/bin/cmake -E cmake_link_script CMakeFiles/cmTC_19979.dir/link.txt --verbose=1
/usr/tce/packages/gcc/gcc-8.3.1/bin/cc      CMakeFiles/cmTC_19979.dir/feature_tests.c.o  -o cmTC_19979 
gmake[1]: Leaving directory '/g/g16/barbeau2/GPU/MLC_PPM/examples/CMakeFiles/CMakeTmp'


    Feature record: C_FEATURE:1c_function_prototypes
    Feature record: C_FEATURE:1c_restrict
    Feature record: C_FEATURE:1c_static_assert
    Feature record: C_FEATURE:1c_variadic_macros


Detecting C [-std=c99] compiler features compiled with the following output:
Change Dir: /g/g16/barbeau2/GPU/MLC_PPM/examples/CMakeFiles/CMakeTmp

Run Build Command(s):/usr/tcetmp/bin/gmake cmTC_4e3cf/fast 
/usr/tcetmp/bin/gmake -f CMakeFiles/cmTC_4e3cf.dir/build.make CMakeFiles/cmTC_4e3cf.dir/build
gmake[1]: Entering directory '/g/g16/barbeau2/GPU/MLC_PPM/examples/CMakeFiles/CMakeTmp'
Building C object CMakeFiles/cmTC_4e3cf.dir/feature_tests.c.o
/usr/tce/packages/gcc/gcc-8.3.1/bin/cc   -std=c99 -o CMakeFiles/cmTC_4e3cf.dir/feature_tests.c.o   -c /g/g16/barbeau2/GPU/MLC_PPM/examples/CMakeFiles/feature_tests.c
Linking C executable cmTC_4e3cf
/usr/tce/packages/cmake/cmake-3.14.5/bin/cmake -E cmake_link_script CMakeFiles/cmTC_4e3cf.dir/link.txt --verbose=1
/usr/tce/packages/gcc/gcc-8.3.1/bin/cc      CMakeFiles/cmTC_4e3cf.dir/feature_tests.c.o  -o cmTC_4e3cf 
gmake[1]: Leaving directory '/g/g16/barbeau2/GPU/MLC_PPM/examples/CMakeFiles/CMakeTmp'


    Feature record: C_FEATURE:1c_function_prototypes
    Feature record: C_FEATURE:1c_restrict
    Feature record: C_FEATURE:0c_static_assert
    Feature record: C_FEATURE:1c_variadic_macros


Detecting C [-std=c90] compiler features compiled with the following output:
Change Dir: /g/g16/barbeau2/GPU/MLC_PPM/examples/CMakeFiles/CMakeTmp

Run Build Command(s):/usr/tcetmp/bin/gmake cmTC_01da9/fast 
/usr/tcetmp/bin/gmake -f CMakeFiles/cmTC_01da9.dir/build.make CMakeFiles/cmTC_01da9.dir/build
gmake[1]: Entering directory '/g/g16/barbeau2/GPU/MLC_PPM/examples/CMakeFiles/CMakeTmp'
Building C object CMakeFiles/cmTC_01da9.dir/feature_tests.c.o
/usr/tce/packages/gcc/gcc-8.3.1/bin/cc   -std=c90 -o CMakeFiles/cmTC_01da9.dir/feature_tests.c.o   -c /g/g16/barbeau2/GPU/MLC_PPM/examples/CMakeFiles/feature_tests.c
Linking C executable cmTC_01da9
/usr/tce/packages/cmake/cmake-3.14.5/bin/cmake -E cmake_link_script CMakeFiles/cmTC_01da9.dir/link.txt --verbose=1
/usr/tce/packages/gcc/gcc-8.3.1/bin/cc      CMakeFiles/cmTC_01da9.dir/feature_tests.c.o  -o cmTC_01da9 
gmake[1]: Leaving directory '/g/g16/barbeau2/GPU/MLC_PPM/examples/CMakeFiles/CMakeTmp'


    Feature record: C_FEATURE:1c_function_prototypes
    Feature record: C_FEATURE:0c_restrict
    Feature record: C_FEATURE:0c_static_assert
    Feature record: C_FEATURE:0c_variadic_macros
